Archive member included because of file (symbol)

.\CortexM0\ARM_GCC_493\Debug\EntranceGuard.a(cyfitter_cfg.o)
                              .\CortexM0\ARM_GCC_493\Debug\Cm0Start.o (cyfitter_cfg)
.\CortexM0\ARM_GCC_493\Debug\EntranceGuard.a(CyLib.o)
                              .\CortexM0\ARM_GCC_493\Debug\main.o (CySysGetResetReason)
.\CortexM0\ARM_GCC_493\Debug\EntranceGuard.a(cyPm.o)
                              .\CortexM0\ARM_GCC_493\Debug\main.o (CySysPmSleep)
.\CortexM0\ARM_GCC_493\Debug\EntranceGuard.a(CyLFClk.o)
                              .\CortexM0\ARM_GCC_493\Debug\EntranceGuard.a(cyfitter_cfg.o) (CySysClkWcoStart)
.\CortexM0\ARM_GCC_493\Debug\EntranceGuard.a(UART_433.o)
                              .\CortexM0\ARM_GCC_493\Debug\main.o (UART_433_Start)
.\CortexM0\ARM_GCC_493\Debug\EntranceGuard.a(UART_433_SPI_UART.o)
                              .\CortexM0\ARM_GCC_493\Debug\isr.o (UART_433_SpiUartGetRxBufferSize)
.\CortexM0\ARM_GCC_493\Debug\EntranceGuard.a(UART_433_UART.o)
                              .\CortexM0\ARM_GCC_493\Debug\EntranceGuard.a(UART_433.o) (UART_433_UartInit)
.\CortexM0\ARM_GCC_493\Debug\EntranceGuard.a(RTC.o)
                              .\CortexM0\ARM_GCC_493\Debug\card.o (RTC_GetUnixTime)
.\CortexM0\ARM_GCC_493\Debug\EntranceGuard.a(FM_NCS.o)
                              .\CortexM0\ARM_GCC_493\Debug\spi.o (FM_NCS_Write)
.\CortexM0\ARM_GCC_493\Debug\EntranceGuard.a(FM_SCK.o)
                              .\CortexM0\ARM_GCC_493\Debug\spi.o (FM_SCK_Write)
.\CortexM0\ARM_GCC_493\Debug\EntranceGuard.a(FM_MISO.o)
                              .\CortexM0\ARM_GCC_493\Debug\spi.o (FM_MISO_Read)
.\CortexM0\ARM_GCC_493\Debug\EntranceGuard.a(FM_MOSI.o)
                              .\CortexM0\ARM_GCC_493\Debug\spi.o (FM_MOSI_Write)
.\CortexM0\ARM_GCC_493\Debug\EntranceGuard.a(FM_RST.o)
                              .\CortexM0\ARM_GCC_493\Debug\fm175xx.o (FM_RST_Write)
.\CortexM0\ARM_GCC_493\Debug\EntranceGuard.a(FM_INT.o)
                              .\CortexM0\ARM_GCC_493\Debug\fm175xx.o (FM_INT_Read)
.\CortexM0\ARM_GCC_493\Debug\EntranceGuard.a(LED_RED.o)
                              .\CortexM0\ARM_GCC_493\Debug\main.o (LED_RED_Write)
.\CortexM0\ARM_GCC_493\Debug\EntranceGuard.a(LED_GREEN.o)
                              .\CortexM0\ARM_GCC_493\Debug\main.o (LED_GREEN_Write)
.\CortexM0\ARM_GCC_493\Debug\EntranceGuard.a(cmd433_INT_ISR.o)
                              .\CortexM0\ARM_GCC_493\Debug\main.o (cmd433_INT_ISR_StartEx)
.\CortexM0\ARM_GCC_493\Debug\EntranceGuard.a(Timer_INT_ISR.o)
                              .\CortexM0\ARM_GCC_493\Debug\main.o (Timer_INT_ISR_StartEx)
.\CortexM0\ARM_GCC_493\Debug\EntranceGuard.a(Timer_100ms.o)
                              .\CortexM0\ARM_GCC_493\Debug\isr.o (Timer_100ms_WriteCounter)
.\CortexM0\ARM_GCC_493\Debug\EntranceGuard.a(LED_BLUE.o)
                              .\CortexM0\ARM_GCC_493\Debug\main.o (LED_BLUE_Write)
.\CortexM0\ARM_GCC_493\Debug\EntranceGuard.a(GPRS_PWRKEY.o)
                              .\CortexM0\ARM_GCC_493\Debug\main.o (GPRS_PWRKEY_Write)
.\CortexM0\ARM_GCC_493\Debug\EntranceGuard.a(TIMER.o)
                              .\CortexM0\ARM_GCC_493\Debug\voice.o (TIMER_Stop)
.\CortexM0\ARM_GCC_493\Debug\EntranceGuard.a(DOOR_OPEN.o)
                              .\CortexM0\ARM_GCC_493\Debug\main.o (DOOR_OPEN_Write)
.\CortexM0\ARM_GCC_493\Debug\EntranceGuard.a(KEY_OPEN.o)
                              .\CortexM0\ARM_GCC_493\Debug\main.o (KEY_OPEN_Read)
.\CortexM0\ARM_GCC_493\Debug\EntranceGuard.a(FIRE_OPEN.o)
                              .\CortexM0\ARM_GCC_493\Debug\main.o (FIRE_OPEN_Read)
.\CortexM0\ARM_GCC_493\Debug\EntranceGuard.a(DEFEND_ALARM.o)
                              .\CortexM0\ARM_GCC_493\Debug\main.o (DEFEND_ALARM_Read)
.\CortexM0\ARM_GCC_493\Debug\EntranceGuard.a(GPRS_RESET.o)
                              .\CortexM0\ARM_GCC_493\Debug\main.o (GPRS_RESET_Write)
.\CortexM0\ARM_GCC_493\Debug\EntranceGuard.a(GPRS_STATE.o)
                              .\CortexM0\ARM_GCC_493\Debug\main.o (GPRS_STATE_Read)
.\CortexM0\ARM_GCC_493\Debug\EntranceGuard.a(FLASH_NCS.o)
                              .\CortexM0\ARM_GCC_493\Debug\flash_spi.o (FLASH_NCS_Write)
.\CortexM0\ARM_GCC_493\Debug\EntranceGuard.a(FLASH_SCK.o)
                              .\CortexM0\ARM_GCC_493\Debug\flash_spi.o (FLASH_SCK_Write)
.\CortexM0\ARM_GCC_493\Debug\EntranceGuard.a(FLASH_MISO.o)
                              .\CortexM0\ARM_GCC_493\Debug\flash_spi.o (FLASH_MISO_Read)
.\CortexM0\ARM_GCC_493\Debug\EntranceGuard.a(FLASH_MOSI.o)
                              .\CortexM0\ARM_GCC_493\Debug\flash_spi.o (FLASH_MOSI_Write)
.\CortexM0\ARM_GCC_493\Debug\EntranceGuard.a(UART_433_tx.o)
                              .\CortexM0\ARM_GCC_493\Debug\main.o (UART_433_tx_Write)
.\CortexM0\ARM_GCC_493\Debug\EntranceGuard.a(WDT_ISR.o)
                              .\CortexM0\ARM_GCC_493\Debug\main.o (WDT_ISR_StartEx)
[...]
Memory Configuration

Name             Origin             Length             Attributes
rom              0x00000000         0x00040000         xr
ram              0x20000000         0x00008000         xrw
*default*        0x00000000         0xffffffff

Linker script and memory map

LOAD c:/program files (x86)/cypress/psoc creator/4.0/psoc creator/import/gnu/arm/4.9.3/bin/../lib/gcc/arm-none-eabi/4.9.3/armv6-m/crti.o
LOAD c:/program files (x86)/cypress/psoc creator/4.0/psoc creator/import/gnu/arm/4.9.3/bin/../lib/gcc/arm-none-eabi/4.9.3/armv6-m/crtbegin.o
LOAD c:/program files (x86)/cypress/psoc creator/4.0/psoc creator/import/gnu/arm/4.9.3/bin/../lib/gcc/arm-none-eabi/4.9.3/../../../../arm-none-eabi/lib/armv6-m/crt0.o
START GROUP
LOAD .\CortexM0\ARM_GCC_493\Debug\aes.o
LOAD .\CortexM0\ARM_GCC_493\Debug\Aesecb.o
LOAD .\CortexM0\ARM_GCC_493\Debug\crypt.o
LOAD .\CortexM0\ARM_GCC_493\Debug\crc16check.o
LOAD .\CortexM0\ARM_GCC_493\Debug\utc.o
LOAD .\CortexM0\ARM_GCC_493\Debug\Bluetooth.o
LOAD .\CortexM0\ARM_GCC_493\Debug\mifare_card.o
LOAD .\CortexM0\ARM_GCC_493\Debug\NTAG.o
LOAD .\CortexM0\ARM_GCC_493\Debug\type_a.o
LOAD .\CortexM0\ARM_GCC_493\Debug\type_b.o
LOAD .\CortexM0\ARM_GCC_493\Debug\lpcd_api.o
LOAD .\CortexM0\ARM_GCC_493\Debug\lpcd_regctrl.o
LOAD .\CortexM0\ARM_GCC_493\Debug\spi.o
LOAD .\CortexM0\ARM_GCC_493\Debug\Utility.o
LOAD .\CortexM0\ARM_GCC_493\Debug\card.o
LOAD .\CortexM0\ARM_GCC_493\Debug\fm175xx.o
LOAD .\CortexM0\ARM_GCC_493\Debug\flash_spi.o
LOAD .\CortexM0\ARM_GCC_493\Debug\user_data.o
LOAD .\CortexM0\ARM_GCC_493\Debug\w25qxx.o
LOAD .\CortexM0\ARM_GCC_493\Debug\AtProtocol.o
LOAD .\CortexM0\ARM_GCC_493\Debug\Uart433.o
LOAD .\CortexM0\ARM_GCC_493\Debug\CmdProtocol.o
LOAD .\CortexM0\ARM_GCC_493\Debug\UserRTC.o
LOAD .\CortexM0\ARM_GCC_493\Debug\voice.o
LOAD .\CortexM0\ARM_GCC_493\Debug\UserWDT.o
LOAD .\CortexM0\ARM_GCC_493\Debug\main.o
LOAD .\CortexM0\ARM_GCC_493\Debug\debug.o
LOAD .\CortexM0\ARM_GCC_493\Debug\isr.o
LOAD .\CortexM0\ARM_GCC_493\Debug\OTAMandatory.o
LOAD .\CortexM0\ARM_GCC_493\Debug\OTAOptional.o
LOAD .\CortexM0\ARM_GCC_493\Debug\cymetadata.o
LOAD .\CortexM0\ARM_GCC_493\Debug\Cm0Start.o
LOAD .\CortexM0\ARM_GCC_493\Debug\cybootloader.o
LOAD .\CortexM0\ARM_GCC_493\Debug\EntranceGuard.a
LOAD C:\Program Files (x86)\Cypress\PSoC Creator\4.0\PSoC Creator\psoc\content\cycomponentlibrary\CyComponentLibrary.cylib\CortexM0\ARM_GCC_493\Debug\CyComponentLibrary.a
END GROUP
START GROUP
LOAD c:/program files (x86)/cypress/psoc creator/4.0/psoc creator/import/gnu/arm/4.9.3/bin/../lib/gcc/arm-none-eabi/4.9.3/armv6-m\libgcc.a
LOAD c:/program files (x86)/cypress/psoc creator/4.0/psoc creator/import/gnu/arm/4.9.3/bin/../lib/gcc/arm-none-eabi/4.9.3/../../../../arm-none-eabi/lib/armv6-m\libg_nano.a
LOAD c:/program files (x86)/cypress/psoc creator/4.0/psoc creator/import/gnu/arm/4.9.3/bin/../lib/gcc/arm-none-eabi/4.9.3/../../../../arm-none-eabi/lib/armv6-m\libc_nano.a
END GROUP
START GROUP
LOAD c:/program files (x86)/cypress/psoc creator/4.0/psoc creator/import/gnu/arm/4.9.3/bin/../lib/gcc/arm-none-eabi/4.9.3/armv6-m\libgcc.a
LOAD c:/program files (x86)/cypress/psoc creator/4.0/psoc creator/import/gnu/arm/4.9.3/bin/../lib/gcc/arm-none-eabi/4.9.3/../../../../arm-none-eabi/lib/armv6-m\libc_nano.a
END GROUP
LOAD c:/program files (x86)/cypress/psoc creator/4.0/psoc creator/import/gnu/arm/4.9.3/bin/../lib/gcc/arm-none-eabi/4.9.3/armv6-m/crtend.o
LOAD c:/program files (x86)/cypress/psoc creator/4.0/psoc creator/import/gnu/arm/4.9.3/bin/../lib/gcc/arm-none-eabi/4.9.3/armv6-m/crtn.o
START GROUP
LOAD c:/program files (x86)/cypress/psoc creator/4.0/psoc creator/import/gnu/arm/4.9.3/bin/../lib/gcc/arm-none-eabi/4.9.3/armv6-m\libgcc.a
LOAD c:/program files (x86)/cypress/psoc creator/4.0/psoc creator/import/gnu/arm/4.9.3/bin/../lib/gcc/arm-none-eabi/4.9.3/../../../../arm-none-eabi/lib/armv6-m\libc.a
LOAD c:/program files (x86)/cypress/psoc creator/4.0/psoc creator/import/gnu/arm/4.9.3/bin/../lib/gcc/arm-none-eabi/4.9.3/../../../../arm-none-eabi/lib/armv6-m\libnosys.a
END GROUP
                0x00000000                PROVIDE (CYDEV_BOOTLOADER_CHECKSUM_BASIC, 0x0)
                0x00000000                PROVIDE (CYDEV_BOOTLOADER_CHECKSUM_BASIC, 0x0)
                0x00000000                PROVIDE (CYDEV_BOOTLOADER_IO_COMP, 0x0)
                0x00000000                PROVIDE (CYDEV_BOOTLOADER_IO_COMP, 0x0)
                0x00000000                PROVIDE (CYDEV_BOOTLOADER_IO_COMP_CUSTOM_IO, 0x0)
                0x00000000                PROVIDE (CYDEV_BOOTLOADER_IO_COMP_CUSTOM_IO, 0x0)
                0x00000000                PROVIDE (CYFLD_TCPWM_COUNTER_ENABLED__OFFSET, 0x0)
                0x00000000                PROVIDE (CYFLD_TCPWM_COUNTER_ENABLED__OFFSET, 0x0)
                0x00000001                PROVIDE (Bootloader__cy_region_num, 0x1)
                0x00000001                PROVIDE (CYDEV_BOOTLOADER_APPLICATIONS, 0x1)
                0x00000001                PROVIDE (CYDEV_BOOTLOADER_APPLICATIONS, 0x1)
                0x00000001                PROVIDE (CYDEV_BOOTLOADER_CHECKSUM_CRC, 0x1)
                0x00000001                PROVIDE (CYDEV_BOOTLOADER_CHECKSUM_CRC, 0x1)
                0x00000001                PROVIDE (CYDEV_BOOTLOADER_ENABLE, 0x1)
                0x00000001                PROVIDE (CYDEV_BOOTLOADER_ENABLE, 0x1)
                0x00000001                PROVIDE (CYDEV_BOOTLOADER_IO_COMP_LAUNCHER_ONLY, 0x1)
                0x00000001                PROVIDE (CYDEV_BOOTLOADER_IO_COMP_LAUNCHER_ONLY, 0x1)
                0x00000001                PROVIDE (CYDEV_USE_BUNDLED_CMSIS, 0x1)
                0x00000001                PROVIDE (CYDEV_USE_BUNDLED_CMSIS, 0x1)
                0x00000001                PROVIDE (CYFLD_CTBM_ENABLED__SIZE, 0x1)
                0x00000001                PROVIDE (CYFLD_CTBM_ENABLED__SIZE, 0x1)
                0x00000001                PROVIDE (CYFLD_PASS_DSAB_ENABLED__SIZE, 0x1)
                0x00000001                PROVIDE (CYFLD_PASS_DSAB_ENABLED__SIZE, 0x1)
                0x00000001                PROVIDE (CYFLD_SAR_ENABLED__SIZE, 0x1)
                0x00000001                PROVIDE (CYFLD_SAR_ENABLED__SIZE, 0x1)
                0x00000001                PROVIDE (CYFLD_SCB_CTS_ENABLED__SIZE, 0x1)
                0x00000001                PROVIDE (CYFLD_SCB_CTS_ENABLED__SIZE, 0x1)
                0x00000001                PROVIDE (CYFLD_SCB_ENABLED__SIZE, 0x1)
                0x00000001                PROVIDE (CYFLD_SCB_ENABLED__SIZE, 0x1)
                0x00000001                PROVIDE (CYFLD_SCB_PARITY_ENABLED__SIZE, 0x1)
                0x00000001                PROVIDE (CYFLD_SCB_PARITY_ENABLED__SIZE, 0x1)
                0x00000002                PROVIDE (CYDEV_BOOTLOADER_IO_COMP_BLE, 0x2)
                0x00000002                PROVIDE (CYDEV_BOOTLOADER_IO_COMP_BLE, 0x2)
                0x00000004                PROVIDE (CYFLD_TCPWM_COUNTER_ENABLED__SIZE, 0x4)
                0x00000004                PROVIDE (CYFLD_TCPWM_COUNTER_ENABLED__SIZE, 0x4)
                0x00000005                PROVIDE (CYFLD_SCB_PARITY_ENABLED__OFFSET, 0x5)
                0x00000005                PROVIDE (CYFLD_SCB_PARITY_ENABLED__OFFSET, 0x5)
                0x00000019                PROVIDE (CYFLD_SCB_CTS_ENABLED__OFFSET, 0x19)
                0x00000019                PROVIDE (CYFLD_SCB_CTS_ENABLED__OFFSET, 0x19)
                0x0000001f                PROVIDE (CYFLD_CTBM_ENABLED__OFFSET, 0x1f)
                0x0000001f                PROVIDE (CYFLD_CTBM_ENABLED__OFFSET, 0x1f)
                0x0000001f                PROVIDE (CYFLD_PASS_DSAB_ENABLED__OFFSET, 0x1f)
                0x0000001f                PROVIDE (CYFLD_PASS_DSAB_ENABLED__OFFSET, 0x1f)
                0x0000001f                PROVIDE (CYFLD_SAR_ENABLED__OFFSET, 0x1f)
                0x0000001f                PROVIDE (CYFLD_SAR_ENABLED__OFFSET, 0x1f)
                0x0000001f                PROVIDE (CYFLD_SCB_ENABLED__OFFSET, 0x1f)
                0x0000001f                PROVIDE (CYFLD_SCB_ENABLED__OFFSET, 0x1f)
                0x00000be4                PROVIDE (Bootloader_LaunchBootloadable, 0xbe4)
                0x00000be8                PROVIDE (Bootloader_GetMetadata, 0xbe8)
                0x00000cec                PROVIDE (CyBle_ChangeAdLocalName, 0xcec)
                0x00000d64                PROVIDE (CyBle_Init, 0xd64)
                0x00000d88                PROVIDE (CyBle_ServiceInit, 0xd88)
                0x00000d90                PROVIDE (CyBle_Start, 0xd90)
                0x00000e2c                PROVIDE (CyBle_Stop, 0xe2c)
                0x00000e40                PROVIDE (CyBle_GappStartAdvertisement, 0xe40)
                0x00000ebc                PROVIDE (CyBle_GappStopAdvertisement, 0xebc)
                0x00000ed4                PROVIDE (CyBle_ChangeAdDeviceAddress, 0xed4)
                0x00000ed8                PROVIDE (CyBle_GapSetLocalName, 0xed8)
                0x00000f1c                PROVIDE (CyBle_GapGetLocalName, 0xf1c)
                0x00000f50                PROVIDE (CyBle_Get16ByPtr, 0xf50)
                0x00000f5a                PROVIDE (CyBle_Set16ByPtr, 0xf5a)
                0x00000f64                PROVIDE (CyBle_GattsWriteEventHandler, 0xf64)
                0x00000fb4                PROVIDE (CyBle_IsDeviceAddressValid, 0xfb4)
                0x00000fd4                PROVIDE (CyBle_EventHandler, 0xfd4)
                0x000011ec                PROVIDE (CyBle_CustomInit, 0x11ec)
                0x000011f0                PROVIDE (CyBle_BtsWriteEventHandler, 0x11f0)
                0x0000126c                PROVIDE (CyBle_BtssPrepareWriteRequestEventHandler, 0x126c)
                0x0000129c                PROVIDE (CyBle_BtssExecuteWriteRequestEventHandler, 0x129c)
                0x00001780                PROVIDE (CyBLE_Bless_LlRegWrite, 0x1780)
                0x00001784                PROVIDE (CyBLE_Bless_RfRegWrite, 0x1784)
                0x00001788                PROVIDE (CyBLE_BlessDeviceConfig, 0x1788)
                0x000018bc                PROVIDE (CyBle_HalInit, 0x18bc)
                0x000018d4                PROVIDE (CYBLE_BlessStart, 0x18d4)
                0x000018e4                PROVIDE (CyBLE_GetIpBlockVersion, 0x18e4)
                0x000018ec                PROVIDE (CyBle_Hal_pairing_local_public_key_handler, 0x18ec)
                0x000018f0                PROVIDE (CyBle_Hal_pairing_remote_key_handler, 0x18f0)
                0x000018f4                PROVIDE (CyBle_Hal_pairing_dhkey_handler, 0x18f4)
                0x000018f8                PROVIDE (CyBle_Hal_pairing_dhkey_check_handler, 0x18f8)
                0x000018fc                PROVIDE (CyBle_Hal_pairing_keypress_notification_handler, 0x18fc)
                0x00001900                PROVIDE (CyBle_Hal_pairing_rand_handler, 0x1900)
                0x00001904                PROVIDE (CyBle_Hal_pairing_confirm_handler, 0x1904)
                0x00001908                PROVIDE (CyBle_Hal_pairing_lr_confirming_handler, 0x1908)
                0x0000190c                PROVIDE (CyBle_Hal_pairing_sc_tbx_local_pubkey_generate_complete, 0x190c)
                0x00001910                PROVIDE (CyBle_Hal_pairing_sc_tbx_generate_local_P256_public_key, 0x1910)
                0x00001914                PROVIDE (CyBle_Hal_se_smp_sc_user_passkey_handler, 0x1914)
                0x00001918                PROVIDE (CyBle_Hal_EccPointMult, 0x1918)
                0x000019ac                PROVIDE (CyBLE_Bless_Interrupt, 0x19ac)
                0x00001cd8                PROVIDE (Bootloader__libc_init_array, 0x1cd8)
                0x00002c8c                PROVIDE (Bootloader_SizeBytes, 0x2c8c)
                0x00002c90                PROVIDE (Bootloader_Checksum, 0x2c90)
                0x00002c94                PROVIDE (CyBle_StackSetFeatureConfig, 0x2c94)
                0x00002d70                PROVIDE (CyBle_StackInit, 0x2d70)
                0x00002eb8                PROVIDE (CyBle_Shutdown, 0x2eb8)
                0x00002edc                PROVIDE (CyBle_SoftReset, 0x2edc)
                0x00002f14                PROVIDE (CyBle_EnterLPM, 0x2f14)
                0x00002f1c                PROVIDE (CyBle_ExitLPM, 0x2f1c)
                0x00002f24                PROVIDE (CyBle_ProcessEvents, 0x2f24)
                0x00002f2c                PROVIDE (CyBle_SetDeviceAddress, 0x2f2c)
                0x00002f50                PROVIDE (CyBle_GetDeviceAddress, 0x2f50)
                0x00002f58                PROVIDE (CyBle_GetRssi, 0x2f58)
                0x00002f7c                PROVIDE (CyBle_GetTxPowerLevel, 0x2f7c)
                0x00002fd0                PROVIDE (CyBle_SetTxPowerLevel, 0x2fd0)
                0x00003058                PROVIDE (CyBle_GetBleClockCfgParam, 0x3058)
                0x00003078                PROVIDE (CyBle_SetBleClockCfgParam, 0x3078)
                0x00003138                PROVIDE (CyBle_GenerateRandomNumber, 0x3138)
                0x00003154                PROVIDE (CyBle_SetCeLengthParam, 0x3154)
                0x000031f0                PROVIDE (CyBle_WriteAuthPayloadTimeout, 0x31f0)
                0x00003274                PROVIDE (CyBle_ReadAuthPayloadTimeout, 0x3274)
                0x000032d8                PROVIDE (CyBle_GetStackLibraryVersion, 0x32d8)
                0x000032f2                PROVIDE (CyBle_GetBleSsState, 0x32f2)
                0x00003302                PROVIDE (CyBle_AesEncrypt, 0x3302)
                0x00003360                PROVIDE (CyBle_AesCcmInit, 0x3360)
                0x000033d0                PROVIDE (CyBle_AesCcmEncrypt, 0x33d0)
                0x0000340a                PROVIDE (CyBle_AesCcmDecrypt, 0x340a)
                0x00003450                PROVIDE (CyBle_SetTxGainMode, 0x3450)
                0x00003488                PROVIDE (CyBle_SetRxGainMode, 0x3488)
                0x000034a8                PROVIDE (CyBle_GattGetMtuSize, 0x34a8)
                0x000034c0                PROVIDE (CyBle_GattsEnableAttribute, 0x34c0)
                0x0000351c                PROVIDE (CyBle_StartTimer, 0x351c)
                0x00003550                PROVIDE (CyBle_StopTimer, 0x3550)
                0x00003578                PROVIDE (CyBle_ControllerGetFeatureHeapReq, 0x3578)
                0x000035d0                PROVIDE (CyBle_StackGetFeatureConfig, 0x35d0)
                0x00003608                PROVIDE (CyBle_StackValidateInputParams, 0x3608)
                0x00003890                PROVIDE (CyBle_GetHeapMemory, 0x3890)
                0x000038b8                PROVIDE (CyBle_GetNumAppBufferPools, 0x38b8)
                0x000038c4                PROVIDE (CyBle_HostStackBufferPoolInit, 0x38c4)
                0x00003db4                PROVIDE (CyBle_CheckBleStackTaskStatus, 0x3db4)
                0x00003db8                PROVIDE (CyBle_CreateBleStackTask, 0x3db8)
                0x00003de4                PROVIDE (CyBle_SignalBleStackTask, 0x3de4)
                0x00003e34                PROVIDE (CyBle_StackTaskHandler, 0x3e34)
                0x00004624                PROVIDE (CyBle_EnterDsmMode, 0x4624)
                0x00004660                PROVIDE (CyBle_ExitDsmMode, 0x4660)
                0x0000468c                PROVIDE (CyBle_GetBleSsOperationalMode, 0x468c)
                0x00004698                PROVIDE (CyBle_GetEventCloseState, 0x4698)
                0x000046a8                PROVIDE (CyBle_GetLpMode, 0x46a8)
                0x000046d0                PROVIDE (CyBle_GetTxGainMode, 0x46d0)
                0x000046fc                PROVIDE (CyBle_SetAutoWakeUp, 0x46fc)
                0x00004708                PROVIDE (CyBle_SetBleSsOperationalMode, 0x4708)
                0x00004728                PROVIDE (CyBle_SetEventCloseState, 0x4728)
                0x00006cb0                PROVIDE (ll_handle_conn_failed_indication, 0x6cb0)
                0x0000a91c                PROVIDE (CyBle_BluetoothOnCmptCB, 0xa91c)
                0x0000a9d0                PROVIDE (CyBle_HostStackInit, 0xa9d0)
                0x0000aa0c                PROVIDE (CyBle_HostStackOff, 0xaa0c)
                0x0000aa1c                PROVIDE (CyBle_HostStackOn, 0xaa1c)
                0x0000aa60                PROVIDE (CyBle_SendEvToApp, 0xaa60)
                0x0000aa74                PROVIDE (CyBle_TimerExpiryHandler, 0xaa74)
                0x0000bb70                PROVIDE (CyBle_L2capCB, 0xbb70)
                0x0000bba4                PROVIDE (CyBle_L2capFreeBuffers, 0xbba4)
                0x0000bbd8                PROVIDE (CyBle_L2capInit, 0xbbd8)
                0x0000bd3c                PROVIDE (CyBle_L2capMemsetBuffers, 0xbd3c)
                0x0000bd90                PROVIDE (CyBle_L2capShutdown, 0xbd90)
                0x0000bd9c                PROVIDE (CyBle_L2capTxQueueFlowCb, 0xbd9c)
                0x0000d4c0                PROVIDE (CyBle_Dummy_GapHciEvent, 0xd4c0)
                0x0000d4c4                PROVIDE (CyBle_GapAdvTimerExpiryHandler, 0xd4c4)
                0x0000d4ec                PROVIDE (CyBle_GapCheckErrCode, 0xd4ec)
                0x0000d5c0                PROVIDE (CyBle_GapGetBondedDevicesList, 0xd5c0)
                0x0000d650                PROVIDE (CyBle_GapGetPeerConnHandle, 0xd650)
                0x0000d684                PROVIDE (CyBle_GapHciCommandCompleteEvent, 0xd684)
                0x0000d748                PROVIDE (CyBle_GapHciMetaEvent, 0xd748)
                0x0000d80c                PROVIDE (CyBle_GapInit, 0xd80c)
                0x0000d838                PROVIDE (CyBle_GapSetIdAddress, 0xd838)
                0x0000d860                PROVIDE (CyBle_GapSetIoCap, 0xd860)
                0x0000d89c                PROVIDE (CyBle_GapSetLeEventMask, 0xd89c)
                0x0000d8b4                PROVIDE (CyBle_GapSetScanRspData, 0xd8b4)
                0x0000d8dc                PROVIDE (CyBle_GapSignData, 0xd8dc)
                0x0000da2c                PROVIDE (CyBle_GapStartAdvertising, 0xda2c)
                0x0000da4c                PROVIDE (CyBle_GapUpdateBdAddress, 0xda4c)
                0x0000da80                PROVIDE (CyBle_GappAuthReqReply, 0xda80)
                0x0000db00                PROVIDE (CyBle_GappEnterDiscoveryMode, 0xdb00)
                0x0000dc64                PROVIDE (CyBle_GappExitDiscoveryMode, 0xdc64)
                0x0000dc8c                PROVIDE (CyBle_HciCb, 0xdc8c)
                0x0000dd18                PROVIDE (CyBle_SmpCb, 0xdd18)
                0x0000dee4                PROVIDE (CyBle_GattCB, 0xdee4)
                0x0000e580                PROVIDE (CyBle_GattDBGet16BitUUID, 0xe580)
                0x0000e5f0                PROVIDE (CyBle_GattInit, 0xe5f0)
                0x0000e610                PROVIDE (CyBle_GattResetGlobals, 0xe610)
                0x0000e62c                PROVIDE (CyBle_GattShutdown, 0xe62c)
                0x0000e634                PROVIDE (CyBle_SendPDU, 0xe634)
                0x0000e6c0                PROVIDE (CyBle_GattClientInit, 0xe6c0)
                0x0000e6c8                PROVIDE (CyBle_GattSendPrepWriteReq, 0xe6c8)
                0x0000e758                PROVIDE (CyBle_GattcResetGlobals, 0xe758)
                0x0000e7c4                PROVIDE (CyBle_GattcSendSignedWriteCmd, 0xe7c4)
                0x0000e804                PROVIDE (CyBle_HandleGattErrorRsp, 0xe804)
                0x0000e838                PROVIDE (CyBle_HandleGattExecWriteRsp, 0xe838)
                0x0000e858                PROVIDE (CyBle_HandleGattFindByTypeValRsp, 0xe858)
                0x0000e920                PROVIDE (CyBle_HandleGattFindInfoRsp, 0xe920)
                0x0000e9c0                PROVIDE (CyBle_HandleGattPrepWriteRsp, 0xe9c0)
                0x0000ea64                PROVIDE (CyBle_HandleGattReadBlobRsp, 0xea64)
                0x0000eac4                PROVIDE (CyBle_HandleGattReadByGrpTypeRsp, 0xeac4)
                0x0000eb54                PROVIDE (CyBle_HandleGattReadByTypeRsp, 0xeb54)
                0x0000ec58                PROVIDE (CyBle_SendGattReadByTypeRspToApp, 0xec58)
                0x0000ec74                PROVIDE (CyBle_GattEventMemFromApp, 0xec74)
                0x0000ec94                PROVIDE (CyBle_GattFreeWriteQueue, 0xec94)
                0x0000ecb8                PROVIDE (CyBle_GattGetRemainingLocalMtuSize, 0xecb8)
                0x0000ece8                PROVIDE (CyBle_GattPrepareWriteEnqueue, 0xece8)
                0x0000ed4c                PROVIDE (CyBle_GattServerInit, 0xed4c)
                0x0000ed74                PROVIDE (CyBle_GattServerShutdown, 0xed74)
                0x0000ed88                PROVIDE (CyBle_GattsErrorRsp, 0xed88)
                0x0000ed9c                PROVIDE (CyBle_GattsExchangeMtuRsp, 0xed9c)
                0x0000edbc                PROVIDE (CyBle_GattsGetPrepWriteMemFromApp, 0xedbc)
                0x0000ee04                PROVIDE (CyBle_GattsNotification, 0xee04)
                0x0000ee28                PROVIDE (CyBle_GattsPrepWriteReqSupport, 0xee28)
                0x0000ee38                PROVIDE (CyBle_GattsResetGlobals, 0xee38)
                0x0000ee54                PROVIDE (CyBle_GattsSendSignedWriteEvent, 0xee54)
                0x0000eec0                PROVIDE (CyBle_GattsWriteRsp, 0xeec0)
                0x0000eed0                PROVIDE (CyBle_HandleGattExecuteWriteReq, 0xeed0)
                0x0000ef98                PROVIDE (CyBle_HandleGattFindByTypeValReq, 0xef98)
                0x0000f014                PROVIDE (CyBle_HandleGattFindInfoReq, 0xf014)
                0x0000f0ac                PROVIDE (CyBle_HandleGattPrepWriteReq, 0xf0ac)
                0x0000f190                PROVIDE (CyBle_HandleGattReadByGrpTypeReq, 0xf190)
                0x0000f238                PROVIDE (CyBle_HandleGattReadByTypeReq, 0xf238)
                0x0000f31c                PROVIDE (CyBle_HandleGattReadMultiReq, 0xf31c)
                0x0000f3ec                PROVIDE (CyBle_HandleGattReadReq, 0xf3ec)
                0x0000f4a0                PROVIDE (CyBle_GattDBAccessHandle, 0xf4a0)
                0x0000f59c                PROVIDE (CyBle_GattDBGetGroupRangeValpair, 0xf59c)
                0x0000f734                PROVIDE (CyBle_GattDBGetHandleUUIDValuePair, 0xf734)
                0x0000f900                PROVIDE (CyBle_GattsDbRegister, 0xf900)
                0x0000f930                PROVIDE (CyBle_GattsWriteAttributeValue, 0xf930)
                0x00010ac8                PROVIDE (CyBle_SmpGetConfig, 0x10ac8)
                0x00010ad4                PROVIDE (CyBle_SmpSetConfig, 0x10ad4)
                0x00010dcc                PROVIDE (CyBle_SmpGetFeatureHeapReq, 0x10dcc)
                0x00010de8                PROVIDE (CyBle_SmpHeapInit, 0x10de8)
                0x00010e58                PROVIDE (CyBle_SmpIsDeviceSecureConnectionOnly, 0x10e58)
                0x000112aa                PROVIDE (CyBle_SmpScTbGetFeatureHeapReq, 0x112aa)
                0x000112b0                PROVIDE (CyBle_SmpScTbHeapInit, 0x112b0)
                0x00011b0c                PROVIDE (CyBle_EccGetFeatureHeapReq, 0x11b0c)
                0x00011b14                PROVIDE (CyBle_EccHeapInit, 0x11b14)
                0x00012dd0                PROVIDE (CyBle_GattDbCheckPermission, 0x12dd0)
                0x00012ed4                PROVIDE (CyBle_GattDbCompareCharValue, 0x12ed4)
                0x00012f18                PROVIDE (CyBle_GattDbFetchAttrType, 0x12f18)
                0x0001302c                PROVIDE (CyBle_GattDbFetchAttrValue, 0x1302c)
                0x000130c8                PROVIDE (CyBle_GattDbFindCharHandle, 0x130c8)
                0x00013158                PROVIDE (CyBle_GattDbFindLastGrpEntryInService, 0x13158)
                0x000131b4                PROVIDE (CyBle_GattDbFindNearestServiceHandle, 0x131b4)
                0x00013204                PROVIDE (CyBle_GattDbIsCharHandleValid, 0x13204)
                0x00013234                PROVIDE (CyBle_GattDbPackAttrUuidValue, 0x13234)
                0x000132ec                PROVIDE (CyBle_GattDbPackAttrValue, 0x132ec)
                0x000133a8                PROVIDE (CyBle_GattDbPackSerAttrUuidValue, 0x133a8)
                0x000134a8                PROVIDE (CyBle_IsAttrEnabled, 0x134a8)
                0x000139ac                PROVIDE (CyBle_Hal_pairing_dhkey_check_handler_wrapper, 0x139ac)
                0x000139c8                PROVIDE (CyBle_Hal_pairing_dhkey_handler_wrapper, 0x139c8)
                0x000139e4                PROVIDE (CyBle_Hal_pairing_keypress_notification_handler_wrapper, 0x139e4)
                0x00013a00                PROVIDE (CyBle_Hal_pairing_local_public_key_handler_wrapper, 0x13a00)
                0x00013a1c                PROVIDE (CyBle_Hal_pairing_remote_key_handler_wrapper, 0x13a1c)
                0x000146d0                PROVIDE (CyBle_BleSSInterruptHandler, 0x146d0)
                0x00014edc                PROVIDE (cyBle_gattDB, 0x14edc)
                0x00015080                PROVIDE (cyBle_attUuid128, 0x15080)
                0x000150d0                PROVIDE (cyBle_gatts, 0x150d0)
                0x000151c4                PROVIDE (Bootloader__cy_regions, 0x151c4)
                0x000151d4                PROVIDE (Bootloader__cy_regions_end, 0x151d4)
                0x200000d0                PROVIDE (cyBle_stackMemoryRam, 0x200000d0)
                0x20000cd0                PROVIDE (cyBle_discoveryData, 0x20000cd0)
                0x20000cf0                PROVIDE (cyBle_scanRspData, 0x20000cf0)
                0x20000d10                PROVIDE (cyBle_discoveryModeInfo, 0x20000d10)
                0x20000d24                PROVIDE (cyBle_sflashDeviceAddress, 0x20000d24)
                0x20000d28                PROVIDE (cyBle_deviceAddress, 0x20000d28)
                0x20000d30                PROVIDE (cyBle_discoveryParam, 0x20000d30)
                0x20000d40                PROVIDE (cyBle_attValuesLen, 0x20000d40)
                0x20000db8                PROVIDE (cyBle_attValues, 0x20000db8)
                0x20000e8c                PROVIDE (cyBle_authInfo, 0x20000e8c)
                0x20000ea4                PROVIDE (CyBle_StackState, 0x20000ea4)
                0x20001070                PROVIDE (CyBle_GattDbTotalEntries, 0x20001070)
                0x20001072                PROVIDE (CyBle_GattDbMaxValLength, 0x20001072)
                0x20001074                PROVIDE (CyBle_GattDbInternal, 0x20001074)
                0x20001218                PROVIDE (cyBle_initVar, 0x20001218)
                0x20001224                PROVIDE (cyBle_cmdLength, 0x20001224)
                0x20001226                PROVIDE (cyBle_cmdReceivedFlag, 0x20001226)
                0x20002320                PROVIDE (CyBle_ApplCallback, 0x20002320)
                0x20002324                PROVIDE (cyBle_attValuesCCCD, 0x20002324)
                0x2000233a                PROVIDE (cyBle_state, 0x2000233a)
                0x2000233b                PROVIDE (cyBle_busyStatus, 0x2000233b)
                0x2000233c                PROVIDE (cyBle_connHandle, 0x2000233c)
                0x2000233e                PROVIDE (cyBle_advertisingIntervalType, 0x2000233e)
                0x2000233f                PROVIDE (cyBle_eventHandlerFlag, 0x2000233f)
                0x20002340                PROVIDE (cyBle_btsBuffPtr, 0x20002340)
                0x00002348                BOOTLOADER_RAM_SIZE = 0x2348
                0x00020000                CY_APPL_ORIGIN = 0x20000
                0x00000100                CY_FLASH_ROW_SIZE = 0x100
                0x00000001                CY_APPL_NUM = 0x1
                0x00000001                CY_APPL_MAX = 0x1
                0x00000040                CY_METADATA_SIZE = 0x40
                0x00000001                CY_APPL_LOADABLE = 0x1
                0x00000000                CY_CHECKSUM_EXCLUDE_SIZE = ALIGN (0x0, CY_FLASH_ROW_SIZE)
                0x00000000                CY_APP_FOR_STACK_AND_COPIER = 0x0
                0x20003908                PROVIDE (__cy_heap_start, _end)
                0x00000001                PROVIDE (__cy_region_num, ((__cy_regions_end - __cy_regions) / 0x10))
                0x20008000                PROVIDE (__cy_stack, (ORIGIN (ram) + 0x8000))
                0x20007800                PROVIDE (__cy_heap_end, (__cy_stack - 0x800))

.cybootloader   0x00000000    0x16000
 *(.cybootloader)
 .cybootloader  0x00000000    0x16000 .\CortexM0\ARM_GCC_493\Debug\cybootloader.o
                0x00000000                cy_bootloader
                0x00020000                appl1_start = CY_APPL_ORIGIN?CY_APPL_ORIGIN:ALIGN (CY_FLASH_ROW_SIZE)
                0x0002ff00                appl2_start = (appl1_start + ALIGN ((((0x40000 - appl1_start) - (0x2 * CY_FLASH_ROW_SIZE)) / 0x2), CY_FLASH_ROW_SIZE))
                0x00020000                appl_start = (CY_APPL_NUM == 0x1)?appl1_start:appl2_start
                0x00000000                cy_project_type_bootloader = (appl_start == 0x0)?0x1:0x0
                0x00000000                cy_project_type_app_for_stack_and_copier = (CY_APP_FOR_STACK_AND_COPIER == 0x1)?0x1:0x0

.text           0x00020000     0x7130
 CREATE_OBJECT_SYMBOLS
                0x00020000                PROVIDE (__cy_interrupt_vector, RomVectors)
 *(.romvectors)
 .romvectors    0x00020000       0x10 .\CortexM0\ARM_GCC_493\Debug\Cm0Start.o
                0x00020000                RomVectors
                0x00000001                ASSERT ((. != __cy_interrupt_vector), No interrupt vector)
                0x00000001                ASSERT (CY_APPL_ORIGIN?(SIZEOF (.cybootloader) <= CY_APPL_ORIGIN):0x1, Wrong image location)
                0x00020010                PROVIDE (__cy_reset, Reset)
 *(.text.Reset)
 .text.Reset    0x00020010       0x10 .\CortexM0\ARM_GCC_493\Debug\Cm0Start.o
                0x00020010                Reset
                0x00000001                ASSERT ((. != __cy_reset), No reset code)
 *(.psocinit)
 .psocinit      0x00020020      0x280 .\CortexM0\ARM_GCC_493\Debug\EntranceGuard.a(cyfitter_cfg.o)
                0x00020020                cyfitter_cfg
                0x000202a0                . = MAX (., 0x100)
 *(.text .text.* .gnu.linkonce.t.*)
 .text          0x000202a0       0x60 c:/program files (x86)/cypress/psoc creator/4.0/psoc creator/import/gnu/arm/4.9.3/bin/../lib/gcc/arm-none-eabi/4.9.3/armv6-m/crtbegin.o
 .text.KeyExpansion
                0x00020300       0xa8 .\CortexM0\ARM_GCC_493\Debug\aes.o
 .text.AddRoundKey
                0x000203a8       0x34 .\CortexM0\ARM_GCC_493\Debug\aes.o
 .text.SubBytes
                0x000203dc       0x28 .\CortexM0\ARM_GCC_493\Debug\aes.o
 .text.ShiftRows
                0x00020404       0x3c .\CortexM0\ARM_GCC_493\Debug\aes.o
 .text.xtime    0x00020440        0xe .\CortexM0\ARM_GCC_493\Debug\aes.o
 *fill*         0x0002044e        0x2 
 .text.InvSubBytes
                0x00020450       0x2c .\CortexM0\ARM_GCC_493\Debug\aes.o
 .text.InvShiftRows
                0x0002047c       0x3c .\CortexM0\ARM_GCC_493\Debug\aes.o
 .text.AES128_ECB_encrypt
                0x000204b8       0xbc .\CortexM0\ARM_GCC_493\Debug\aes.o
                0x000204b8                AES128_ECB_encrypt
 .text.AES128_ECB_decrypt
                0x00020574      0x184 .\CortexM0\ARM_GCC_493\Debug\aes.o
                0x00020574                AES128_ECB_decrypt
 .text.bt_lock_crypto
                0x000206f8       0x38 .\CortexM0\ARM_GCC_493\Debug\Aesecb.o
                0x000206f8                bt_lock_crypto
 .text.do_crypt
                0x00020730        0xe .\CortexM0\ARM_GCC_493\Debug\crypt.o
                0x00020730                do_crypt
 *fill*         0x0002073e        0x2 
 .text.MyCrc16Check
                0x00020740       0x34 .\CortexM0\ARM_GCC_493\Debug\crc16check.o
                0x00020740                MyCrc16Check
 .text.BleSend  0x00020774       0x44 .\CortexM0\ARM_GCC_493\Debug\Bluetooth.o
                0x00020774                BleSend
 .text.BleRecv  0x000207b8       0x78 .\CortexM0\ARM_GCC_493\Debug\Bluetooth.o
                0x000207b8                BleRecv
 .text.Mifare_Auth
                0x00020830       0x70 .\CortexM0\ARM_GCC_493\Debug\mifare_card.o
                0x00020830                Mifare_Auth
 .text.Mifare_Blockread
                0x000208a0       0x40 .\CortexM0\ARM_GCC_493\Debug\mifare_card.o
                0x000208a0                Mifare_Blockread
 .text.Mifare_Blockwrite
                0x000208e0       0x70 .\CortexM0\ARM_GCC_493\Debug\mifare_card.o
                0x000208e0                Mifare_Blockwrite
 .text.TypeA_Request
                0x00020950       0x66 .\CortexM0\ARM_GCC_493\Debug\type_a.o
                0x00020950                TypeA_Request
 .text.TypeA_Save_UID
                0x000209b6       0x64 .\CortexM0\ARM_GCC_493\Debug\type_a.o
                0x000209b6                TypeA_Save_UID
 .text.TypeA_Set_BitFraming
                0x00020a1a       0xa8 .\CortexM0\ARM_GCC_493\Debug\type_a.o
                0x00020a1a                TypeA_Set_BitFraming
 .text.TypeA_Anticollision
                0x00020ac2      0x140 .\CortexM0\ARM_GCC_493\Debug\type_a.o
                0x00020ac2                TypeA_Anticollision
 .text.TypeA_Select
                0x00020c02       0x78 .\CortexM0\ARM_GCC_493\Debug\type_a.o
                0x00020c02                TypeA_Select
 .text.TypeA_Halt
                0x00020c7a       0x50 .\CortexM0\ARM_GCC_493\Debug\type_a.o
                0x00020c7a                TypeA_Halt
 .text.TypeA_CardActive
                0x00020cca       0xd0 .\CortexM0\ARM_GCC_493\Debug\type_a.o
                0x00020cca                TypeA_CardActive
 .text.TypeB_WUP
                0x00020d9a       0x3e .\CortexM0\ARM_GCC_493\Debug\type_b.o
                0x00020d9a                TypeB_WUP
 .text.TypeB_Select
                0x00020dd8       0x44 .\CortexM0\ARM_GCC_493\Debug\type_b.o
                0x00020dd8                TypeB_Select
 .text.TypeB_GetUID
                0x00020e1c       0x30 .\CortexM0\ARM_GCC_493\Debug\type_b.o
                0x00020e1c                TypeB_GetUID
 .text.SPI_Send_Dat
                0x00020e4c       0x4c .\CortexM0\ARM_GCC_493\Debug\spi.o
 .text.SPI_Receive_Dat
                0x00020e98       0x4c .\CortexM0\ARM_GCC_493\Debug\spi.o
 .text.SPI_Init
                0x00020ee4       0x16 .\CortexM0\ARM_GCC_493\Debug\spi.o
                0x00020ee4                SPI_Init
 .text.spi_SetReg
                0x00020efa       0x24 .\CortexM0\ARM_GCC_493\Debug\spi.o
                0x00020efa                spi_SetReg
 .text.spi_GetReg
                0x00020f1e       0x28 .\CortexM0\ARM_GCC_493\Debug\spi.o
                0x00020f1e                spi_GetReg
 *fill*         0x00020f46        0x2 
 .text.CardBlock_Wr
                0x00020f48       0x5c .\CortexM0\ARM_GCC_493\Debug\card.o
                0x00020f48                CardBlock_Wr
 .text.CardBlock_Rd
                0x00020fa4       0x54 .\CortexM0\ARM_GCC_493\Debug\card.o
                0x00020fa4                CardBlock_Rd
 .text.IsCardLegality
                0x00020ff8       0x64 .\CortexM0\ARM_GCC_493\Debug\card.o
                0x00020ff8                IsCardLegality
 .text.CardInfoUpdate
                0x0002105c       0xdc .\CortexM0\ARM_GCC_493\Debug\card.o
                0x0002105c                CardInfoUpdate
 .text.CardScan
                0x00021138       0x68 .\CortexM0\ARM_GCC_493\Debug\card.o
                0x00021138                CardScan
 .text.CardRead
                0x000211a0       0x5c .\CortexM0\ARM_GCC_493\Debug\card.o
                0x000211a0                CardRead
 .text.detect_nfc_card
                0x000211fc       0x22 .\CortexM0\ARM_GCC_493\Debug\card.o
                0x000211fc                detect_nfc_card
 .text.pcd_RST  0x0002121e       0x2c .\CortexM0\ARM_GCC_493\Debug\fm175xx.o
                0x0002121e                pcd_RST
 .text.Read_Reg
                0x0002124a        0x8 .\CortexM0\ARM_GCC_493\Debug\fm175xx.o
                0x0002124a                Read_Reg
 .text.Write_Reg
                0x00021252        0xa .\CortexM0\ARM_GCC_493\Debug\fm175xx.o
                0x00021252                Write_Reg
 .text.Set_BitMask
                0x0002125c       0x16 .\CortexM0\ARM_GCC_493\Debug\fm175xx.o
                0x0002125c                Set_BitMask
 .text.Clear_FIFO
                0x00021272       0x18 .\CortexM0\ARM_GCC_493\Debug\fm175xx.o
                0x00021272                Clear_FIFO
 .text.Clear_BitMask
                0x0002128a       0x18 .\CortexM0\ARM_GCC_493\Debug\fm175xx.o
                0x0002128a                Clear_BitMask
 .text.Set_Rf   0x000212a2       0x48 .\CortexM0\ARM_GCC_493\Debug\fm175xx.o
                0x000212a2                Set_Rf
 *fill*         0x000212ea        0x2 
 .text.Pcd_Comm
                0x000212ec      0x120 .\CortexM0\ARM_GCC_493\Debug\fm175xx.o
                0x000212ec                Pcd_Comm
 .text.Pcd_SetTimer
                0x0002140c       0x58 .\CortexM0\ARM_GCC_493\Debug\fm175xx.o
                0x0002140c                Pcd_SetTimer
 .text.Pcd_ConfigISOType
                0x00021464       0x8a .\CortexM0\ARM_GCC_493\Debug\fm175xx.o
                0x00021464                Pcd_ConfigISOType
 .text.FM175X_SoftReset
                0x000214ee       0x14 .\CortexM0\ARM_GCC_493\Debug\fm175xx.o
                0x000214ee                FM175X_SoftReset
 .text.FM175XX_Initial
                0x00021502       0x14 .\CortexM0\ARM_GCC_493\Debug\fm175xx.o
                0x00021502                FM175XX_Initial
 .text.nfc_init
                0x00021516       0x1e .\CortexM0\ARM_GCC_493\Debug\fm175xx.o
                0x00021516                nfc_init
 .text.nfc_detect_type_b
                0x00021534       0x62 .\CortexM0\ARM_GCC_493\Debug\fm175xx.o
                0x00021534                nfc_detect_type_b
 .text.FLASH_SPI_Send_Dat
                0x00021596       0x4c .\CortexM0\ARM_GCC_493\Debug\flash_spi.o
 .text.FLASH_SPI_Receive_Dat
                0x000215e2       0x4c .\CortexM0\ARM_GCC_493\Debug\flash_spi.o
 .text.FLASH_ReadWriteByte
                0x0002162e       0x14 .\CortexM0\ARM_GCC_493\Debug\flash_spi.o
                0x0002162e                FLASH_ReadWriteByte
 .text.user_find_free_id
                0x00021642       0x38 .\CortexM0\ARM_GCC_493\Debug\user_data.o
                0x00021642                user_find_free_id
 .text.user_set_valid_flag
                0x0002167a       0x12 .\CortexM0\ARM_GCC_493\Debug\user_data.o
                0x0002167a                user_set_valid_flag
 .text.user_clr_valid_flag
                0x0002168c       0x14 .\CortexM0\ARM_GCC_493\Debug\user_data.o
                0x0002168c                user_clr_valid_flag
 .text.user_add_info
                0x000216a0       0x18 .\CortexM0\ARM_GCC_493\Debug\user_data.o
                0x000216a0                user_add_info
 .text.user_del_info
                0x000216b8       0x26 .\CortexM0\ARM_GCC_493\Debug\user_data.o
                0x000216b8                user_del_info
 .text.user_get_info
                0x000216de       0x18 .\CortexM0\ARM_GCC_493\Debug\user_data.o
                0x000216de                user_get_info
 .text.user_get_card_uid
                0x000216f6       0x18 .\CortexM0\ARM_GCC_493\Debug\user_data.o
                0x000216f6                user_get_card_uid
 .text.user_get_user_id
                0x0002170e       0x4c .\CortexM0\ARM_GCC_493\Debug\user_data.o
                0x0002170e                user_get_user_id
 .text.user_get_valid_time
                0x0002175a       0x18 .\CortexM0\ARM_GCC_493\Debug\user_data.o
                0x0002175a                user_get_valid_time
 .text.add_user
                0x00021772       0x32 .\CortexM0\ARM_GCC_493\Debug\user_data.o
                0x00021772                add_user
 .text.chg_user
                0x000217a4       0x28 .\CortexM0\ARM_GCC_493\Debug\user_data.o
                0x000217a4                chg_user
 .text.del_user
                0x000217cc       0x30 .\CortexM0\ARM_GCC_493\Debug\user_data.o
                0x000217cc                del_user
 .text.clr_user
                0x000217fc       0x4c .\CortexM0\ARM_GCC_493\Debug\user_data.o
                0x000217fc                clr_user
 .text.UserData_Add_User
                0x00021848       0x46 .\CortexM0\ARM_GCC_493\Debug\user_data.o
                0x00021848                UserData_Add_User
 .text.UserData_DEL_User
                0x0002188e       0x2e .\CortexM0\ARM_GCC_493\Debug\user_data.o
                0x0002188e                UserData_DEL_User
 .text.UserData_CLR_User
                0x000218bc        0x8 .\CortexM0\ARM_GCC_493\Debug\user_data.o
                0x000218bc                UserData_CLR_User
 .text.UserData_Judge_If_Open
                0x000218c4       0x5e .\CortexM0\ARM_GCC_493\Debug\user_data.o
                0x000218c4                UserData_Judge_If_Open
 *fill*         0x00021922        0x2 
 .text.Write_Open_UploadFlag
                0x00021924       0x44 .\CortexM0\ARM_GCC_493\Debug\user_data.o
                0x00021924                Write_Open_UploadFlag
 .text.Write_Open_Type
                0x00021968       0x24 .\CortexM0\ARM_GCC_493\Debug\user_data.o
                0x00021968                Write_Open_Type
 .text.Read_Open_Type
                0x0002198c       0x28 .\CortexM0\ARM_GCC_493\Debug\user_data.o
                0x0002198c                Read_Open_Type
 .text.Write_Open_Qty
                0x000219b4       0x18 .\CortexM0\ARM_GCC_493\Debug\user_data.o
                0x000219b4                Write_Open_Qty
 .text.Read_Open_Qty
                0x000219cc       0x1a .\CortexM0\ARM_GCC_493\Debug\user_data.o
                0x000219cc                Read_Open_Qty
 *fill*         0x000219e6        0x2 
 .text.Write_OpenInfo
                0x000219e8       0x6c .\CortexM0\ARM_GCC_493\Debug\user_data.o
                0x000219e8                Write_OpenInfo
 .text.Read_OpenInfo
                0x00021a54       0x64 .\CortexM0\ARM_GCC_493\Debug\user_data.o
                0x00021a54                Read_OpenInfo
 .text.Find_Open_StartNum
                0x00021ab8       0x94 .\CortexM0\ARM_GCC_493\Debug\user_data.o
                0x00021ab8                Find_Open_StartNum
 .text.Find_Open_EndNum
                0x00021b4c       0x94 .\CortexM0\ARM_GCC_493\Debug\user_data.o
                0x00021b4c                Find_Open_EndNum
 .text.Find_Open_ValidQty
                0x00021be0       0x3c .\CortexM0\ARM_GCC_493\Debug\user_data.o
                0x00021be0                Find_Open_ValidQty
 .text.Get_Open_Info
                0x00021c1c       0x26 .\CortexM0\ARM_GCC_493\Debug\user_data.o
                0x00021c1c                Get_Open_Info
 *fill*         0x00021c42        0x2 
 .text.FindAndSet_UploadTime_UploadFlag
                0x00021c44      0x1f8 .\CortexM0\ARM_GCC_493\Debug\user_data.o
                0x00021c44                FindAndSet_UploadTime_UploadFlag
 .text.Write_CenterIpType
                0x00021e3c       0x18 .\CortexM0\ARM_GCC_493\Debug\user_data.o
                0x00021e3c                Write_CenterIpType
 .text.Read_CenterIpType
                0x00021e54       0x18 .\CortexM0\ARM_GCC_493\Debug\user_data.o
                0x00021e54                Read_CenterIpType
 .text.Write_UpdateInfo
                0x00021e6c       0x1c .\CortexM0\ARM_GCC_493\Debug\user_data.o
                0x00021e6c                Write_UpdateInfo
 .text.Clear_AllOPeninfo
                0x00021e88       0x98 .\CortexM0\ARM_GCC_493\Debug\user_data.o
                0x00021e88                Clear_AllOPeninfo
 .text.SPI2_Init
                0x00021f20       0x10 .\CortexM0\ARM_GCC_493\Debug\w25qxx.o
                0x00021f20                SPI2_Init
 .text.W25QXX_ReadSR
                0x00021f30       0x32 .\CortexM0\ARM_GCC_493\Debug\w25qxx.o
                0x00021f30                W25QXX_ReadSR
 .text.W25QXX_Write_Enable
                0x00021f62       0x18 .\CortexM0\ARM_GCC_493\Debug\w25qxx.o
                0x00021f62                W25QXX_Write_Enable
 .text.W25QXX_ReadID
                0x00021f7a       0x4a .\CortexM0\ARM_GCC_493\Debug\w25qxx.o
                0x00021f7a                W25QXX_ReadID
 .text.W25QXX_Init
                0x00021fc4       0x3c .\CortexM0\ARM_GCC_493\Debug\w25qxx.o
                0x00021fc4                W25QXX_Init
 .text.W25QXX_Read
                0x00022000       0x4e .\CortexM0\ARM_GCC_493\Debug\w25qxx.o
                0x00022000                W25QXX_Read
 .text.W25QXX_Wait_Idle
                0x0002204e        0xe .\CortexM0\ARM_GCC_493\Debug\w25qxx.o
                0x0002204e                W25QXX_Wait_Idle
 .text.W25QXX_Write_Page
                0x0002205c       0x58 .\CortexM0\ARM_GCC_493\Debug\w25qxx.o
                0x0002205c                W25QXX_Write_Page
 .text.W25QXX_Write_NoCheck
                0x000220b4       0x4a .\CortexM0\ARM_GCC_493\Debug\w25qxx.o
                0x000220b4                W25QXX_Write_NoCheck
 .text.W25QXX_Erase_Sector
                0x000220fe       0x42 .\CortexM0\ARM_GCC_493\Debug\w25qxx.o
                0x000220fe                W25QXX_Erase_Sector
 .text.W25QXX_Write
                0x00022140       0xd8 .\CortexM0\ARM_GCC_493\Debug\w25qxx.o
                0x00022140                W25QXX_Write
 .text.CyCharToHex
                0x00022218       0x26 .\CortexM0\ARM_GCC_493\Debug\AtProtocol.o
                0x00022218                CyCharToHex
 *fill*         0x0002223e        0x2 
 .text.GPRS_AT_ParaInit
                0x00022240       0x44 .\CortexM0\ARM_GCC_493\Debug\AtProtocol.o
                0x00022240                GPRS_AT_ParaInit
 .text.GPRS_Send_ConnectServer
                0x00022284       0x18 .\CortexM0\ARM_GCC_493\Debug\AtProtocol.o
                0x00022284                GPRS_Send_ConnectServer
 .text.GPRS_Send_LengthOfSendData
                0x0002229c       0x10 .\CortexM0\ARM_GCC_493\Debug\AtProtocol.o
                0x0002229c                GPRS_Send_LengthOfSendData
 .text.GPRS_AT_CheckAck
                0x000222ac       0x18 .\CortexM0\ARM_GCC_493\Debug\AtProtocol.o
                0x000222ac                GPRS_AT_CheckAck
 .text.GPRS_AT_SendAndCheckAck
                0x000222c4       0x4c .\CortexM0\ARM_GCC_493\Debug\AtProtocol.o
                0x000222c4                GPRS_AT_SendAndCheckAck
 .text.GPRS_WaitInitFinish
                0x00022310       0x48 .\CortexM0\ARM_GCC_493\Debug\AtProtocol.o
                0x00022310                GPRS_WaitInitFinish
 .text.GPRS_TestAndWaitCommonOK
                0x00022358       0x24 .\CortexM0\ARM_GCC_493\Debug\AtProtocol.o
                0x00022358                GPRS_TestAndWaitCommonOK
 .text.GPRS_QuerySimCard
                0x0002237c       0x2c .\CortexM0\ARM_GCC_493\Debug\AtProtocol.o
                0x0002237c                GPRS_QuerySimCard
 .text.GPRS_QueryCREG
                0x000223a8       0x48 .\CortexM0\ARM_GCC_493\Debug\AtProtocol.o
                0x000223a8                GPRS_QueryCREG
 .text.GPRS_QueryRssi
                0x000223f0       0x68 .\CortexM0\ARM_GCC_493\Debug\AtProtocol.o
                0x000223f0                GPRS_QueryRssi
 .text.GPRS_SetAPN
                0x00022458       0x2c .\CortexM0\ARM_GCC_493\Debug\AtProtocol.o
                0x00022458                GPRS_SetAPN
 .text.GPRS_SetActive
                0x00022484       0x28 .\CortexM0\ARM_GCC_493\Debug\AtProtocol.o
                0x00022484                GPRS_SetActive
 .text.GPRS_CheckConnectState
                0x000224ac       0x58 .\CortexM0\ARM_GCC_493\Debug\AtProtocol.o
                0x000224ac                GPRS_CheckConnectState
 .text.GPRS_ClosedConnect
                0x00022504       0x6c .\CortexM0\ARM_GCC_493\Debug\AtProtocol.o
                0x00022504                GPRS_ClosedConnect
 .text.GPRS_SetConnectMode
                0x00022570       0x2c .\CortexM0\ARM_GCC_493\Debug\AtProtocol.o
                0x00022570                GPRS_SetConnectMode
 .text.GPRS_OpenNetworkLED
                0x0002259c       0x2c .\CortexM0\ARM_GCC_493\Debug\AtProtocol.o
                0x0002259c                GPRS_OpenNetworkLED
 .text.GPRS_ConnectCenterServer
                0x000225c8       0x8c .\CortexM0\ARM_GCC_493\Debug\AtProtocol.o
                0x000225c8                GPRS_ConnectCenterServer
 .text.GPRS_ConnectPreServer
                0x00022654       0x6c .\CortexM0\ARM_GCC_493\Debug\AtProtocol.o
                0x00022654                GPRS_ConnectPreServer
 .text.GPRS_ConnectUpdateServer
                0x000226c0       0x6c .\CortexM0\ARM_GCC_493\Debug\AtProtocol.o
                0x000226c0                GPRS_ConnectUpdateServer
 .text.GPRS_SendHexDataToServer
                0x0002272c       0xc8 .\CortexM0\ARM_GCC_493\Debug\AtProtocol.o
                0x0002272c                GPRS_SendHexDataToServer
 .text.GPRS_CheckIfRecvClosed
                0x000227f4       0x30 .\CortexM0\ARM_GCC_493\Debug\AtProtocol.o
                0x000227f4                GPRS_CheckIfRecvClosed
 .text.Uart433Send
                0x00022824       0x16 .\CortexM0\ARM_GCC_493\Debug\Uart433.o
                0x00022824                Uart433Send
 *fill*         0x0002283a        0x2 
 .text.Uart433Recv
                0x0002283c      0x1dc .\CortexM0\ARM_GCC_493\Debug\Uart433.o
                0x0002283c                Uart433Recv
 .text.Protocol_CmdGetPreSever
                0x00022a18       0xac .\CortexM0\ARM_GCC_493\Debug\CmdProtocol.o
 .text.Protocol_CmdSendOpenInfo
                0x00022ac4       0x38 .\CortexM0\ARM_GCC_493\Debug\CmdProtocol.o
 .text.Protocol_CmdTimeCheck
                0x00022afc       0x24 .\CortexM0\ARM_GCC_493\Debug\CmdProtocol.o
 .text.Protocol_CmdPluse
                0x00022b20       0x54 .\CortexM0\ARM_GCC_493\Debug\CmdProtocol.o
 .text.Protocol_CmdManufac
                0x00022b74       0x6c .\CortexM0\ARM_GCC_493\Debug\CmdProtocol.o
 .text.Endpoint_exchange
                0x00022be0       0x5c .\CortexM0\ARM_GCC_493\Debug\CmdProtocol.o
                0x00022be0                Endpoint_exchange
 .text.Cmd_Protocol_ParaInit
                0x00022c3c       0x68 .\CortexM0\ARM_GCC_493\Debug\CmdProtocol.o
                0x00022c3c                Cmd_Protocol_ParaInit
 .text.send_get_pre_service_ip
                0x00022ca4       0x74 .\CortexM0\ARM_GCC_493\Debug\CmdProtocol.o
                0x00022ca4                send_get_pre_service_ip
 .text.send_send_mac_and_get_blekey
                0x00022d18       0x84 .\CortexM0\ARM_GCC_493\Debug\CmdProtocol.o
                0x00022d18                send_send_mac_and_get_blekey
 .text.send_upload_open_info
                0x00022d9c      0x100 .\CortexM0\ARM_GCC_493\Debug\CmdProtocol.o
                0x00022d9c                send_upload_open_info
 .text.send_heartbeat
                0x00022e9c       0x78 .\CortexM0\ARM_GCC_493\Debug\CmdProtocol.o
                0x00022e9c                send_heartbeat
 .text.send_alarm_info
                0x00022f14       0x98 .\CortexM0\ARM_GCC_493\Debug\CmdProtocol.o
                0x00022f14                send_alarm_info
 .text.send_update_req
                0x00022fac       0x8c .\CortexM0\ARM_GCC_493\Debug\CmdProtocol.o
                0x00022fac                send_update_req
 .text.Protocol_CmdRemoteDownload
                0x00023038      0x11c .\CortexM0\ARM_GCC_493\Debug\CmdProtocol.o
 .text.Protocol_SendAckPacket
                0x00023154       0xb4 .\CortexM0\ARM_GCC_493\Debug\CmdProtocol.o
                0x00023154                Protocol_SendAckPacket
 .text.Protocol_CmdReadUID
                0x00023208       0xdc .\CortexM0\ARM_GCC_493\Debug\CmdProtocol.o
 .text.Protocol_CmdWriteUID
                0x000232e4       0xbc .\CortexM0\ARM_GCC_493\Debug\CmdProtocol.o
 .text.Protocol_CmdDelUID
                0x000233a0       0x9e .\CortexM0\ARM_GCC_493\Debug\CmdProtocol.o
 *fill*         0x0002343e        0x2 
 .text.Protocol_CmdOpenDoor
                0x00023440      0x178 .\CortexM0\ARM_GCC_493\Debug\CmdProtocol.o
 .text.Protocol_CmdClearUID
                0x000235b8       0x4e .\CortexM0\ARM_GCC_493\Debug\CmdProtocol.o
 *fill*         0x00023606        0x2 
 .text.Protocol_CmdReadInfo
                0x00023608      0x1a8 .\CortexM0\ARM_GCC_493\Debug\CmdProtocol.o
 .text.Protocol_CmdRemoteUpdate
                0x000237b0      0x100 .\CortexM0\ARM_GCC_493\Debug\CmdProtocol.o
 .text.Protocol_CmdRemoteRestart
                0x000238b0       0x58 .\CortexM0\ARM_GCC_493\Debug\CmdProtocol.o
 .text.Protocol_CmdChangeIP
                0x00023908       0xb8 .\CortexM0\ARM_GCC_493\Debug\CmdProtocol.o
 .text.Protocol_CmdParse
                0x000239c0      0x170 .\CortexM0\ARM_GCC_493\Debug\CmdProtocol.o
                0x000239c0                Protocol_CmdParse
 .text.Protocol_CmdParse_BLE
                0x00023b30      0x1cc .\CortexM0\ARM_GCC_493\Debug\CmdProtocol.o
                0x00023b30                Protocol_CmdParse_BLE
 .text.SetSysRTCTime
                0x00023cfc       0x28 .\CortexM0\ARM_GCC_493\Debug\UserRTC.o
                0x00023cfc                SetSysRTCTime
 .text.BeepPlay_WaitTime
                0x00023d24       0x14 .\CortexM0\ARM_GCC_493\Debug\voice.o
                0x00023d24                BeepPlay_WaitTime
 .text.BeepPlay_Delay
                0x00023d38       0x1c .\CortexM0\ARM_GCC_493\Debug\voice.o
                0x00023d38                BeepPlay_Delay
 .text.play_single
                0x00023d54       0x4a .\CortexM0\ARM_GCC_493\Debug\voice.o
                0x00023d54                play_single
 .text.System_ShortDI_Play
                0x00023d9e        0xe .\CortexM0\ARM_GCC_493\Debug\voice.o
                0x00023d9e                System_ShortDI_Play
 .text.System_LongDI_Play
                0x00023dac       0x10 .\CortexM0\ARM_GCC_493\Debug\voice.o
                0x00023dac                System_LongDI_Play
 .text.System_PowerOn_Play
                0x00023dbc       0x64 .\CortexM0\ARM_GCC_493\Debug\voice.o
                0x00023dbc                System_PowerOn_Play
 .text.System_PowerOn_Play_TestSer
                0x00023e20       0x34 .\CortexM0\ARM_GCC_493\Debug\voice.o
                0x00023e20                System_PowerOn_Play_TestSer
 .text.Comm_Succes_play
                0x00023e54       0x10 .\CortexM0\ARM_GCC_493\Debug\voice.o
                0x00023e54                Comm_Succes_play
 .text.Timeout_play
                0x00023e64       0x3a .\CortexM0\ARM_GCC_493\Debug\voice.o
                0x00023e64                Timeout_play
 .text.OpenDoor
                0x00023e9e       0x1e .\CortexM0\ARM_GCC_493\Debug\voice.o
                0x00023e9e                OpenDoor
 .text.System_PutCard_play
                0x00023ebc        0xe .\CortexM0\ARM_GCC_493\Debug\voice.o
                0x00023ebc                System_PutCard_play
 .text.System_ReadCard_play
                0x00023eca       0x1e .\CortexM0\ARM_GCC_493\Debug\voice.o
                0x00023eca                System_ReadCard_play
 .text.Beep_Play
                0x00023ee8       0x72 .\CortexM0\ARM_GCC_493\Debug\voice.o
                0x00023ee8                Beep_Play
 .text.VoicePlay
                0x00023f5a        0x8 .\CortexM0\ARM_GCC_493\Debug\voice.o
                0x00023f5a                VoicePlay
 *fill*         0x00023f62        0x2 
 .text.WDT_Start
                0x00023f64       0x48 .\CortexM0\ARM_GCC_493\Debug\UserWDT.o
                0x00023f64                WDT_Start
 .text.WDT_FeedDog
                0x00023fac        0xa .\CortexM0\ARM_GCC_493\Debug\UserWDT.o
                0x00023fac                WDT_FeedDog
 *fill*         0x00023fb6        0x2 
 .text.AppCallback
                0x00023fb8       0x74 .\CortexM0\ARM_GCC_493\Debug\main.o
                0x00023fb8                AppCallback
 .text.Led_AllOff
                0x0002402c       0x16 .\CortexM0\ARM_GCC_493\Debug\main.o
                0x0002402c                Led_AllOff
 .text.Led_RedON
                0x00024042        0xe .\CortexM0\ARM_GCC_493\Debug\main.o
                0x00024042                Led_RedON
 .text.Led_GreenON
                0x00024050        0xe .\CortexM0\ARM_GCC_493\Debug\main.o
                0x00024050                Led_GreenON
 .text.Led_BlueON
                0x0002405e        0xe .\CortexM0\ARM_GCC_493\Debug\main.o
                0x0002405e                Led_BlueON
 .text.Led_SetState
                0x0002406c       0x2a .\CortexM0\ARM_GCC_493\Debug\main.o
                0x0002406c                Led_SetState
 .text.DoorOpen
                0x00024096        0xa .\CortexM0\ARM_GCC_493\Debug\main.o
                0x00024096                DoorOpen
 .text.DoorClose
                0x000240a0        0xa .\CortexM0\ARM_GCC_493\Debug\main.o
                0x000240a0                DoorClose
 *fill*         0x000240aa        0x2 
 .text.WaitTimeOut
                0x000240ac       0x14 .\CortexM0\ARM_GCC_493\Debug\main.o
                0x000240ac                WaitTimeOut
 .text.CardCheckTimeOut
                0x000240c0       0x1c .\CortexM0\ARM_GCC_493\Debug\main.o
                0x000240c0                CardCheckTimeOut
 .text.RecvTimeOut
                0x000240dc       0x14 .\CortexM0\ARM_GCC_493\Debug\main.o
                0x000240dc                RecvTimeOut
 .text.UpdateTimeOut
                0x000240f0       0x14 .\CortexM0\ARM_GCC_493\Debug\main.o
                0x000240f0                UpdateTimeOut
 .text.Reboot_Check
                0x00024104       0x24 .\CortexM0\ARM_GCC_493\Debug\main.o
                0x00024104                Reboot_Check
 .text.Updatealarm_check
                0x00024128       0x68 .\CortexM0\ARM_GCC_493\Debug\main.o
                0x00024128                Updatealarm_check
 .text.CARD_Tick
                0x00024190      0x120 .\CortexM0\ARM_GCC_493\Debug\main.o
                0x00024190                CARD_Tick
 .text.ble_heartbeat
                0x000242b0       0x50 .\CortexM0\ARM_GCC_493\Debug\main.o
                0x000242b0                ble_heartbeat
 .text.delay_with_ble
                0x00024300       0x20 .\CortexM0\ARM_GCC_493\Debug\main.o
                0x00024300                delay_with_ble
 .text.GPRS_SetON
                0x00024320       0x3a .\CortexM0\ARM_GCC_493\Debug\main.o
                0x00024320                GPRS_SetON
 *fill*         0x0002435a        0x2 
 .text.GPRSPowerOn_0321
                0x0002435c       0x74 .\CortexM0\ARM_GCC_493\Debug\main.o
                0x0002435c                GPRSPowerOn_0321
 .text.GPRSPowerDown
                0x000243d0       0x3c .\CortexM0\ARM_GCC_493\Debug\main.o
                0x000243d0                GPRSPowerDown
 .text.GPRS_Tick
                0x0002440c      0x314 .\CortexM0\ARM_GCC_493\Debug\main.o
                0x0002440c                GPRS_Tick
 .text.BLE_Tick
                0x00024720       0x28 .\CortexM0\ARM_GCC_493\Debug\main.o
                0x00024720                BLE_Tick
 .text.KeyOpen_Tick
                0x00024748       0xb4 .\CortexM0\ARM_GCC_493\Debug\main.o
                0x00024748                KeyOpen_Tick
 .text.FireOpen_Tick
                0x000247fc       0xa4 .\CortexM0\ARM_GCC_493\Debug\main.o
                0x000247fc                FireOpen_Tick
 .text.Set_DeviceMacAndName
                0x000248a0       0x74 .\CortexM0\ARM_GCC_493\Debug\main.o
                0x000248a0                Set_DeviceMacAndName
 .text.mac_conver_name
                0x00024914       0xac .\CortexM0\ARM_GCC_493\Debug\main.o
                0x00024914                mac_conver_name
 .text.startup.main
                0x000249c0      0x11c .\CortexM0\ARM_GCC_493\Debug\main.o
                0x000249c0                main
 .text._write   0x00024adc       0x1c .\CortexM0\ARM_GCC_493\Debug\debug.o
                0x00024adc                _write
 .text.WDT_Interrupt
                0x00024af8       0x1c .\CortexM0\ARM_GCC_493\Debug\isr.o
                0x00024af8                WDT_Interrupt
 .text.Timer_InterruptHandler
                0x00024b14       0x26 .\CortexM0\ARM_GCC_493\Debug\isr.o
                0x00024b14                Timer_InterruptHandler
 *fill*         0x00024b3a        0x2 
 .text.RX_IRQ_INTERRUPT
                0x00024b3c       0x24 .\CortexM0\ARM_GCC_493\Debug\isr.o
                0x00024b3c                RX_IRQ_INTERRUPT
 .text.Bootloader_Start_c
                0x00024b60       0x44 .\CortexM0\ARM_GCC_493\Debug\OTAMandatory.o
                0x00024b60                Bootloader_Start_c
 .text.InitializeBootloaderSRAM
                0x00024ba4        0x8 .\CortexM0\ARM_GCC_493\Debug\OTAMandatory.o
                0x00024ba4                InitializeBootloaderSRAM
 .text.IntDefaultHandler
                0x00024bac       0x10 .\CortexM0\ARM_GCC_493\Debug\Cm0Start.o
                0x00024bac                IntDefaultHandler
 .text._sbrk    0x00024bbc       0x30 .\CortexM0\ARM_GCC_493\Debug\Cm0Start.o
                0x00024bbc                _sbrk
 .text.Start_c  0x00024bec       0x4c .\CortexM0\ARM_GCC_493\Debug\Cm0Start.o
                0x00024bec                Start_c
 .text.startup.initialize_psoc
                0x00024c38       0x5c .\CortexM0\ARM_GCC_493\Debug\Cm0Start.o
                0x00024c38                initialize_psoc
 .text.CySysGetResetReason
                0x00024c94       0x14 .\CortexM0\ARM_GCC_493\Debug\EntranceGuard.a(CyLib.o)
                0x00024c94                CySysGetResetReason
 .text.CyHalt   0x00024ca8        0x4 .\CortexM0\ARM_GCC_493\Debug\EntranceGuard.a(CyLib.o)
                0x00024ca8                CyHalt
 .text.CySoftwareReset
                0x00024cac       0x18 .\CortexM0\ARM_GCC_493\Debug\EntranceGuard.a(CyLib.o)
                0x00024cac                CySoftwareReset
 .text.CyDelay  0x00024cc4       0x2c .\CortexM0\ARM_GCC_493\Debug\EntranceGuard.a(CyLib.o)
                0x00024cc4                CyDelay
 .text.CyDelayUs
                0x00024cf0       0x14 .\CortexM0\ARM_GCC_493\Debug\EntranceGuard.a(CyLib.o)
                0x00024cf0                CyDelayUs
 .text.CySysClkWriteImoFreq
                0x00024d04      0x128 .\CortexM0\ARM_GCC_493\Debug\EntranceGuard.a(CyLib.o)
                0x00024d04                CySysClkWriteImoFreq
 .text.CySysClkEcoStart
                0x00024e2c       0x54 .\CortexM0\ARM_GCC_493\Debug\EntranceGuard.a(CyLib.o)
                0x00024e2c                CySysClkEcoStart
 .text.CySysClkWcoSetHighPowerMode
                0x00024e80       0x34 .\CortexM0\ARM_GCC_493\Debug\EntranceGuard.a(CyLFClk.o)
 .text.CySysClkWcoStart
                0x00024eb4       0x18 .\CortexM0\ARM_GCC_493\Debug\EntranceGuard.a(CyLFClk.o)
                0x00024eb4                CySysClkWcoStart
 .text.CySysClkWcoSetPowerMode
                0x00024ecc       0x54 .\CortexM0\ARM_GCC_493\Debug\EntranceGuard.a(CyLFClk.o)
                0x00024ecc                CySysClkWcoSetPowerMode
 .text.CySysWdtLock
                0x00024f20       0x1c .\CortexM0\ARM_GCC_493\Debug\EntranceGuard.a(CyLFClk.o)
                0x00024f20                CySysWdtLock
 .text.CySysWdtUnlock
                0x00024f3c       0x30 .\CortexM0\ARM_GCC_493\Debug\EntranceGuard.a(CyLFClk.o)
                0x00024f3c                CySysWdtUnlock
 .text.CySysWdtGetEnabledStatus
                0x00024f6c       0x24 .\CortexM0\ARM_GCC_493\Debug\EntranceGuard.a(CyLFClk.o)
                0x00024f6c                CySysWdtGetEnabledStatus
 .text.CySysWdtSetMode
                0x00024f90       0x38 .\CortexM0\ARM_GCC_493\Debug\EntranceGuard.a(CyLFClk.o)
                0x00024f90                CySysWdtSetMode
 .text.CySysWdtGetMode
                0x00024fc8       0x14 .\CortexM0\ARM_GCC_493\Debug\EntranceGuard.a(CyLFClk.o)
                0x00024fc8                CySysWdtGetMode
 .text.CySysWdtSetClearOnMatch
                0x00024fdc       0x38 .\CortexM0\ARM_GCC_493\Debug\EntranceGuard.a(CyLFClk.o)
                0x00024fdc                CySysWdtSetClearOnMatch
 .text.CySysWdtEnable
                0x00025014       0x2c .\CortexM0\ARM_GCC_493\Debug\EntranceGuard.a(CyLFClk.o)
                0x00025014                CySysWdtEnable
 .text.CySysWdtSetCascade
                0x00025040       0x34 .\CortexM0\ARM_GCC_493\Debug\EntranceGuard.a(CyLFClk.o)
                0x00025040                CySysWdtSetCascade
 .text.CySysWdtSetMatch
                0x00025074       0x50 .\CortexM0\ARM_GCC_493\Debug\EntranceGuard.a(CyLFClk.o)
                0x00025074                CySysWdtSetMatch
 .text.CySysWdtGetInterruptSource
                0x000250c4       0x14 .\CortexM0\ARM_GCC_493\Debug\EntranceGuard.a(CyLFClk.o)
                0x000250c4                CySysWdtGetInterruptSource
 .text.CySysWdtClearInterrupt
                0x000250d8       0x54 .\CortexM0\ARM_GCC_493\Debug\EntranceGuard.a(CyLFClk.o)
                0x000250d8                CySysWdtClearInterrupt
 .text.CySysWdtResetCounters
                0x0002512c       0x1c .\CortexM0\ARM_GCC_493\Debug\EntranceGuard.a(CyLFClk.o)
                0x0002512c                CySysWdtResetCounters
 .text.CySysWatchdogFeed
                0x00025148       0x4e .\CortexM0\ARM_GCC_493\Debug\EntranceGuard.a(CyLFClk.o)
                0x00025148                CySysWatchdogFeed
 *fill*         0x00025196        0x2 
 .text.UART_433_Enable
                0x00025198       0x18 .\CortexM0\ARM_GCC_493\Debug\EntranceGuard.a(UART_433.o)
                0x00025198                UART_433_Enable
 .text.UART_433_Start
                0x000251b0       0x1c .\CortexM0\ARM_GCC_493\Debug\EntranceGuard.a(UART_433.o)
                0x000251b0                UART_433_Start
 .text.UART_433_SpiUartGetRxBufferSize
                0x000251cc       0x10 .\CortexM0\ARM_GCC_493\Debug\EntranceGuard.a(UART_433_SPI_UART.o)
                0x000251cc                UART_433_SpiUartGetRxBufferSize
 .text.UART_433_SpiUartWriteTxData
                0x000251dc       0x1c .\CortexM0\ARM_GCC_493\Debug\EntranceGuard.a(UART_433_SPI_UART.o)
                0x000251dc                UART_433_SpiUartWriteTxData
 .text.UART_433_UartInit
                0x000251f8       0xa4 .\CortexM0\ARM_GCC_493\Debug\EntranceGuard.a(UART_433_UART.o)
                0x000251f8                UART_433_UartInit
 .text.UART_433_UartPostEnable
                0x0002529c       0x2c .\CortexM0\ARM_GCC_493\Debug\EntranceGuard.a(UART_433_UART.o)
                0x0002529c                UART_433_UartPostEnable
 .text.RTC_LeapYear
                0x000252c8       0x24 .\CortexM0\ARM_GCC_493\Debug\EntranceGuard.a(RTC.o)
 .text.RTC_GetYear
                0x000252ec       0x2a .\CortexM0\ARM_GCC_493\Debug\EntranceGuard.a(RTC.o)
 .text.RTC_ConstructDate
                0x00025316       0x82 .\CortexM0\ARM_GCC_493\Debug\EntranceGuard.a(RTC.o)
 .text.RTC_GetDayOfWeek
                0x00025398       0x4c .\CortexM0\ARM_GCC_493\Debug\EntranceGuard.a(RTC.o)
 .text.RTC_GetUnixTime
                0x000253e4        0xc .\CortexM0\ARM_GCC_493\Debug\EntranceGuard.a(RTC.o)
                0x000253e4                RTC_GetUnixTime
 .text.RTC_Update
                0x000253f0       0x34 .\CortexM0\ARM_GCC_493\Debug\EntranceGuard.a(RTC.o)
                0x000253f0                RTC_Update
 .text.RTC_DateTimeToUnix
                0x00025424      0x11c .\CortexM0\ARM_GCC_493\Debug\EntranceGuard.a(RTC.o)
                0x00025424                RTC_DateTimeToUnix
 .text.RTC_SetDateAndTime
                0x00025540       0x58 .\CortexM0\ARM_GCC_493\Debug\EntranceGuard.a(RTC.o)
                0x00025540                RTC_SetDateAndTime
 .text.RTC_Init
                0x00025598       0x40 .\CortexM0\ARM_GCC_493\Debug\EntranceGuard.a(RTC.o)
                0x00025598                RTC_Init
 .text.RTC_Start
                0x000255d8       0x14 .\CortexM0\ARM_GCC_493\Debug\EntranceGuard.a(RTC.o)
                0x000255d8                RTC_Start
 .text.RTC_DaysInMonth
                0x000255ec       0x20 .\CortexM0\ARM_GCC_493\Debug\EntranceGuard.a(RTC.o)
                0x000255ec                RTC_DaysInMonth
 .text.RTC_UnixToDateTime
                0x0002560c      0x1ac .\CortexM0\ARM_GCC_493\Debug\EntranceGuard.a(RTC.o)
                0x0002560c                RTC_UnixToDateTime
 .text.RTC_SetUnixTime
                0x000257b8       0x20 .\CortexM0\ARM_GCC_493\Debug\EntranceGuard.a(RTC.o)
                0x000257b8                RTC_SetUnixTime
 .text.FM_NCS_Write
                0x000257d8       0x18 .\CortexM0\ARM_GCC_493\Debug\EntranceGuard.a(FM_NCS.o)
                0x000257d8                FM_NCS_Write
 .text.FM_SCK_Write
                0x000257f0       0x18 .\CortexM0\ARM_GCC_493\Debug\EntranceGuard.a(FM_SCK.o)
                0x000257f0                FM_SCK_Write
 .text.FM_MISO_Read
                0x00025808       0x10 .\CortexM0\ARM_GCC_493\Debug\EntranceGuard.a(FM_MISO.o)
                0x00025808                FM_MISO_Read
 .text.FM_MOSI_Write
                0x00025818       0x18 .\CortexM0\ARM_GCC_493\Debug\EntranceGuard.a(FM_MOSI.o)
                0x00025818                FM_MOSI_Write
 .text.FM_RST_Write
                0x00025830       0x18 .\CortexM0\ARM_GCC_493\Debug\EntranceGuard.a(FM_RST.o)
                0x00025830                FM_RST_Write
 .text.LED_RED_Write
                0x00025848       0x18 .\CortexM0\ARM_GCC_493\Debug\EntranceGuard.a(LED_RED.o)
                0x00025848                LED_RED_Write
 .text.LED_GREEN_Write
                0x00025860       0x18 .\CortexM0\ARM_GCC_493\Debug\EntranceGuard.a(LED_GREEN.o)
                0x00025860                LED_GREEN_Write
 .text.cmd433_INT_ISR_SetPriority
                0x00025878       0x24 .\CortexM0\ARM_GCC_493\Debug\EntranceGuard.a(cmd433_INT_ISR.o)
                0x00025878                cmd433_INT_ISR_SetPriority
 .text.cmd433_INT_ISR_StartEx
                0x0002589c       0x28 .\CortexM0\ARM_GCC_493\Debug\EntranceGuard.a(cmd433_INT_ISR.o)
                0x0002589c                cmd433_INT_ISR_StartEx
 .text.Timer_INT_ISR_SetPriority
                0x000258c4       0x24 .\CortexM0\ARM_GCC_493\Debug\EntranceGuard.a(Timer_INT_ISR.o)
                0x000258c4                Timer_INT_ISR_SetPriority
 .text.Timer_INT_ISR_StartEx
                0x000258e8       0x28 .\CortexM0\ARM_GCC_493\Debug\EntranceGuard.a(Timer_INT_ISR.o)
                0x000258e8                Timer_INT_ISR_StartEx
 .text.Timer_100ms_Init
                0x00025910       0x40 .\CortexM0\ARM_GCC_493\Debug\EntranceGuard.a(Timer_100ms.o)
                0x00025910                Timer_100ms_Init
 .text.Timer_100ms_WriteCounter
                0x00025950        0xc .\CortexM0\ARM_GCC_493\Debug\EntranceGuard.a(Timer_100ms.o)
                0x00025950                Timer_100ms_WriteCounter
 .text.Timer_100ms_TriggerCommand
                0x0002595c       0x1c .\CortexM0\ARM_GCC_493\Debug\EntranceGuard.a(Timer_100ms.o)
                0x0002595c                Timer_100ms_TriggerCommand
 .text.Timer_100ms_Enable
                0x00025978       0x24 .\CortexM0\ARM_GCC_493\Debug\EntranceGuard.a(Timer_100ms.o)
                0x00025978                Timer_100ms_Enable
 .text.Timer_100ms_Start
                0x0002599c       0x1c .\CortexM0\ARM_GCC_493\Debug\EntranceGuard.a(Timer_100ms.o)
                0x0002599c                Timer_100ms_Start
 .text.Timer_100ms_ClearInterrupt
                0x000259b8        0xc .\CortexM0\ARM_GCC_493\Debug\EntranceGuard.a(Timer_100ms.o)
                0x000259b8                Timer_100ms_ClearInterrupt
 .text.LED_BLUE_Write
                0x000259c4       0x18 .\CortexM0\ARM_GCC_493\Debug\EntranceGuard.a(LED_BLUE.o)
                0x000259c4                LED_BLUE_Write
 .text.GPRS_PWRKEY_Write
                0x000259dc       0x18 .\CortexM0\ARM_GCC_493\Debug\EntranceGuard.a(GPRS_PWRKEY.o)
                0x000259dc                GPRS_PWRKEY_Write
 .text.TIMER_Init
                0x000259f4       0x58 .\CortexM0\ARM_GCC_493\Debug\EntranceGuard.a(TIMER.o)
                0x000259f4                TIMER_Init
 .text.TIMER_Stop
                0x00025a4c       0x1c .\CortexM0\ARM_GCC_493\Debug\EntranceGuard.a(TIMER.o)
                0x00025a4c                TIMER_Stop
 .text.TIMER_WriteCounter
                0x00025a68        0xc .\CortexM0\ARM_GCC_493\Debug\EntranceGuard.a(TIMER.o)
                0x00025a68                TIMER_WriteCounter
 .text.TIMER_WritePeriod
                0x00025a74        0xc .\CortexM0\ARM_GCC_493\Debug\EntranceGuard.a(TIMER.o)
                0x00025a74                TIMER_WritePeriod
 .text.TIMER_WriteCompare
                0x00025a80        0xc .\CortexM0\ARM_GCC_493\Debug\EntranceGuard.a(TIMER.o)
                0x00025a80                TIMER_WriteCompare
 .text.TIMER_TriggerCommand
                0x00025a8c       0x1c .\CortexM0\ARM_GCC_493\Debug\EntranceGuard.a(TIMER.o)
                0x00025a8c                TIMER_TriggerCommand
 .text.TIMER_Enable
                0x00025aa8       0x24 .\CortexM0\ARM_GCC_493\Debug\EntranceGuard.a(TIMER.o)
                0x00025aa8                TIMER_Enable
 .text.TIMER_Start
                0x00025acc       0x1c .\CortexM0\ARM_GCC_493\Debug\EntranceGuard.a(TIMER.o)
                0x00025acc                TIMER_Start
 .text.DOOR_OPEN_Write
                0x00025ae8       0x18 .\CortexM0\ARM_GCC_493\Debug\EntranceGuard.a(DOOR_OPEN.o)
                0x00025ae8                DOOR_OPEN_Write
 .text.KEY_OPEN_Read
                0x00025b00       0x10 .\CortexM0\ARM_GCC_493\Debug\EntranceGuard.a(KEY_OPEN.o)
                0x00025b00                KEY_OPEN_Read
 .text.FIRE_OPEN_Read
                0x00025b10       0x10 .\CortexM0\ARM_GCC_493\Debug\EntranceGuard.a(FIRE_OPEN.o)
                0x00025b10                FIRE_OPEN_Read
 .text.GPRS_STATE_Read
                0x00025b20       0x10 .\CortexM0\ARM_GCC_493\Debug\EntranceGuard.a(GPRS_STATE.o)
                0x00025b20                GPRS_STATE_Read
 .text.FLASH_NCS_Write
                0x00025b30       0x18 .\CortexM0\ARM_GCC_493\Debug\EntranceGuard.a(FLASH_NCS.o)
                0x00025b30                FLASH_NCS_Write
 .text.FLASH_SCK_Write
                0x00025b48       0x18 .\CortexM0\ARM_GCC_493\Debug\EntranceGuard.a(FLASH_SCK.o)
                0x00025b48                FLASH_SCK_Write
 .text.FLASH_MISO_Read
                0x00025b60       0x10 .\CortexM0\ARM_GCC_493\Debug\EntranceGuard.a(FLASH_MISO.o)
                0x00025b60                FLASH_MISO_Read
 .text.FLASH_MOSI_Write
                0x00025b70       0x18 .\CortexM0\ARM_GCC_493\Debug\EntranceGuard.a(FLASH_MOSI.o)
                0x00025b70                FLASH_MOSI_Write
 .text.UART_433_tx_Write
                0x00025b88       0x18 .\CortexM0\ARM_GCC_493\Debug\EntranceGuard.a(UART_433_tx.o)
                0x00025b88                UART_433_tx_Write
 .text.WDT_ISR_SetPriority
                0x00025ba0       0x20 .\CortexM0\ARM_GCC_493\Debug\EntranceGuard.a(WDT_ISR.o)
                0x00025ba0                WDT_ISR_SetPriority
 .text.WDT_ISR_StartEx
                0x00025bc0       0x28 .\CortexM0\ARM_GCC_493\Debug\EntranceGuard.a(WDT_ISR.o)
                0x00025bc0                WDT_ISR_StartEx
 .text.WDT_ISR_ClearPending
                0x00025be8       0x10 .\CortexM0\ARM_GCC_493\Debug\EntranceGuard.a(WDT_ISR.o)
                0x00025be8                WDT_ISR_ClearPending
 .text.Bootloadable_Load
                0x00025bf8       0x14 .\CortexM0\ARM_GCC_493\Debug\EntranceGuard.a(Bootloadable.o)
                0x00025bf8                Bootloadable_Load
 *fill*         0x00025c0c        0x4 
 .text          0x00025c10       0x20 .\CortexM0\ARM_GCC_493\Debug\EntranceGuard.a(CyBootAsmGnu.o)
                0x00025c10                CyDelayCycles
                0x00025c22                CyEnterCriticalSection
                0x00025c2a                CyExitCriticalSection
 .text          0x00025c30       0x14 c:/program files (x86)/cypress/psoc creator/4.0/psoc creator/import/gnu/arm/4.9.3/bin/../lib/gcc/arm-none-eabi/4.9.3/armv6-m\libgcc.a(_thumb1_case_uqi.o)
                0x00025c30                __gnu_thumb1_case_uqi
 .text          0x00025c44      0x120 c:/program files (x86)/cypress/psoc creator/4.0/psoc creator/import/gnu/arm/4.9.3/bin/../lib/gcc/arm-none-eabi/4.9.3/armv6-m\libgcc.a(_udivsi3.o)
                0x00025c44                __aeabi_uidiv
                0x00025c44                __udivsi3
                0x00025d50                __aeabi_uidivmod
 .text          0x00025d64        0x4 c:/program files (x86)/cypress/psoc creator/4.0/psoc creator/import/gnu/arm/4.9.3/bin/../lib/gcc/arm-none-eabi/4.9.3/armv6-m\libgcc.a(_dvmd_tls.o)
                0x00025d64                __aeabi_idiv0
                0x00025d64                __aeabi_ldiv0
 .text          0x00025d68       0x40 c:/program files (x86)/cypress/psoc creator/4.0/psoc creator/import/gnu/arm/4.9.3/bin/../lib/gcc/arm-none-eabi/4.9.3/armv6-m\libgcc.a(_aeabi_uldivmod.o)
                0x00025d68                __aeabi_uldivmod
 .text          0x00025da8       0x6c c:/program files (x86)/cypress/psoc creator/4.0/psoc creator/import/gnu/arm/4.9.3/bin/../lib/gcc/arm-none-eabi/4.9.3/armv6-m\libgcc.a(bpabi.o)
                0x00025da8                __gnu_ldivmod_helper
                0x00025de0                __gnu_uldivmod_helper
 .text          0x00025e14       0x3c c:/program files (x86)/cypress/psoc creator/4.0/psoc creator/import/gnu/arm/4.9.3/bin/../lib/gcc/arm-none-eabi/4.9.3/armv6-m\libgcc.a(_clzsi2.o)
                0x00025e14                __clzsi2
 .text          0x00025e50       0x54 c:/program files (x86)/cypress/psoc creator/4.0/psoc creator/import/gnu/arm/4.9.3/bin/../lib/gcc/arm-none-eabi/4.9.3/armv6-m\libgcc.a(_muldi3.o)
                0x00025e50                __muldi3
                0x00025e50                __aeabi_lmul
 .text          0x00025ea4      0x1f0 c:/program files (x86)/cypress/psoc creator/4.0/psoc creator/import/gnu/arm/4.9.3/bin/../lib/gcc/arm-none-eabi/4.9.3/armv6-m\libgcc.a(_divdi3.o)
                0x00025ea4                __divdi3
 .text          0x00026094      0x158 c:/program files (x86)/cypress/psoc creator/4.0/psoc creator/import/gnu/arm/4.9.3/bin/../lib/gcc/arm-none-eabi/4.9.3/armv6-m\libgcc.a(_udivdi3.o)
                0x00026094                __udivdi3
 .text          0x000261ec       0x18 c:/program files (x86)/cypress/psoc creator/4.0/psoc creator/import/gnu/arm/4.9.3/bin/../lib/gcc/arm-none-eabi/4.9.3/armv6-m\libgcc.a(_clzdi2.o)
                0x000261ec                __clzdi2
 .text.__errno  0x00026204        0xc c:/program files (x86)/cypress/psoc creator/4.0/psoc creator/import/gnu/arm/4.9.3/bin/../lib/gcc/arm-none-eabi/4.9.3/../../../../arm-none-eabi/lib/armv6-m\libg_nano.a(lib_a-errno.o)
                0x00026204                __errno
 .text.__libc_init_array
                0x00026210       0x4c c:/program files (x86)/cypress/psoc creator/4.0/psoc creator/import/gnu/arm/4.9.3/bin/../lib/gcc/arm-none-eabi/4.9.3/../../../../arm-none-eabi/lib/armv6-m\libg_nano.a(lib_a-init.o)
                0x00026210                __libc_init_array
 .text.memcmp   0x0002625c       0x1e c:/program files (x86)/cypress/psoc creator/4.0/psoc creator/import/gnu/arm/4.9.3/bin/../lib/gcc/arm-none-eabi/4.9.3/../../../../arm-none-eabi/lib/armv6-m\libg_nano.a(lib_a-memcmp.o)
                0x0002625c                memcmp
 .text.memcpy   0x0002627a       0x12 c:/program files (x86)/cypress/psoc creator/4.0/psoc creator/import/gnu/arm/4.9.3/bin/../lib/gcc/arm-none-eabi/4.9.3/../../../../arm-none-eabi/lib/armv6-m\libg_nano.a(lib_a-memcpy.o)
                0x0002627a                memcpy
 .text.memset   0x0002628c       0x10 c:/program files (x86)/cypress/psoc creator/4.0/psoc creator/import/gnu/arm/4.9.3/bin/../lib/gcc/arm-none-eabi/4.9.3/../../../../arm-none-eabi/lib/armv6-m\libg_nano.a(lib_a-memset.o)
                0x0002628c                memset
 .text.printf   0x0002629c       0x34 c:/program files (x86)/cypress/psoc creator/4.0/psoc creator/import/gnu/arm/4.9.3/bin/../lib/gcc/arm-none-eabi/4.9.3/../../../../arm-none-eabi/lib/armv6-m\libg_nano.a(lib_a-printf.o)
                0x0002629c                iprintf
                0x0002629c                printf
 .text.strlen   0x000262d0        0xe c:/program files (x86)/cypress/psoc creator/4.0/psoc creator/import/gnu/arm/4.9.3/bin/../lib/gcc/arm-none-eabi/4.9.3/../../../../arm-none-eabi/lib/armv6-m\libg_nano.a(lib_a-strlen.o)
                0x000262d0                strlen
 .text.strstr   0x000262de       0x36 c:/program files (x86)/cypress/psoc creator/4.0/psoc creator/import/gnu/arm/4.9.3/bin/../lib/gcc/arm-none-eabi/4.9.3/../../../../arm-none-eabi/lib/armv6-m\libg_nano.a(lib_a-strstr.o)
                0x000262de                strstr
 .text._cleanup_r
                0x00026314       0x10 c:/program files (x86)/cypress/psoc creator/4.0/psoc creator/import/gnu/arm/4.9.3/bin/../lib/gcc/arm-none-eabi/4.9.3/../../../../arm-none-eabi/lib/armv6-m\libg_nano.a(lib_a-findfp.o)
                0x00026314                _cleanup_r
 .text.std.isra.0
                0x00026324       0x48 c:/program files (x86)/cypress/psoc creator/4.0/psoc creator/import/gnu/arm/4.9.3/bin/../lib/gcc/arm-none-eabi/4.9.3/../../../../arm-none-eabi/lib/armv6-m\libg_nano.a(lib_a-findfp.o)
 .text.__sfmoreglue
                0x0002636c       0x2c c:/program files (x86)/cypress/psoc creator/4.0/psoc creator/import/gnu/arm/4.9.3/bin/../lib/gcc/arm-none-eabi/4.9.3/../../../../arm-none-eabi/lib/armv6-m\libg_nano.a(lib_a-findfp.o)
                0x0002636c                __sfmoreglue
 .text.__sinit  0x00026398       0x64 c:/program files (x86)/cypress/psoc creator/4.0/psoc creator/import/gnu/arm/4.9.3/bin/../lib/gcc/arm-none-eabi/4.9.3/../../../../arm-none-eabi/lib/armv6-m\libg_nano.a(lib_a-findfp.o)
                0x00026398                __sinit
 .text.__sfp    0x000263fc       0x7c c:/program files (x86)/cypress/psoc creator/4.0/psoc creator/import/gnu/arm/4.9.3/bin/../lib/gcc/arm-none-eabi/4.9.3/../../../../arm-none-eabi/lib/armv6-m\libg_nano.a(lib_a-findfp.o)
                0x000263fc                __sfp
 .text._fwalk_reent
                0x00026478       0x42 c:/program files (x86)/cypress/psoc creator/4.0/psoc creator/import/gnu/arm/4.9.3/bin/../lib/gcc/arm-none-eabi/4.9.3/../../../../arm-none-eabi/lib/armv6-m\libg_nano.a(lib_a-fwalk.o)
                0x00026478                _fwalk_reent
 *fill*         0x000264ba        0x2 
 .text._malloc_r
                0x000264bc       0xb0 c:/program files (x86)/cypress/psoc creator/4.0/psoc creator/import/gnu/arm/4.9.3/bin/../lib/gcc/arm-none-eabi/4.9.3/../../../../arm-none-eabi/lib/armv6-m\libg_nano.a(lib_a-nano-mallocr.o)
                0x000264bc                _malloc_r
 .text.__sfputc_r
                0x0002656c       0x2a c:/program files (x86)/cypress/psoc creator/4.0/psoc creator/import/gnu/arm/4.9.3/bin/../lib/gcc/arm-none-eabi/4.9.3/../../../../arm-none-eabi/lib/armv6-m\libg_nano.a(lib_a-nano-vfprintf.o)
 .text.__sfputs_r
                0x00026596       0x24 c:/program files (x86)/cypress/psoc creator/4.0/psoc creator/import/gnu/arm/4.9.3/bin/../lib/gcc/arm-none-eabi/4.9.3/../../../../arm-none-eabi/lib/armv6-m\libg_nano.a(lib_a-nano-vfprintf.o)
                0x00026596                __sfputs_r
 *fill*         0x000265ba        0x2 
 .text._vfprintf_r
                0x000265bc      0x220 c:/program files (x86)/cypress/psoc creator/4.0/psoc creator/import/gnu/arm/4.9.3/bin/../lib/gcc/arm-none-eabi/4.9.3/../../../../arm-none-eabi/lib/armv6-m\libg_nano.a(lib_a-nano-vfprintf.o)
                0x000265bc                _vfprintf_r
                0x000265bc                _vfiprintf_r
 .text._printf_common
                0x000267dc       0xdc c:/program files (x86)/cypress/psoc creator/4.0/psoc creator/import/gnu/arm/4.9.3/bin/../lib/gcc/arm-none-eabi/4.9.3/../../../../arm-none-eabi/lib/armv6-m\libg_nano.a(lib_a-nano-vfprintf_i.o)
                0x000267dc                _printf_common
 .text._printf_i
                0x000268b8      0x230 c:/program files (x86)/cypress/psoc creator/4.0/psoc creator/import/gnu/arm/4.9.3/bin/../lib/gcc/arm-none-eabi/4.9.3/../../../../arm-none-eabi/lib/armv6-m\libg_nano.a(lib_a-nano-vfprintf_i.o)
                0x000268b8                _printf_i
 .text._sbrk_r  0x00026ae8       0x24 c:/program files (x86)/cypress/psoc creator/4.0/psoc creator/import/gnu/arm/4.9.3/bin/../lib/gcc/arm-none-eabi/4.9.3/../../../../arm-none-eabi/lib/armv6-m\libg_nano.a(lib_a-sbrkr.o)
                0x00026ae8                _sbrk_r
 .text.__sread  0x00026b0c       0x28 c:/program files (x86)/cypress/psoc creator/4.0/psoc creator/import/gnu/arm/4.9.3/bin/../lib/gcc/arm-none-eabi/4.9.3/../../../../arm-none-eabi/lib/armv6-m\libg_nano.a(lib_a-stdio.o)
                0x00026b0c                __sread
 .text.__swrite
                0x00026b34       0x38 c:/program files (x86)/cypress/psoc creator/4.0/psoc creator/import/gnu/arm/4.9.3/bin/../lib/gcc/arm-none-eabi/4.9.3/../../../../arm-none-eabi/lib/armv6-m\libg_nano.a(lib_a-stdio.o)
                0x00026b34                __swrite
 .text.__sseek  0x00026b6c       0x2c c:/program files (x86)/cypress/psoc creator/4.0/psoc creator/import/gnu/arm/4.9.3/bin/../lib/gcc/arm-none-eabi/4.9.3/../../../../arm-none-eabi/lib/armv6-m\libg_nano.a(lib_a-stdio.o)
                0x00026b6c                __sseek
 .text.__sclose
                0x00026b98        0xc c:/program files (x86)/cypress/psoc creator/4.0/psoc creator/import/gnu/arm/4.9.3/bin/../lib/gcc/arm-none-eabi/4.9.3/../../../../arm-none-eabi/lib/armv6-m\libg_nano.a(lib_a-stdio.o)
                0x00026b98                __sclose
 .text.__swbuf_r
                0x00026ba4       0xb0 c:/program files (x86)/cypress/psoc creator/4.0/psoc creator/import/gnu/arm/4.9.3/bin/../lib/gcc/arm-none-eabi/4.9.3/../../../../arm-none-eabi/lib/armv6-m\libg_nano.a(lib_a-wbuf.o)
                0x00026ba4                __swbuf_r
 .text._write_r
                0x00026c54       0x28 c:/program files (x86)/cypress/psoc creator/4.0/psoc creator/import/gnu/arm/4.9.3/bin/../lib/gcc/arm-none-eabi/4.9.3/../../../../arm-none-eabi/lib/armv6-m\libg_nano.a(lib_a-writer.o)
                0x00026c54                _write_r
 .text.__swsetup_r
                0x00026c7c       0xe8 c:/program files (x86)/cypress/psoc creator/4.0/psoc creator/import/gnu/arm/4.9.3/bin/../lib/gcc/arm-none-eabi/4.9.3/../../../../arm-none-eabi/lib/armv6-m\libg_nano.a(lib_a-wsetup.o)
                0x00026c7c                __swsetup_r
 .text._close_r
                0x00026d64       0x24 c:/program files (x86)/cypress/psoc creator/4.0/psoc creator/import/gnu/arm/4.9.3/bin/../lib/gcc/arm-none-eabi/4.9.3/../../../../arm-none-eabi/lib/armv6-m\libg_nano.a(lib_a-closer.o)
                0x00026d64                _close_r
 .text.__sflush_r
                0x00026d88      0x112 c:/program files (x86)/cypress/psoc creator/4.0/psoc creator/import/gnu/arm/4.9.3/bin/../lib/gcc/arm-none-eabi/4.9.3/../../../../arm-none-eabi/lib/armv6-m\libg_nano.a(lib_a-fflush.o)
                0x00026d88                __sflush_r
 *fill*         0x00026e9a        0x2 
 .text._fflush_r
                0x00026e9c       0x58 c:/program files (x86)/cypress/psoc creator/4.0/psoc creator/import/gnu/arm/4.9.3/bin/../lib/gcc/arm-none-eabi/4.9.3/../../../../arm-none-eabi/lib/armv6-m\libg_nano.a(lib_a-fflush.o)
                0x00026e9c                _fflush_r
 .text._lseek_r
                0x00026ef4       0x28 c:/program files (x86)/cypress/psoc creator/4.0/psoc creator/import/gnu/arm/4.9.3/bin/../lib/gcc/arm-none-eabi/4.9.3/../../../../arm-none-eabi/lib/armv6-m\libg_nano.a(lib_a-lseekr.o)
                0x00026ef4                _lseek_r
 .text.__smakebuf_r
                0x00026f1c       0xb0 c:/program files (x86)/cypress/psoc creator/4.0/psoc creator/import/gnu/arm/4.9.3/bin/../lib/gcc/arm-none-eabi/4.9.3/../../../../arm-none-eabi/lib/armv6-m\libg_nano.a(lib_a-makebuf.o)
                0x00026f1c                __smakebuf_r
 .text.memchr   0x00026fcc       0x16 c:/program files (x86)/cypress/psoc creator/4.0/psoc creator/import/gnu/arm/4.9.3/bin/../lib/gcc/arm-none-eabi/4.9.3/../../../../arm-none-eabi/lib/armv6-m\libg_nano.a(lib_a-memchr.o)
                0x00026fcc                memchr
 *fill*         0x00026fe2        0x2 
 .text._free_r  0x00026fe4       0x8c c:/program files (x86)/cypress/psoc creator/4.0/psoc creator/import/gnu/arm/4.9.3/bin/../lib/gcc/arm-none-eabi/4.9.3/../../../../arm-none-eabi/lib/armv6-m\libg_nano.a(lib_a-nano-freer.o)
                0x00026fe4                _free_r
 .text._read_r  0x00027070       0x28 c:/program files (x86)/cypress/psoc creator/4.0/psoc creator/import/gnu/arm/4.9.3/bin/../lib/gcc/arm-none-eabi/4.9.3/../../../../arm-none-eabi/lib/armv6-m\libg_nano.a(lib_a-readr.o)
                0x00027070                _read_r
 .text._fstat_r
                0x00027098       0x24 c:/program files (x86)/cypress/psoc creator/4.0/psoc creator/import/gnu/arm/4.9.3/bin/../lib/gcc/arm-none-eabi/4.9.3/../../../../arm-none-eabi/lib/armv6-m\libg_nano.a(lib_a-fstatr.o)
                0x00027098                _fstat_r
 .text._isatty_r
                0x000270bc       0x24 c:/program files (x86)/cypress/psoc creator/4.0/psoc creator/import/gnu/arm/4.9.3/bin/../lib/gcc/arm-none-eabi/4.9.3/../../../../arm-none-eabi/lib/armv6-m\libg_nano.a(lib_a-isattyr.o)
                0x000270bc                _isatty_r
 .text._close   0x000270e0       0x10 c:/program files (x86)/cypress/psoc creator/4.0/psoc creator/import/gnu/arm/4.9.3/bin/../lib/gcc/arm-none-eabi/4.9.3/../../../../arm-none-eabi/lib/armv6-m\libnosys.a(close.o)
                0x000270e0                _close
 .text._fstat   0x000270f0       0x10 c:/program files (x86)/cypress/psoc creator/4.0/psoc creator/import/gnu/arm/4.9.3/bin/../lib/gcc/arm-none-eabi/4.9.3/../../../../arm-none-eabi/lib/armv6-m\libnosys.a(fstat.o)
                0x000270f0                _fstat
 .text._isatty  0x00027100       0x10 c:/program files (x86)/cypress/psoc creator/4.0/psoc creator/import/gnu/arm/4.9.3/bin/../lib/gcc/arm-none-eabi/4.9.3/../../../../arm-none-eabi/lib/armv6-m\libnosys.a(isatty.o)
                0x00027100                _isatty
 .text._lseek   0x00027110       0x10 c:/program files (x86)/cypress/psoc creator/4.0/psoc creator/import/gnu/arm/4.9.3/bin/../lib/gcc/arm-none-eabi/4.9.3/../../../../arm-none-eabi/lib/armv6-m\libnosys.a(lseek.o)
                0x00027110                _lseek
 .text._read    0x00027120       0x10 c:/program files (x86)/cypress/psoc creator/4.0/psoc creator/import/gnu/arm/4.9.3/bin/../lib/gcc/arm-none-eabi/4.9.3/../../../../arm-none-eabi/lib/armv6-m\libnosys.a(read.o)
                0x00027120                _read
 *(.plt)
 *(.gnu.warning)
 *(.glue_7t)
 .glue_7t       0x00000000        0x0 linker stubs
 *(.glue_7)
 .glue_7        0x00000000        0x0 linker stubs
 *(.vfp11_veneer)
 .vfp11_veneer  0x00000000        0x0 linker stubs
 *(.bootloader)
 *(.ARM.extab* .gnu.linkonce.armextab.*)
 *(.gcc_except_table)

.v4_bx          0x00027130        0x0
 .v4_bx         0x00000000        0x0 linker stubs

.iplt           0x00027130        0x0
 .iplt          0x00000000        0x0 c:/program files (x86)/cypress/psoc creator/4.0/psoc creator/import/gnu/arm/4.9.3/bin/../lib/gcc/arm-none-eabi/4.9.3/armv6-m/crtbegin.o

.eh_frame_hdr
 *(.eh_frame_hdr)

.eh_frame       0x00027130        0x4
 *(.eh_frame)
 .eh_frame      0x00027130        0x0 c:/program files (x86)/cypress/psoc creator/4.0/psoc creator/import/gnu/arm/4.9.3/bin/../lib/gcc/arm-none-eabi/4.9.3/armv6-m/crtbegin.o
 .eh_frame      0x00027130        0x4 c:/program files (x86)/cypress/psoc creator/4.0/psoc creator/import/gnu/arm/4.9.3/bin/../lib/gcc/arm-none-eabi/4.9.3/armv6-m/crtend.o
                0x00027134                PROVIDE (__exidx_start, .)

.ARM.exidx      0x00027134        0x8
 *(.ARM.exidx* .gnu.linkonce.armexidx.*)
 .ARM.exidx     0x00027134        0x8 c:/program files (x86)/cypress/psoc creator/4.0/psoc creator/import/gnu/arm/4.9.3/bin/../lib/gcc/arm-none-eabi/4.9.3/armv6-m\libgcc.a(_divdi3.o)
 .ARM.exidx     0x0002713c        0x0 c:/program files (x86)/cypress/psoc creator/4.0/psoc creator/import/gnu/arm/4.9.3/bin/../lib/gcc/arm-none-eabi/4.9.3/armv6-m\libgcc.a(_udivdi3.o)
                                  0x8 (size before relaxing)
                0x0002713c                __exidx_end = .

.rodata         0x0002713c      0x554
 *(.rodata .rodata.* .gnu.linkonce.r.*)
 .rodata        0x0002713c      0x210 .\CortexM0\ARM_GCC_493\Debug\aes.o
 .rodata        0x0002734c       0x26 .\CortexM0\ARM_GCC_493\Debug\card.o
 .rodata        0x00027372      0x149 .\CortexM0\ARM_GCC_493\Debug\AtProtocol.o
                0x00027372                AT_INIT_OK
                0x00027379                AT_AT
                0x0002737e                AT_OK
                0x00027381                AT_CPIN
                0x0002738c                AT_RECPIN
                0x0002739b                AT_CREG
                0x000273a6                AT_RECREG
                0x000273ad                AT_CSQ
                0x000273b6                AT_RECSQ
                0x000273bc                AT_APN
                0x000273d8                AT_CGACT
                0x000273e7                AT_CMSTATE
                0x000273f4                AT_RECMSTATE_CONNECTD
                0x000273fe                AT_CLOSE
                0x0002740b                AT_CLOSE_CONNECT
                0x00027415                AT_ERR4
                0x00027423                AT_CMMUX
                0x00027430                AT_OPENLED
                0x00027440                AT_CONNECT_OK
                0x0002744b                AT_ALREADY_CONNECT
                0x00027465                AT_ALLOW_SEND
                0x00027467                AT_SEND_OK
                0x0002746f                AT_CONNECT_CLOSED
                0x00027481                AT_CLOSE_R
                0x00027487                AT_RECMSTATE_CLOSED
                0x0002748e                AT_RECMSTATE_INITIAL
                0x00027496                AT_CONNECT_FAIL