Archive member included to satisfy reference by file (symbol)

.\CortexM0\ARM_GCC_541\Debug\EntranceGuard.a(CyLib.o)
                              .\CortexM0\ARM_GCC_541\Debug\main.o (CySysGetResetReason)
.\CortexM0\ARM_GCC_541\Debug\EntranceGuard.a(cyPm.o)
                              .\CortexM0\ARM_GCC_541\Debug\main.o (CySysPmSleep)
.\CortexM0\ARM_GCC_541\Debug\EntranceGuard.a(CyLFClk.o)
                              .\CortexM0\ARM_GCC_541\Debug\cyfitter_cfg.o (CySysClkWcoStart)
.\CortexM0\ARM_GCC_541\Debug\EntranceGuard.a(UART_433.o)
                              .\CortexM0\ARM_GCC_541\Debug\main.o (UART_433_Start)
.\CortexM0\ARM_GCC_541\Debug\EntranceGuard.a(UART_433_SPI_UART.o)
                              .\CortexM0\ARM_GCC_541\Debug\isr.o (UART_433_SpiUartGetRxBufferSize)
.\CortexM0\ARM_GCC_541\Debug\EntranceGuard.a(UART_433_UART.o)
                              .\CortexM0\ARM_GCC_541\Debug\EntranceGuard.a(UART_433.o) (UART_433_UartInit)
.\CortexM0\ARM_GCC_541\Debug\EntranceGuard.a(RTC.o)
                              .\CortexM0\ARM_GCC_541\Debug\card.o (RTC_GetUnixTime)
.\CortexM0\ARM_GCC_541\Debug\EntranceGuard.a(FM_NCS.o)
                              .\CortexM0\ARM_GCC_541\Debug\spi.o (FM_NCS_Write)
.\CortexM0\ARM_GCC_541\Debug\EntranceGuard.a(FM_SCK.o)
                              .\CortexM0\ARM_GCC_541\Debug\spi.o (FM_SCK_Write)
.\CortexM0\ARM_GCC_541\Debug\EntranceGuard.a(FM_MISO.o)
                              .\CortexM0\ARM_GCC_541\Debug\spi.o (FM_MISO_Read)
.\CortexM0\ARM_GCC_541\Debug\EntranceGuard.a(FM_MOSI.o)
                              .\CortexM0\ARM_GCC_541\Debug\spi.o (FM_MOSI_Write)
.\CortexM0\ARM_GCC_541\Debug\EntranceGuard.a(FM_RST.o)
                              .\CortexM0\ARM_GCC_541\Debug\fm175xx.o (FM_RST_Write)
.\CortexM0\ARM_GCC_541\Debug\EntranceGuard.a(FM_INT.o)
                              .\CortexM0\ARM_GCC_541\Debug\fm175xx.o (FM_INT_Read)
.\CortexM0\ARM_GCC_541\Debug\EntranceGuard.a(LED_RED.o)
                              .\CortexM0\ARM_GCC_541\Debug\main.o (LED_RED_Write)
.\CortexM0\ARM_GCC_541\Debug\EntranceGuard.a(LED_GREEN.o)
                              .\CortexM0\ARM_GCC_541\Debug\main.o (LED_GREEN_Write)
.\CortexM0\ARM_GCC_541\Debug\EntranceGuard.a(cmd433_INT_ISR.o)
                              .\CortexM0\ARM_GCC_541\Debug\main.o (cmd433_INT_ISR_StartEx)
.\CortexM0\ARM_GCC_541\Debug\EntranceGuard.a(Timer_INT_ISR.o)
                              .\CortexM0\ARM_GCC_541\Debug\main.o (Timer_INT_ISR_StartEx)
.\CortexM0\ARM_GCC_541\Debug\EntranceGuard.a(Timer_100ms.o)
                              .\CortexM0\ARM_GCC_541\Debug\isr.o (Timer_100ms_WriteCounter)
.\CortexM0\ARM_GCC_541\Debug\EntranceGuard.a(LED_BLUE.o)
                              .\CortexM0\ARM_GCC_541\Debug\main.o (LED_BLUE_Write)
.\CortexM0\ARM_GCC_541\Debug\EntranceGuard.a(GPRS_PWRKEY.o)
                              .\CortexM0\ARM_GCC_541\Debug\main.o (GPRS_PWRKEY_Write)
.\CortexM0\ARM_GCC_541\Debug\EntranceGuard.a(TIMER.o)
                              .\CortexM0\ARM_GCC_541\Debug\voice.o (TIMER_Stop)
.\CortexM0\ARM_GCC_541\Debug\EntranceGuard.a(DOOR_OPEN.o)
                              .\CortexM0\ARM_GCC_541\Debug\main.o (DOOR_OPEN_Write)
.\CortexM0\ARM_GCC_541\Debug\EntranceGuard.a(KEY_OPEN.o)
                              .\CortexM0\ARM_GCC_541\Debug\main.o (KEY_OPEN_Read)
.\CortexM0\ARM_GCC_541\Debug\EntranceGuard.a(FIRE_OPEN.o)
                              .\CortexM0\ARM_GCC_541\Debug\main.o (FIRE_OPEN_Read)
.\CortexM0\ARM_GCC_541\Debug\EntranceGuard.a(DEFEND_ALARM.o)
                              .\CortexM0\ARM_GCC_541\Debug\main.o (DEFEND_ALARM_Read)
.\CortexM0\ARM_GCC_541\Debug\EntranceGuard.a(GPRS_RESET.o)
                              .\CortexM0\ARM_GCC_541\Debug\main.o (GPRS_RESET_Write)
.\CortexM0\ARM_GCC_541\Debug\EntranceGuard.a(GPRS_STATE.o)
                              .\CortexM0\ARM_GCC_541\Debug\main.o (GPRS_STATE_Read)
.\CortexM0\ARM_GCC_541\Debug\EntranceGuard.a(FLASH_NCS.o)
                              .\CortexM0\ARM_GCC_541\Debug\flash_spi.o (FLASH_NCS_Write)
.\CortexM0\ARM_GCC_541\Debug\EntranceGuard.a(FLASH_SCK.o)
                              .\CortexM0\ARM_GCC_541\Debug\flash_spi.o (FLASH_SCK_Write)
.\CortexM0\ARM_GCC_541\Debug\EntranceGuard.a(FLASH_MISO.o)
                              .\CortexM0\ARM_GCC_541\Debug\flash_spi.o (FLASH_MISO_Read)
.\CortexM0\ARM_GCC_541\Debug\EntranceGuard.a(FLASH_MOSI.o)
                              .\CortexM0\ARM_GCC_541\Debug\flash_spi.o (FLASH_MOSI_Write)
.\CortexM0\ARM_GCC_541\Debug\EntranceGuard.a(UART_433_tx.o)
                              .\CortexM0\ARM_GCC_541\Debug\main.o (UART_433_tx_Write)
.\CortexM0\ARM_GCC_541\Debug\EntranceGuard.a(WDT_ISR.o)
                              .\CortexM0\ARM_GCC_541\Debug\main.o (WDT_ISR_StartEx)
.\CortexM0\ARM_GCC_541\Debug\EntranceGuard.a(Bootloadable.o)
                              .\CortexM0\ARM_GCC_541\Debug\main.o (Bootloadable_Load)
[...]
Memory Configuration

Name             Origin             Length             Attributes
rom              0x00000000         0x00040000         xr
ram              0x20000000         0x00008000         xrw
*default*        0x00000000         0xffffffff

Linker script and memory map

LOAD c:/program files (x86)/cypress/psoc creator/4.1/psoc creator/import/gnu/arm/5.4.1/bin/../lib/gcc/arm-none-eabi/5.4.1/armv6-m/crti.o
LOAD c:/program files (x86)/cypress/psoc creator/4.1/psoc creator/import/gnu/arm/5.4.1/bin/../lib/gcc/arm-none-eabi/5.4.1/armv6-m/crtbegin.o
LOAD c:/program files (x86)/cypress/psoc creator/4.1/psoc creator/import/gnu/arm/5.4.1/bin/../lib/gcc/arm-none-eabi/5.4.1/../../../../arm-none-eabi/lib/armv6-m/crt0.o
START GROUP
LOAD .\CortexM0\ARM_GCC_541\Debug\aes.o
LOAD .\CortexM0\ARM_GCC_541\Debug\Aesecb.o
LOAD .\CortexM0\ARM_GCC_541\Debug\crypt.o
LOAD .\CortexM0\ARM_GCC_541\Debug\crc16check.o
LOAD .\CortexM0\ARM_GCC_541\Debug\utc.o
LOAD .\CortexM0\ARM_GCC_541\Debug\Bluetooth.o
LOAD .\CortexM0\ARM_GCC_541\Debug\mifare_card.o
LOAD .\CortexM0\ARM_GCC_541\Debug\NTAG.o
LOAD .\CortexM0\ARM_GCC_541\Debug\type_a.o
LOAD .\CortexM0\ARM_GCC_541\Debug\type_b.o
LOAD .\CortexM0\ARM_GCC_541\Debug\lpcd_api.o
LOAD .\CortexM0\ARM_GCC_541\Debug\lpcd_regctrl.o
LOAD .\CortexM0\ARM_GCC_541\Debug\spi.o
LOAD .\CortexM0\ARM_GCC_541\Debug\Utility.o
LOAD .\CortexM0\ARM_GCC_541\Debug\card.o
LOAD .\CortexM0\ARM_GCC_541\Debug\fm175xx.o
LOAD .\CortexM0\ARM_GCC_541\Debug\flash_spi.o
LOAD .\CortexM0\ARM_GCC_541\Debug\user_data.o
LOAD .\CortexM0\ARM_GCC_541\Debug\w25qxx.o
LOAD .\CortexM0\ARM_GCC_541\Debug\AtProtocol.o
LOAD .\CortexM0\ARM_GCC_541\Debug\Uart433.o
LOAD .\CortexM0\ARM_GCC_541\Debug\CmdProtocol.o
LOAD .\CortexM0\ARM_GCC_541\Debug\UserRTC.o
LOAD .\CortexM0\ARM_GCC_541\Debug\voice.o
LOAD .\CortexM0\ARM_GCC_541\Debug\UserWDT.o
LOAD .\CortexM0\ARM_GCC_541\Debug\main.o
LOAD .\CortexM0\ARM_GCC_541\Debug\debug.o
LOAD .\CortexM0\ARM_GCC_541\Debug\isr.o
LOAD .\CortexM0\ARM_GCC_541\Debug\OTAMandatory.o
LOAD .\CortexM0\ARM_GCC_541\Debug\OTAOptional.o
LOAD .\CortexM0\ARM_GCC_541\Debug\cyfitter_cfg.o
LOAD .\CortexM0\ARM_GCC_541\Debug\cymetadata.o
LOAD .\CortexM0\ARM_GCC_541\Debug\Cm0Start.o
LOAD .\CortexM0\ARM_GCC_541\Debug\cybootloader.o
LOAD .\CortexM0\ARM_GCC_541\Debug\EntranceGuard.a
LOAD C:\Program Files (x86)\Cypress\PSoC Creator\4.1\PSoC Creator\psoc\content\cycomponentlibrary\CyComponentLibrary.cylib\CortexM0\ARM_GCC_541\Debug\CyComponentLibrary.a
END GROUP
START GROUP
LOAD c:/program files (x86)/cypress/psoc creator/4.1/psoc creator/import/gnu/arm/5.4.1/bin/../lib/gcc/arm-none-eabi/5.4.1/armv6-m\libgcc.a
LOAD c:/program files (x86)/cypress/psoc creator/4.1/psoc creator/import/gnu/arm/5.4.1/bin/../lib/gcc/arm-none-eabi/5.4.1/../../../../arm-none-eabi/lib/armv6-m\libg_nano.a
LOAD c:/program files (x86)/cypress/psoc creator/4.1/psoc creator/import/gnu/arm/5.4.1/bin/../lib/gcc/arm-none-eabi/5.4.1/../../../../arm-none-eabi/lib/armv6-m\libc_nano.a
END GROUP
START GROUP
LOAD c:/program files (x86)/cypress/psoc creator/4.1/psoc creator/import/gnu/arm/5.4.1/bin/../lib/gcc/arm-none-eabi/5.4.1/armv6-m\libgcc.a
LOAD c:/program files (x86)/cypress/psoc creator/4.1/psoc creator/import/gnu/arm/5.4.1/bin/../lib/gcc/arm-none-eabi/5.4.1/../../../../arm-none-eabi/lib/armv6-m\libc_nano.a
END GROUP
LOAD c:/program files (x86)/cypress/psoc creator/4.1/psoc creator/import/gnu/arm/5.4.1/bin/../lib/gcc/arm-none-eabi/5.4.1/armv6-m/crtend.o
LOAD c:/program files (x86)/cypress/psoc creator/4.1/psoc creator/import/gnu/arm/5.4.1/bin/../lib/gcc/arm-none-eabi/5.4.1/armv6-m/crtn.o
START GROUP
LOAD c:/program files (x86)/cypress/psoc creator/4.1/psoc creator/import/gnu/arm/5.4.1/bin/../lib/gcc/arm-none-eabi/5.4.1/armv6-m\libgcc.a
LOAD c:/program files (x86)/cypress/psoc creator/4.1/psoc creator/import/gnu/arm/5.4.1/bin/../lib/gcc/arm-none-eabi/5.4.1/../../../../arm-none-eabi/lib/armv6-m\libc.a
LOAD c:/program files (x86)/cypress/psoc creator/4.1/psoc creator/import/gnu/arm/5.4.1/bin/../lib/gcc/arm-none-eabi/5.4.1/../../../../arm-none-eabi/lib/armv6-m\libnosys.a
END GROUP
                [!provide]                PROVIDE (CYDEV_BOOTLOADER_CHECKSUM_BASIC, 0x0)
                [!provide]                PROVIDE (CYDEV_BOOTLOADER_CHECKSUM_BASIC, 0x0)
                [!provide]                PROVIDE (CYDEV_BOOTLOADER_IO_COMP, 0x0)
                [!provide]                PROVIDE (CYDEV_BOOTLOADER_IO_COMP, 0x0)
                [!provide]                PROVIDE (CYDEV_BOOTLOADER_IO_COMP_CUSTOM_IO, 0x0)
                [!provide]                PROVIDE (CYDEV_BOOTLOADER_IO_COMP_CUSTOM_IO, 0x0)
                [!provide]                PROVIDE (CYFLD_TCPWM_COUNTER_ENABLED__OFFSET, 0x0)
                [!provide]                PROVIDE (CYFLD_TCPWM_COUNTER_ENABLED__OFFSET, 0x0)
                0x00000001                PROVIDE (Bootloader__cy_region_num, 0x1)
                [!provide]                PROVIDE (CYDEV_BOOTLOADER_APPLICATIONS, 0x1)
                [!provide]                PROVIDE (CYDEV_BOOTLOADER_APPLICATIONS, 0x1)
                [!provide]                PROVIDE (CYDEV_BOOTLOADER_CHECKSUM_CRC, 0x1)
                [!provide]                PROVIDE (CYDEV_BOOTLOADER_CHECKSUM_CRC, 0x1)
                [!provide]                PROVIDE (CYDEV_BOOTLOADER_ENABLE, 0x1)
                [!provide]                PROVIDE (CYDEV_BOOTLOADER_ENABLE, 0x1)
                [!provide]                PROVIDE (CYDEV_BOOTLOADER_IO_COMP_LAUNCHER_ONLY, 0x1)
                [!provide]                PROVIDE (CYDEV_BOOTLOADER_IO_COMP_LAUNCHER_ONLY, 0x1)
                [!provide]                PROVIDE (CYDEV_USE_BUNDLED_CMSIS, 0x1)
                [!provide]                PROVIDE (CYDEV_USE_BUNDLED_CMSIS, 0x1)
                [!provide]                PROVIDE (CYFLD_CTBM_ENABLED__SIZE, 0x1)
                [!provide]                PROVIDE (CYFLD_CTBM_ENABLED__SIZE, 0x1)
                [!provide]                PROVIDE (CYFLD_PASS_DSAB_ENABLED__SIZE, 0x1)
                [!provide]                PROVIDE (CYFLD_PASS_DSAB_ENABLED__SIZE, 0x1)
                [!provide]                PROVIDE (CYFLD_SAR_ENABLED__SIZE, 0x1)
                [!provide]                PROVIDE (CYFLD_SAR_ENABLED__SIZE, 0x1)
                [!provide]                PROVIDE (CYFLD_SCB_CTS_ENABLED__SIZE, 0x1)
                [!provide]                PROVIDE (CYFLD_SCB_CTS_ENABLED__SIZE, 0x1)
                [!provide]                PROVIDE (CYFLD_SCB_ENABLED__SIZE, 0x1)
                [!provide]                PROVIDE (CYFLD_SCB_ENABLED__SIZE, 0x1)
                [!provide]                PROVIDE (CYFLD_SCB_PARITY_ENABLED__SIZE, 0x1)
                [!provide]                PROVIDE (CYFLD_SCB_PARITY_ENABLED__SIZE, 0x1)
                [!provide]                PROVIDE (CYDEV_BOOTLOADER_IO_COMP_BLE, 0x2)
                [!provide]                PROVIDE (CYDEV_BOOTLOADER_IO_COMP_BLE, 0x2)
                [!provide]                PROVIDE (CYFLD_TCPWM_COUNTER_ENABLED__SIZE, 0x4)
                [!provide]                PROVIDE (CYFLD_TCPWM_COUNTER_ENABLED__SIZE, 0x4)
                [!provide]                PROVIDE (CYFLD_SCB_PARITY_ENABLED__OFFSET, 0x5)
                [!provide]                PROVIDE (CYFLD_SCB_PARITY_ENABLED__OFFSET, 0x5)
                [!provide]                PROVIDE (CYFLD_SCB_CTS_ENABLED__OFFSET, 0x19)
                [!provide]                PROVIDE (CYFLD_SCB_CTS_ENABLED__OFFSET, 0x19)
                [!provide]                PROVIDE (CYFLD_CTBM_ENABLED__OFFSET, 0x1f)
                [!provide]                PROVIDE (CYFLD_CTBM_ENABLED__OFFSET, 0x1f)
                [!provide]                PROVIDE (CYFLD_PASS_DSAB_ENABLED__OFFSET, 0x1f)
                [!provide]                PROVIDE (CYFLD_PASS_DSAB_ENABLED__OFFSET, 0x1f)
                [!provide]                PROVIDE (CYFLD_SAR_ENABLED__OFFSET, 0x1f)
                [!provide]                PROVIDE (CYFLD_SAR_ENABLED__OFFSET, 0x1f)
                [!provide]                PROVIDE (CYFLD_SCB_ENABLED__OFFSET, 0x1f)
                [!provide]                PROVIDE (CYFLD_SCB_ENABLED__OFFSET, 0x1f)
                [!provide]                PROVIDE (Bootloader_LaunchBootloadable, 0xbe4)
                [!provide]                PROVIDE (Bootloader_GetMetadata, 0xbe8)
                [!provide]                PROVIDE (CyBle_ChangeAdLocalName, 0xcec)
                [!provide]                PROVIDE (CyBle_Init, 0xd64)
                [!provide]                PROVIDE (CyBle_ServiceInit, 0xd88)
                0x00000d90                PROVIDE (CyBle_Start, 0xd90)
                [!provide]                PROVIDE (CyBle_Stop, 0xe2c)
                0x00000e40                PROVIDE (CyBle_GappStartAdvertisement, 0xe40)
                [!provide]                PROVIDE (CyBle_GappStopAdvertisement, 0xebc)
                [!provide]                PROVIDE (CyBle_ChangeAdDeviceAddress, 0xed4)
                0x00000ed8                PROVIDE (CyBle_GapSetLocalName, 0xed8)
                [!provide]                PROVIDE (CyBle_GapGetLocalName, 0xf1c)
                [!provide]                PROVIDE (CyBle_Get16ByPtr, 0xf50)
                [!provide]                PROVIDE (CyBle_Set16ByPtr, 0xf5a)
                [!provide]                PROVIDE (CyBle_GattsWriteEventHandler, 0xf64)
                [!provide]                PROVIDE (CyBle_IsDeviceAddressValid, 0xfb4)
                [!provide]                PROVIDE (CyBle_EventHandler, 0xfd4)
                [!provide]                PROVIDE (CyBle_CustomInit, 0x11ec)
                [!provide]                PROVIDE (CyBle_BtsWriteEventHandler, 0x11f0)
                [!provide]                PROVIDE (CyBle_BtssPrepareWriteRequestEventHandler, 0x126c)
                [!provide]                PROVIDE (CyBle_BtssExecuteWriteRequestEventHandler, 0x129c)
                [!provide]                PROVIDE (CyBLE_Bless_LlRegWrite, 0x1780)
                [!provide]                PROVIDE (CyBLE_Bless_RfRegWrite, 0x1784)
                [!provide]                PROVIDE (CyBLE_BlessDeviceConfig, 0x1788)
                [!provide]                PROVIDE (CyBle_HalInit, 0x18bc)
                [!provide]                PROVIDE (CYBLE_BlessStart, 0x18d4)
                [!provide]                PROVIDE (CyBLE_GetIpBlockVersion, 0x18e4)
                [!provide]                PROVIDE (CyBle_Hal_pairing_local_public_key_handler, 0x18ec)
                [!provide]                PROVIDE (CyBle_Hal_pairing_remote_key_handler, 0x18f0)
                [!provide]                PROVIDE (CyBle_Hal_pairing_dhkey_handler, 0x18f4)
                [!provide]                PROVIDE (CyBle_Hal_pairing_dhkey_check_handler, 0x18f8)
                [!provide]                PROVIDE (CyBle_Hal_pairing_keypress_notification_handler, 0x18fc)
                [!provide]                PROVIDE (CyBle_Hal_pairing_rand_handler, 0x1900)
                [!provide]                PROVIDE (CyBle_Hal_pairing_confirm_handler, 0x1904)
                [!provide]                PROVIDE (CyBle_Hal_pairing_lr_confirming_handler, 0x1908)
                [!provide]                PROVIDE (CyBle_Hal_pairing_sc_tbx_local_pubkey_generate_complete, 0x190c)
                [!provide]                PROVIDE (CyBle_Hal_pairing_sc_tbx_generate_local_P256_public_key, 0x1910)
                [!provide]                PROVIDE (CyBle_Hal_se_smp_sc_user_passkey_handler, 0x1914)
                [!provide]                PROVIDE (CyBle_Hal_EccPointMult, 0x1918)
                [!provide]                PROVIDE (CyBLE_Bless_Interrupt, 0x19ac)
                [!provide]                PROVIDE (Bootloader__libc_init_array, 0x1cd8)
                [!provide]                PROVIDE (Bootloader_SizeBytes, 0x2c8c)
                [!provide]                PROVIDE (Bootloader_Checksum, 0x2c90)
                [!provide]                PROVIDE (CyBle_StackSetFeatureConfig, 0x2c94)
                [!provide]                PROVIDE (CyBle_StackInit, 0x2d70)
                0x00002eb8                PROVIDE (CyBle_Shutdown, 0x2eb8)
                [!provide]                PROVIDE (CyBle_SoftReset, 0x2edc)
                0x00002f14                PROVIDE (CyBle_EnterLPM, 0x2f14)
                [!provide]                PROVIDE (CyBle_ExitLPM, 0x2f1c)
                0x00002f24                PROVIDE (CyBle_ProcessEvents, 0x2f24)
                [!provide]                PROVIDE (CyBle_SetDeviceAddress, 0x2f2c)
                0x00002f50                PROVIDE (CyBle_GetDeviceAddress, 0x2f50)
                [!provide]                PROVIDE (CyBle_GetRssi, 0x2f58)
                [!provide]                PROVIDE (CyBle_GetTxPowerLevel, 0x2f7c)
                0x00002fd0                PROVIDE (CyBle_SetTxPowerLevel, 0x2fd0)
                [!provide]                PROVIDE (CyBle_GetBleClockCfgParam, 0x3058)
                [!provide]                PROVIDE (CyBle_SetBleClockCfgParam, 0x3078)
                [!provide]                PROVIDE (CyBle_GenerateRandomNumber, 0x3138)
                [!provide]                PROVIDE (CyBle_SetCeLengthParam, 0x3154)
                [!provide]                PROVIDE (CyBle_WriteAuthPayloadTimeout, 0x31f0)
                [!provide]                PROVIDE (CyBle_ReadAuthPayloadTimeout, 0x3274)
                [!provide]                PROVIDE (CyBle_GetStackLibraryVersion, 0x32d8)
                0x000032f2                PROVIDE (CyBle_GetBleSsState, 0x32f2)
                [!provide]                PROVIDE (CyBle_AesEncrypt, 0x3302)
                [!provide]                PROVIDE (CyBle_AesCcmInit, 0x3360)
                [!provide]                PROVIDE (CyBle_AesCcmEncrypt, 0x33d0)
                [!provide]                PROVIDE (CyBle_AesCcmDecrypt, 0x340a)
                [!provide]                PROVIDE (CyBle_SetTxGainMode, 0x3450)
                [!provide]                PROVIDE (CyBle_SetRxGainMode, 0x3488)
                [!provide]                PROVIDE (CyBle_GattGetMtuSize, 0x34a8)
                [!provide]                PROVIDE (CyBle_GattsEnableAttribute, 0x34c0)
                [!provide]                PROVIDE (CyBle_StartTimer, 0x351c)
                [!provide]                PROVIDE (CyBle_StopTimer, 0x3550)
                [!provide]                PROVIDE (CyBle_ControllerGetFeatureHeapReq, 0x3578)
                [!provide]                PROVIDE (CyBle_StackGetFeatureConfig, 0x35d0)
                [!provide]                PROVIDE (CyBle_StackValidateInputParams, 0x3608)
                [!provide]                PROVIDE (CyBle_GetHeapMemory, 0x3890)
                [!provide]                PROVIDE (CyBle_GetNumAppBufferPools, 0x38b8)
                [!provide]                PROVIDE (CyBle_HostStackBufferPoolInit, 0x38c4)
                [!provide]                PROVIDE (CyBle_CheckBleStackTaskStatus, 0x3db4)
                [!provide]                PROVIDE (CyBle_CreateBleStackTask, 0x3db8)
                [!provide]                PROVIDE (CyBle_SignalBleStackTask, 0x3de4)
                [!provide]                PROVIDE (CyBle_StackTaskHandler, 0x3e34)
                [!provide]                PROVIDE (CyBle_EnterDsmMode, 0x4624)
                [!provide]                PROVIDE (CyBle_ExitDsmMode, 0x4660)
                [!provide]                PROVIDE (CyBle_GetBleSsOperationalMode, 0x468c)
                [!provide]                PROVIDE (CyBle_GetEventCloseState, 0x4698)
                [!provide]                PROVIDE (CyBle_GetLpMode, 0x46a8)
                [!provide]                PROVIDE (CyBle_GetTxGainMode, 0x46d0)
                [!provide]                PROVIDE (CyBle_SetAutoWakeUp, 0x46fc)
                [!provide]                PROVIDE (CyBle_SetBleSsOperationalMode, 0x4708)
                [!provide]                PROVIDE (CyBle_SetEventCloseState, 0x4728)
                [!provide]                PROVIDE (ll_handle_conn_failed_indication, 0x6cb0)
                [!provide]                PROVIDE (CyBle_BluetoothOnCmptCB, 0xa91c)
                [!provide]                PROVIDE (CyBle_HostStackInit, 0xa9d0)
                [!provide]                PROVIDE (CyBle_HostStackOff, 0xaa0c)
                [!provide]                PROVIDE (CyBle_HostStackOn, 0xaa1c)
                [!provide]                PROVIDE (CyBle_SendEvToApp, 0xaa60)
                [!provide]                PROVIDE (CyBle_TimerExpiryHandler, 0xaa74)
                [!provide]                PROVIDE (CyBle_L2capCB, 0xbb70)
                [!provide]                PROVIDE (CyBle_L2capFreeBuffers, 0xbba4)
                [!provide]                PROVIDE (CyBle_L2capInit, 0xbbd8)
                [!provide]                PROVIDE (CyBle_L2capMemsetBuffers, 0xbd3c)
                [!provide]                PROVIDE (CyBle_L2capShutdown, 0xbd90)
                [!provide]                PROVIDE (CyBle_L2capTxQueueFlowCb, 0xbd9c)
                [!provide]                PROVIDE (CyBle_Dummy_GapHciEvent, 0xd4c0)
                [!provide]                PROVIDE (CyBle_GapAdvTimerExpiryHandler, 0xd4c4)
                [!provide]                PROVIDE (CyBle_GapCheckErrCode, 0xd4ec)
                [!provide]                PROVIDE (CyBle_GapGetBondedDevicesList, 0xd5c0)
                [!provide]                PROVIDE (CyBle_GapGetPeerConnHandle, 0xd650)
                [!provide]                PROVIDE (CyBle_GapHciCommandCompleteEvent, 0xd684)
                [!provide]                PROVIDE (CyBle_GapHciMetaEvent, 0xd748)
                [!provide]                PROVIDE (CyBle_GapInit, 0xd80c)
                [!provide]                PROVIDE (CyBle_GapSetIdAddress, 0xd838)
                [!provide]                PROVIDE (CyBle_GapSetIoCap, 0xd860)
                [!provide]                PROVIDE (CyBle_GapSetLeEventMask, 0xd89c)
                [!provide]                PROVIDE (CyBle_GapSetScanRspData, 0xd8b4)
                [!provide]                PROVIDE (CyBle_GapSignData, 0xd8dc)
                [!provide]                PROVIDE (CyBle_GapStartAdvertising, 0xda2c)
                [!provide]                PROVIDE (CyBle_GapUpdateBdAddress, 0xda4c)
                [!provide]                PROVIDE (CyBle_GappAuthReqReply, 0xda80)
                [!provide]                PROVIDE (CyBle_GappEnterDiscoveryMode, 0xdb00)
                [!provide]                PROVIDE (CyBle_GappExitDiscoveryMode, 0xdc64)
                [!provide]                PROVIDE (CyBle_HciCb, 0xdc8c)
                [!provide]                PROVIDE (CyBle_SmpCb, 0xdd18)
                [!provide]                PROVIDE (CyBle_GattCB, 0xdee4)
                [!provide]                PROVIDE (CyBle_GattDBGet16BitUUID, 0xe580)
                [!provide]                PROVIDE (CyBle_GattInit, 0xe5f0)
                [!provide]                PROVIDE (CyBle_GattResetGlobals, 0xe610)
                [!provide]                PROVIDE (CyBle_GattShutdown, 0xe62c)
                [!provide]                PROVIDE (CyBle_SendPDU, 0xe634)
                [!provide]                PROVIDE (CyBle_GattClientInit, 0xe6c0)
                [!provide]                PROVIDE (CyBle_GattSendPrepWriteReq, 0xe6c8)
                [!provide]                PROVIDE (CyBle_GattcResetGlobals, 0xe758)
                [!provide]                PROVIDE (CyBle_GattcSendSignedWriteCmd, 0xe7c4)
                [!provide]                PROVIDE (CyBle_HandleGattErrorRsp, 0xe804)
                [!provide]                PROVIDE (CyBle_HandleGattExecWriteRsp, 0xe838)
                [!provide]                PROVIDE (CyBle_HandleGattFindByTypeValRsp, 0xe858)
                [!provide]                PROVIDE (CyBle_HandleGattFindInfoRsp, 0xe920)
                [!provide]                PROVIDE (CyBle_HandleGattPrepWriteRsp, 0xe9c0)
                [!provide]                PROVIDE (CyBle_HandleGattReadBlobRsp, 0xea64)
                [!provide]                PROVIDE (CyBle_HandleGattReadByGrpTypeRsp, 0xeac4)
                [!provide]                PROVIDE (CyBle_HandleGattReadByTypeRsp, 0xeb54)
                [!provide]                PROVIDE (CyBle_SendGattReadByTypeRspToApp, 0xec58)
                [!provide]                PROVIDE (CyBle_GattEventMemFromApp, 0xec74)
                [!provide]                PROVIDE (CyBle_GattFreeWriteQueue, 0xec94)
                [!provide]                PROVIDE (CyBle_GattGetRemainingLocalMtuSize, 0xecb8)
                [!provide]                PROVIDE (CyBle_GattPrepareWriteEnqueue, 0xece8)
                [!provide]                PROVIDE (CyBle_GattServerInit, 0xed4c)
                [!provide]                PROVIDE (CyBle_GattServerShutdown, 0xed74)
                [!provide]                PROVIDE (CyBle_GattsErrorRsp, 0xed88)
                [!provide]                PROVIDE (CyBle_GattsExchangeMtuRsp, 0xed9c)
                [!provide]                PROVIDE (CyBle_GattsGetPrepWriteMemFromApp, 0xedbc)
                0x0000ee04                PROVIDE (CyBle_GattsNotification, 0xee04)
                [!provide]                PROVIDE (CyBle_GattsPrepWriteReqSupport, 0xee28)
                [!provide]                PROVIDE (CyBle_GattsResetGlobals, 0xee38)
                [!provide]                PROVIDE (CyBle_GattsSendSignedWriteEvent, 0xee54)
                0x0000eec0                PROVIDE (CyBle_GattsWriteRsp, 0xeec0)
                [!provide]                PROVIDE (CyBle_HandleGattExecuteWriteReq, 0xeed0)
                [!provide]                PROVIDE (CyBle_HandleGattFindByTypeValReq, 0xef98)
                [!provide]                PROVIDE (CyBle_HandleGattFindInfoReq, 0xf014)
                [!provide]                PROVIDE (CyBle_HandleGattPrepWriteReq, 0xf0ac)
                [!provide]                PROVIDE (CyBle_HandleGattReadByGrpTypeReq, 0xf190)
                [!provide]                PROVIDE (CyBle_HandleGattReadByTypeReq, 0xf238)
                [!provide]                PROVIDE (CyBle_HandleGattReadMultiReq, 0xf31c)
                [!provide]                PROVIDE (CyBle_HandleGattReadReq, 0xf3ec)
                [!provide]                PROVIDE (CyBle_GattDBAccessHandle, 0xf4a0)
                [!provide]                PROVIDE (CyBle_GattDBGetGroupRangeValpair, 0xf59c)
                [!provide]                PROVIDE (CyBle_GattDBGetHandleUUIDValuePair, 0xf734)
                [!provide]                PROVIDE (CyBle_GattsDbRegister, 0xf900)
                [!provide]                PROVIDE (CyBle_GattsWriteAttributeValue, 0xf930)
                [!provide]                PROVIDE (CyBle_SmpGetConfig, 0x10ac8)
                [!provide]                PROVIDE (CyBle_SmpSetConfig, 0x10ad4)
                [!provide]                PROVIDE (CyBle_SmpGetFeatureHeapReq, 0x10dcc)
                [!provide]                PROVIDE (CyBle_SmpHeapInit, 0x10de8)
                [!provide]                PROVIDE (CyBle_SmpIsDeviceSecureConnectionOnly, 0x10e58)
                [!provide]                PROVIDE (CyBle_SmpScTbGetFeatureHeapReq, 0x112aa)
                [!provide]                PROVIDE (CyBle_SmpScTbHeapInit, 0x112b0)
                [!provide]                PROVIDE (CyBle_EccGetFeatureHeapReq, 0x11b0c)
                [!provide]                PROVIDE (CyBle_EccHeapInit, 0x11b14)
                [!provide]                PROVIDE (CyBle_GattDbCheckPermission, 0x12dd0)
                [!provide]                PROVIDE (CyBle_GattDbCompareCharValue, 0x12ed4)
                [!provide]                PROVIDE (CyBle_GattDbFetchAttrType, 0x12f18)
                [!provide]                PROVIDE (CyBle_GattDbFetchAttrValue, 0x1302c)
                [!provide]                PROVIDE (CyBle_GattDbFindCharHandle, 0x130c8)
                [!provide]                PROVIDE (CyBle_GattDbFindLastGrpEntryInService, 0x13158)
                [!provide]                PROVIDE (CyBle_GattDbFindNearestServiceHandle, 0x131b4)
                [!provide]                PROVIDE (CyBle_GattDbIsCharHandleValid, 0x13204)
                [!provide]                PROVIDE (CyBle_GattDbPackAttrUuidValue, 0x13234)
                [!provide]                PROVIDE (CyBle_GattDbPackAttrValue, 0x132ec)
                [!provide]                PROVIDE (CyBle_GattDbPackSerAttrUuidValue, 0x133a8)
                [!provide]                PROVIDE (CyBle_IsAttrEnabled, 0x134a8)
                [!provide]                PROVIDE (CyBle_Hal_pairing_dhkey_check_handler_wrapper, 0x139ac)
                [!provide]                PROVIDE (CyBle_Hal_pairing_dhkey_handler_wrapper, 0x139c8)
                [!provide]                PROVIDE (CyBle_Hal_pairing_keypress_notification_handler_wrapper, 0x139e4)
                [!provide]                PROVIDE (CyBle_Hal_pairing_local_public_key_handler_wrapper, 0x13a00)
                [!provide]                PROVIDE (CyBle_Hal_pairing_remote_key_handler_wrapper, 0x13a1c)
                [!provide]                PROVIDE (CyBle_BleSSInterruptHandler, 0x146d0)
                [!provide]                PROVIDE (cyBle_gattDB, 0x14edc)
                [!provide]                PROVIDE (cyBle_attUuid128, 0x15080)
                [!provide]                PROVIDE (cyBle_gatts, 0x150d0)
                0x000151c4                PROVIDE (Bootloader__cy_regions, 0x151c4)
                [!provide]                PROVIDE (Bootloader__cy_regions_end, 0x151d4)
                [!provide]                PROVIDE (cyBle_stackMemoryRam, 0x200000d0)
                0x20000cd0                PROVIDE (cyBle_discoveryData, 0x20000cd0)
                0x20000cf0                PROVIDE (cyBle_scanRspData, 0x20000cf0)
                [!provide]                PROVIDE (cyBle_discoveryModeInfo, 0x20000d10)
                [!provide]                PROVIDE (cyBle_sflashDeviceAddress, 0x20000d24)
                0x20000d28                PROVIDE (cyBle_deviceAddress, 0x20000d28)
                0x20000d30                PROVIDE (cyBle_discoveryParam, 0x20000d30)
                [!provide]                PROVIDE (cyBle_attValuesLen, 0x20000d40)
                [!provide]                PROVIDE (cyBle_attValues, 0x20000db8)
                [!provide]                PROVIDE (cyBle_authInfo, 0x20000e8c)
                [!provide]                PROVIDE (CyBle_StackState, 0x20000ea4)
                [!provide]                PROVIDE (CyBle_GattDbTotalEntries, 0x20001070)
                [!provide]                PROVIDE (CyBle_GattDbMaxValLength, 0x20001072)
                [!provide]                PROVIDE (CyBle_GattDbInternal, 0x20001074)
                [!provide]                PROVIDE (cyBle_initVar, 0x20001218)
                [!provide]                PROVIDE (cyBle_cmdLength, 0x20001224)
                [!provide]                PROVIDE (cyBle_cmdReceivedFlag, 0x20001226)
                [!provide]                PROVIDE (CyBle_ApplCallback, 0x20002320)
                [!provide]                PROVIDE (cyBle_attValuesCCCD, 0x20002324)
                0x2000233a                PROVIDE (cyBle_state, 0x2000233a)
                [!provide]                PROVIDE (cyBle_busyStatus, 0x2000233b)
                0x2000233c                PROVIDE (cyBle_connHandle, 0x2000233c)
                [!provide]                PROVIDE (cyBle_advertisingIntervalType, 0x2000233e)
                [!provide]                PROVIDE (cyBle_eventHandlerFlag, 0x2000233f)
                [!provide]                PROVIDE (cyBle_btsBuffPtr, 0x20002340)
                0x00002348                BOOTLOADER_RAM_SIZE = 0x2348
                0x00020000                CY_APPL_ORIGIN = 0x20000
                0x00000100                CY_FLASH_ROW_SIZE = 0x100
                0x00000001                CY_APPL_NUM = 0x1
                0x00000001                CY_APPL_MAX = 0x1
                0x00000040                CY_METADATA_SIZE = 0x40
                0x00000001                CY_APPL_LOADABLE = 0x1
                0x00000000                CY_CHECKSUM_EXCLUDE_SIZE = ALIGN (0x0, CY_FLASH_ROW_SIZE)
                0x00000000                CY_APP_FOR_STACK_AND_COPIER = 0x0
                [!provide]                PROVIDE (__cy_heap_start, _end)
                0x00000001                PROVIDE (__cy_region_num, ((__cy_regions_end - __cy_regions) / 0x10))
                0x20008000                PROVIDE (__cy_stack, (ORIGIN (ram) + LENGTH (ram)))
                [!provide]                PROVIDE (__cy_heap_end, (__cy_stack - 0x800))

.cybootloader   0x00000000    0x16000
 *(.cybootloader)
 .cybootloader  0x00000000    0x16000 .\CortexM0\ARM_GCC_541\Debug\cybootloader.o
                0x00000000                cy_bootloader
                0x00020000                appl1_start = CY_APPL_ORIGIN?CY_APPL_ORIGIN:ALIGN (CY_FLASH_ROW_SIZE)
                0x0002ff00                appl2_start = (appl1_start + ALIGN ((((LENGTH (rom) - appl1_start) - (0x2 * CY_FLASH_ROW_SIZE)) / 0x2), CY_FLASH_ROW_SIZE))
                0x00020000                appl_start = (CY_APPL_NUM == 0x1)?appl1_start:appl2_start
                0x00000000                cy_project_type_bootloader = (appl_start == 0x0)?0x1:0x0
                0x00000000                cy_project_type_app_for_stack_and_copier = (CY_APP_FOR_STACK_AND_COPIER == 0x1)?0x1:0x0

.text           0x00020000     0x7248
 CREATE_OBJECT_SYMBOLS
                0x00020000                PROVIDE (__cy_interrupt_vector, RomVectors)
 *(.romvectors)
 .romvectors    0x00020000       0x10 .\CortexM0\ARM_GCC_541\Debug\Cm0Start.o
                0x00020000                RomVectors
                0x00000001                ASSERT ((. != __cy_interrupt_vector), No interrupt vector)
                0x00000001                ASSERT (CY_APPL_ORIGIN?(SIZEOF (.cybootloader) <= CY_APPL_ORIGIN):0x1, Wrong image location)
                0x00020010                PROVIDE (__cy_reset, Reset)
 *(.text.Reset)
 .text.Reset    0x00020010       0x10 .\CortexM0\ARM_GCC_541\Debug\Cm0Start.o
                0x00020010                Reset
                0x00000001                ASSERT ((. != __cy_reset), No reset code)
 *(.psocinit)
 .psocinit      0x00020020      0x27c .\CortexM0\ARM_GCC_541\Debug\cyfitter_cfg.o
                0x00020020                cyfitter_cfg
                0x0002029c                . = MAX (., 0x100)
 *(.text .text.* .gnu.linkonce.t.*)
 .text          0x0002029c       0x60 c:/program files (x86)/cypress/psoc creator/4.1/psoc creator/import/gnu/arm/5.4.1/bin/../lib/gcc/arm-none-eabi/5.4.1/armv6-m/crtbegin.o
 .text.KeyExpansion
                0x000202fc       0x9c .\CortexM0\ARM_GCC_541\Debug\aes.o
 .text.AddRoundKey
                0x00020398       0x3c .\CortexM0\ARM_GCC_541\Debug\aes.o
 .text.SubBytes
                0x000203d4       0x28 .\CortexM0\ARM_GCC_541\Debug\aes.o
 .text.ShiftRows
                0x000203fc       0x3c .\CortexM0\ARM_GCC_541\Debug\aes.o
 .text.xtime    0x00020438        0xe .\CortexM0\ARM_GCC_541\Debug\aes.o
 *fill*         0x00020446        0x2 
 .text.InvSubBytes
                0x00020448       0x2c .\CortexM0\ARM_GCC_541\Debug\aes.o
 .text.InvShiftRows
                0x00020474       0x3c .\CortexM0\ARM_GCC_541\Debug\aes.o
 .text.AES128_ECB_encrypt
                0x000204b0       0xb8 .\CortexM0\ARM_GCC_541\Debug\aes.o
                0x000204b0                AES128_ECB_encrypt
 .text.AES128_ECB_decrypt
                0x00020568      0x164 .\CortexM0\ARM_GCC_541\Debug\aes.o
                0x00020568                AES128_ECB_decrypt
 .text.bt_lock_crypto
                0x000206cc       0x3e .\CortexM0\ARM_GCC_541\Debug\Aesecb.o
                0x000206cc                bt_lock_crypto
 .text.do_crypt
                0x0002070a        0xe .\CortexM0\ARM_GCC_541\Debug\crypt.o
                0x0002070a                do_crypt
 .text.MyCrc16Check
                0x00020718       0x38 .\CortexM0\ARM_GCC_541\Debug\crc16check.o
                0x00020718                MyCrc16Check
 .text.BleSend  0x00020750       0x48 .\CortexM0\ARM_GCC_541\Debug\Bluetooth.o
                0x00020750                BleSend
 .text.BleRecv  0x00020798       0x78 .\CortexM0\ARM_GCC_541\Debug\Bluetooth.o
                0x00020798                BleRecv
 .text.Mifare_Auth
                0x00020810       0x70 .\CortexM0\ARM_GCC_541\Debug\mifare_card.o
                0x00020810                Mifare_Auth
 .text.Mifare_Blockread
                0x00020880       0x42 .\CortexM0\ARM_GCC_541\Debug\mifare_card.o
                0x00020880                Mifare_Blockread
 .text.Mifare_Blockwrite
                0x000208c2       0x72 .\CortexM0\ARM_GCC_541\Debug\mifare_card.o
                0x000208c2                Mifare_Blockwrite
 .text.TypeA_Request
                0x00020934       0x66 .\CortexM0\ARM_GCC_541\Debug\type_a.o
                0x00020934                TypeA_Request
 .text.TypeA_Save_UID
                0x0002099a       0x64 .\CortexM0\ARM_GCC_541\Debug\type_a.o
                0x0002099a                TypeA_Save_UID
 .text.TypeA_Set_BitFraming
                0x000209fe       0xa8 .\CortexM0\ARM_GCC_541\Debug\type_a.o
                0x000209fe                TypeA_Set_BitFraming
 .text.TypeA_Anticollision
                0x00020aa6      0x13c .\CortexM0\ARM_GCC_541\Debug\type_a.o
                0x00020aa6                TypeA_Anticollision
 .text.TypeA_Select
                0x00020be2       0x78 .\CortexM0\ARM_GCC_541\Debug\type_a.o
                0x00020be2                TypeA_Select
 .text.TypeA_Halt
                0x00020c5a       0x50 .\CortexM0\ARM_GCC_541\Debug\type_a.o
                0x00020c5a                TypeA_Halt
 .text.TypeA_CardActive
                0x00020caa       0xd0 .\CortexM0\ARM_GCC_541\Debug\type_a.o
                0x00020caa                TypeA_CardActive
 .text.TypeB_WUP
                0x00020d7a       0x3e .\CortexM0\ARM_GCC_541\Debug\type_b.o
                0x00020d7a                TypeB_WUP
 .text.TypeB_Select
                0x00020db8       0x44 .\CortexM0\ARM_GCC_541\Debug\type_b.o
                0x00020db8                TypeB_Select
 .text.TypeB_GetUID
                0x00020dfc       0x30 .\CortexM0\ARM_GCC_541\Debug\type_b.o
                0x00020dfc                TypeB_GetUID
 .text.SPI_Send_Dat
                0x00020e2c       0x4c .\CortexM0\ARM_GCC_541\Debug\spi.o
 .text.SPI_Receive_Dat
                0x00020e78       0x4c .\CortexM0\ARM_GCC_541\Debug\spi.o
 .text.SPI_Init
                0x00020ec4       0x16 .\CortexM0\ARM_GCC_541\Debug\spi.o
                0x00020ec4                SPI_Init
 .text.spi_SetReg
                0x00020eda       0x24 .\CortexM0\ARM_GCC_541\Debug\spi.o
                0x00020eda                spi_SetReg
 .text.spi_GetReg
                0x00020efe       0x28 .\CortexM0\ARM_GCC_541\Debug\spi.o
                0x00020efe                spi_GetReg
 *fill*         0x00020f26        0x2 
 .text.CardBlock_Wr
                0x00020f28       0x5c .\CortexM0\ARM_GCC_541\Debug\card.o
                0x00020f28                CardBlock_Wr
 .text.CardBlock_Rd
                0x00020f84       0x54 .\CortexM0\ARM_GCC_541\Debug\card.o
                0x00020f84                CardBlock_Rd
 .text.IsCardLegality
                0x00020fd8       0x64 .\CortexM0\ARM_GCC_541\Debug\card.o
                0x00020fd8                IsCardLegality
 .text.CardInfoUpdate
                0x0002103c       0xac .\CortexM0\ARM_GCC_541\Debug\card.o
                0x0002103c                CardInfoUpdate
 .text.CardScan
                0x000210e8       0x68 .\CortexM0\ARM_GCC_541\Debug\card.o
                0x000210e8                CardScan
 .text.CardRead
                0x00021150       0x5c .\CortexM0\ARM_GCC_541\Debug\card.o
                0x00021150                CardRead
 .text.detect_nfc_card
                0x000211ac       0x22 .\CortexM0\ARM_GCC_541\Debug\card.o
                0x000211ac                detect_nfc_card
 .text.pcd_RST  0x000211ce       0x2c .\CortexM0\ARM_GCC_541\Debug\fm175xx.o
                0x000211ce                pcd_RST
 .text.Read_Reg
                0x000211fa        0x8 .\CortexM0\ARM_GCC_541\Debug\fm175xx.o
                0x000211fa                Read_Reg
 .text.Write_Reg
                0x00021202        0xa .\CortexM0\ARM_GCC_541\Debug\fm175xx.o
                0x00021202                Write_Reg
 .text.Set_BitMask
                0x0002120c       0x16 .\CortexM0\ARM_GCC_541\Debug\fm175xx.o
                0x0002120c                Set_BitMask
 .text.Clear_FIFO
                0x00021222       0x18 .\CortexM0\ARM_GCC_541\Debug\fm175xx.o
                0x00021222                Clear_FIFO
 .text.Clear_BitMask
                0x0002123a       0x18 .\CortexM0\ARM_GCC_541\Debug\fm175xx.o
                0x0002123a                Clear_BitMask
 .text.Set_Rf   0x00021252       0x48 .\CortexM0\ARM_GCC_541\Debug\fm175xx.o
                0x00021252                Set_Rf
 *fill*         0x0002129a        0x2 
 .text.Pcd_Comm
                0x0002129c      0x124 .\CortexM0\ARM_GCC_541\Debug\fm175xx.o
                0x0002129c                Pcd_Comm
 .text.Pcd_SetTimer
                0x000213c0       0x5c .\CortexM0\ARM_GCC_541\Debug\fm175xx.o
                0x000213c0                Pcd_SetTimer
 .text.Pcd_ConfigISOType
                0x0002141c       0x8a .\CortexM0\ARM_GCC_541\Debug\fm175xx.o
                0x0002141c                Pcd_ConfigISOType
 .text.FM175X_SoftReset
                0x000214a6       0x14 .\CortexM0\ARM_GCC_541\Debug\fm175xx.o
                0x000214a6                FM175X_SoftReset
 .text.FM175XX_Initial
                0x000214ba       0x14 .\CortexM0\ARM_GCC_541\Debug\fm175xx.o
                0x000214ba                FM175XX_Initial
 .text.nfc_init
                0x000214ce       0x1e .\CortexM0\ARM_GCC_541\Debug\fm175xx.o
                0x000214ce                nfc_init
 .text.nfc_detect_type_b
                0x000214ec       0x62 .\CortexM0\ARM_GCC_541\Debug\fm175xx.o
                0x000214ec                nfc_detect_type_b
 .text.FLASH_SPI_Send_Dat
                0x0002154e       0x4c .\CortexM0\ARM_GCC_541\Debug\flash_spi.o
 .text.FLASH_SPI_Receive_Dat
                0x0002159a       0x4c .\CortexM0\ARM_GCC_541\Debug\flash_spi.o
 .text.FLASH_ReadWriteByte
                0x000215e6       0x14 .\CortexM0\ARM_GCC_541\Debug\flash_spi.o
                0x000215e6                FLASH_ReadWriteByte
 .text.user_find_free_id
                0x000215fa       0x38 .\CortexM0\ARM_GCC_541\Debug\user_data.o
                0x000215fa                user_find_free_id
 .text.user_set_valid_flag
                0x00021632       0x12 .\CortexM0\ARM_GCC_541\Debug\user_data.o
                0x00021632                user_set_valid_flag
 .text.user_clr_valid_flag
                0x00021644       0x14 .\CortexM0\ARM_GCC_541\Debug\user_data.o
                0x00021644                user_clr_valid_flag
 .text.user_add_info
                0x00021658       0x18 .\CortexM0\ARM_GCC_541\Debug\user_data.o
                0x00021658                user_add_info
 .text.user_del_info
                0x00021670       0x26 .\CortexM0\ARM_GCC_541\Debug\user_data.o
                0x00021670                user_del_info
 .text.user_get_info
                0x00021696       0x18 .\CortexM0\ARM_GCC_541\Debug\user_data.o
                0x00021696                user_get_info
 .text.user_get_card_uid
                0x000216ae       0x1a .\CortexM0\ARM_GCC_541\Debug\user_data.o
                0x000216ae                user_get_card_uid
 .text.user_get_user_id
                0x000216c8       0x4c .\CortexM0\ARM_GCC_541\Debug\user_data.o
                0x000216c8                user_get_user_id
 .text.user_get_valid_time
                0x00021714       0x18 .\CortexM0\ARM_GCC_541\Debug\user_data.o
                0x00021714                user_get_valid_time
 .text.add_user
                0x0002172c       0x32 .\CortexM0\ARM_GCC_541\Debug\user_data.o
                0x0002172c                add_user
 .text.chg_user
                0x0002175e       0x28 .\CortexM0\ARM_GCC_541\Debug\user_data.o
                0x0002175e                chg_user
 .text.del_user
                0x00021786       0x30 .\CortexM0\ARM_GCC_541\Debug\user_data.o
                0x00021786                del_user
 *fill*         0x000217b6        0x2 
 .text.clr_user
                0x000217b8       0x4c .\CortexM0\ARM_GCC_541\Debug\user_data.o
                0x000217b8                clr_user
 .text.UserData_Add_User
                0x00021804       0x46 .\CortexM0\ARM_GCC_541\Debug\user_data.o
                0x00021804                UserData_Add_User
 .text.UserData_DEL_User
                0x0002184a       0x2e .\CortexM0\ARM_GCC_541\Debug\user_data.o
                0x0002184a                UserData_DEL_User
 .text.UserData_CLR_User
                0x00021878        0x8 .\CortexM0\ARM_GCC_541\Debug\user_data.o
                0x00021878                UserData_CLR_User
 .text.UserData_Judge_If_Open
                0x00021880       0x4c .\CortexM0\ARM_GCC_541\Debug\user_data.o
                0x00021880                UserData_Judge_If_Open
 .text.Write_Open_UploadFlag
                0x000218cc       0x44 .\CortexM0\ARM_GCC_541\Debug\user_data.o
                0x000218cc                Write_Open_UploadFlag
 .text.Write_Open_Type
                0x00021910       0x24 .\CortexM0\ARM_GCC_541\Debug\user_data.o
                0x00021910                Write_Open_Type
 .text.Read_Open_Type
                0x00021934       0x28 .\CortexM0\ARM_GCC_541\Debug\user_data.o
                0x00021934                Read_Open_Type
 .text.Write_Open_Qty
                0x0002195c       0x18 .\CortexM0\ARM_GCC_541\Debug\user_data.o
                0x0002195c                Write_Open_Qty
 .text.Read_Open_Qty
                0x00021974       0x1a .\CortexM0\ARM_GCC_541\Debug\user_data.o
                0x00021974                Read_Open_Qty
 *fill*         0x0002198e        0x2 
 .text.Write_OpenInfo
                0x00021990       0x6c .\CortexM0\ARM_GCC_541\Debug\user_data.o
                0x00021990                Write_OpenInfo
 .text.Read_OpenInfo
                0x000219fc       0x64 .\CortexM0\ARM_GCC_541\Debug\user_data.o
                0x000219fc                Read_OpenInfo
 .text.Find_Open_StartNum
                0x00021a60       0x64 .\CortexM0\ARM_GCC_541\Debug\user_data.o
                0x00021a60                Find_Open_StartNum
 .text.Find_Open_EndNum
                0x00021ac4       0x64 .\CortexM0\ARM_GCC_541\Debug\user_data.o
                0x00021ac4                Find_Open_EndNum
 .text.Find_Open_ValidQty
                0x00021b28       0x3c .\CortexM0\ARM_GCC_541\Debug\user_data.o
                0x00021b28                Find_Open_ValidQty
 .text.Get_Open_Info
                0x00021b64       0x30 .\CortexM0\ARM_GCC_541\Debug\user_data.o
                0x00021b64                Get_Open_Info
 .text.FindAndSet_UploadTime_UploadFlag
                0x00021b94      0x1f4 .\CortexM0\ARM_GCC_541\Debug\user_data.o
                0x00021b94                FindAndSet_UploadTime_UploadFlag
 .text.Write_CenterIpType
                0x00021d88       0x18 .\CortexM0\ARM_GCC_541\Debug\user_data.o
                0x00021d88                Write_CenterIpType
 .text.Read_CenterIpType
                0x00021da0       0x18 .\CortexM0\ARM_GCC_541\Debug\user_data.o
                0x00021da0                Read_CenterIpType
 .text.Write_UpdateInfo
                0x00021db8       0x2c .\CortexM0\ARM_GCC_541\Debug\user_data.o
                0x00021db8                Write_UpdateInfo
 .text.Clear_AllOPeninfo
                0x00021de4       0x98 .\CortexM0\ARM_GCC_541\Debug\user_data.o
                0x00021de4                Clear_AllOPeninfo
 .text.SPI2_Init
                0x00021e7c       0x10 .\CortexM0\ARM_GCC_541\Debug\w25qxx.o
                0x00021e7c                SPI2_Init
 .text.W25QXX_ReadSR
                0x00021e8c       0x32 .\CortexM0\ARM_GCC_541\Debug\w25qxx.o
                0x00021e8c                W25QXX_ReadSR
 .text.W25QXX_Write_Enable
                0x00021ebe       0x18 .\CortexM0\ARM_GCC_541\Debug\w25qxx.o
                0x00021ebe                W25QXX_Write_Enable
 .text.W25QXX_ReadID
                0x00021ed6       0x4a .\CortexM0\ARM_GCC_541\Debug\w25qxx.o
                0x00021ed6                W25QXX_ReadID
 .text.W25QXX_Init
                0x00021f20       0x3c .\CortexM0\ARM_GCC_541\Debug\w25qxx.o
                0x00021f20                W25QXX_Init
 .text.W25QXX_Read
                0x00021f5c       0x4e .\CortexM0\ARM_GCC_541\Debug\w25qxx.o
                0x00021f5c                W25QXX_Read
 .text.W25QXX_Wait_Idle
                0x00021faa       0x10 .\CortexM0\ARM_GCC_541\Debug\w25qxx.o
                0x00021faa                W25QXX_Wait_Idle
 .text.W25QXX_Write_Page
                0x00021fba       0x58 .\CortexM0\ARM_GCC_541\Debug\w25qxx.o
                0x00021fba                W25QXX_Write_Page
 *fill*         0x00022012        0x2 
 .text.W25QXX_Write_NoCheck
                0x00022014       0x5c .\CortexM0\ARM_GCC_541\Debug\w25qxx.o
                0x00022014                W25QXX_Write_NoCheck
 .text.W25QXX_Erase_Sector
                0x00022070       0x42 .\CortexM0\ARM_GCC_541\Debug\w25qxx.o
                0x00022070                W25QXX_Erase_Sector
 *fill*         0x000220b2        0x2 
 .text.W25QXX_Write
                0x000220b4       0xd0 .\CortexM0\ARM_GCC_541\Debug\w25qxx.o
                0x000220b4                W25QXX_Write
 .text.CyCharToHex
                0x00022184       0x28 .\CortexM0\ARM_GCC_541\Debug\AtProtocol.o
                0x00022184                CyCharToHex
 .text.GPRS_AT_ParaInit
                0x000221ac       0x44 .\CortexM0\ARM_GCC_541\Debug\AtProtocol.o
                0x000221ac                GPRS_AT_ParaInit
 .text.GPRS_Send_ConnectServer
                0x000221f0       0x14 .\CortexM0\ARM_GCC_541\Debug\AtProtocol.o
                0x000221f0                GPRS_Send_ConnectServer
 .text.GPRS_Send_LengthOfSendData
                0x00022204       0x10 .\CortexM0\ARM_GCC_541\Debug\AtProtocol.o
                0x00022204                GPRS_Send_LengthOfSendData
 .text.GPRS_AT_CheckAck
                0x00022214       0x18 .\CortexM0\ARM_GCC_541\Debug\AtProtocol.o
                0x00022214                GPRS_AT_CheckAck
 .text.GPRS_AT_SendAndCheckAck
                0x0002222c       0x4c .\CortexM0\ARM_GCC_541\Debug\AtProtocol.o
                0x0002222c                GPRS_AT_SendAndCheckAck
 .text.GPRS_WaitInitFinish
                0x00022278       0x48 .\CortexM0\ARM_GCC_541\Debug\AtProtocol.o
                0x00022278                GPRS_WaitInitFinish
 .text.GPRS_TestAndWaitCommonOK
                0x000222c0       0x24 .\CortexM0\ARM_GCC_541\Debug\AtProtocol.o
                0x000222c0                GPRS_TestAndWaitCommonOK
 .text.GPRS_QuerySimCard
                0x000222e4       0x2c .\CortexM0\ARM_GCC_541\Debug\AtProtocol.o
                0x000222e4                GPRS_QuerySimCard
 .text.GPRS_QueryCREG
                0x00022310       0x48 .\CortexM0\ARM_GCC_541\Debug\AtProtocol.o
                0x00022310                GPRS_QueryCREG
 .text.GPRS_QueryRssi
                0x00022358       0x68 .\CortexM0\ARM_GCC_541\Debug\AtProtocol.o
                0x00022358                GPRS_QueryRssi
 .text.GPRS_SetAPN
                0x000223c0       0x28 .\CortexM0\ARM_GCC_541\Debug\AtProtocol.o
                0x000223c0                GPRS_SetAPN
 .text.GPRS_SetActive
                0x000223e8       0x28 .\CortexM0\ARM_GCC_541\Debug\AtProtocol.o
                0x000223e8                GPRS_SetActive
 .text.GPRS_CheckConnectState
                0x00022410       0x58 .\CortexM0\ARM_GCC_541\Debug\AtProtocol.o
                0x00022410                GPRS_CheckConnectState
 .text.GPRS_ClosedConnect
                0x00022468       0x6c .\CortexM0\ARM_GCC_541\Debug\AtProtocol.o
                0x00022468                GPRS_ClosedConnect
 .text.GPRS_SetConnectMode
                0x000224d4       0x30 .\CortexM0\ARM_GCC_541\Debug\AtProtocol.o
                0x000224d4                GPRS_SetConnectMode
 .text.GPRS_OpenNetworkLED
                0x00022504       0x30 .\CortexM0\ARM_GCC_541\Debug\AtProtocol.o
                0x00022504                GPRS_OpenNetworkLED
 .text.GPRS_ConnectCenterServer
                0x00022534       0x90 .\CortexM0\ARM_GCC_541\Debug\AtProtocol.o
                0x00022534                GPRS_ConnectCenterServer
 .text.GPRS_ConnectPreServer
                0x000225c4       0x6c .\CortexM0\ARM_GCC_541\Debug\AtProtocol.o
                0x000225c4                GPRS_ConnectPreServer
 .text.GPRS_ConnectUpdateServer
                0x00022630       0x6c .\CortexM0\ARM_GCC_541\Debug\AtProtocol.o
                0x00022630                GPRS_ConnectUpdateServer
 .text.GPRS_SendHexDataToServer
                0x0002269c       0xc8 .\CortexM0\ARM_GCC_541\Debug\AtProtocol.o
                0x0002269c                GPRS_SendHexDataToServer
 .text.GPRS_CheckIfRecvClosed
                0x00022764       0x30 .\CortexM0\ARM_GCC_541\Debug\AtProtocol.o
                0x00022764                GPRS_CheckIfRecvClosed
 .text.Uart433Send
                0x00022794       0x16 .\CortexM0\ARM_GCC_541\Debug\Uart433.o
                0x00022794                Uart433Send
 *fill*         0x000227aa        0x2 
 .text.Uart433Recv
                0x000227ac      0x1e0 .\CortexM0\ARM_GCC_541\Debug\Uart433.o
                0x000227ac                Uart433Recv
 .text.Protocol_CmdGetPreSever
                0x0002298c      0x130 .\CortexM0\ARM_GCC_541\Debug\CmdProtocol.o
 .text.Protocol_CmdSendOpenInfo
                0x00022abc       0x38 .\CortexM0\ARM_GCC_541\Debug\CmdProtocol.o
 .text.Protocol_CmdTimeCheck
                0x00022af4       0x24 .\CortexM0\ARM_GCC_541\Debug\CmdProtocol.o
 .text.Protocol_CmdPluse
                0x00022b18       0x54 .\CortexM0\ARM_GCC_541\Debug\CmdProtocol.o
 .text.Protocol_CmdManufac
                0x00022b6c       0x6c .\CortexM0\ARM_GCC_541\Debug\CmdProtocol.o
 .text.Endpoint_exchange
                0x00022bd8       0x60 .\CortexM0\ARM_GCC_541\Debug\CmdProtocol.o
                0x00022bd8                Endpoint_exchange
 .text.Cmd_Protocol_ParaInit
                0x00022c38       0x68 .\CortexM0\ARM_GCC_541\Debug\CmdProtocol.o
                0x00022c38                Cmd_Protocol_ParaInit
 .text.send_get_pre_service_ip
                0x00022ca0       0x70 .\CortexM0\ARM_GCC_541\Debug\CmdProtocol.o
                0x00022ca0                send_get_pre_service_ip
 .text.send_send_mac_and_get_blekey
                0x00022d10       0x84 .\CortexM0\ARM_GCC_541\Debug\CmdProtocol.o
                0x00022d10                send_send_mac_and_get_blekey
 .text.send_upload_open_info
                0x00022d94      0x100 .\CortexM0\ARM_GCC_541\Debug\CmdProtocol.o
                0x00022d94                send_upload_open_info
 .text.send_heartbeat
                0x00022e94       0x78 .\CortexM0\ARM_GCC_541\Debug\CmdProtocol.o
                0x00022e94                send_heartbeat
 .text.send_alarm_info
                0x00022f0c       0x98 .\CortexM0\ARM_GCC_541\Debug\CmdProtocol.o
                0x00022f0c                send_alarm_info
 .text.send_update_req
                0x00022fa4       0x8c .\CortexM0\ARM_GCC_541\Debug\CmdProtocol.o
                0x00022fa4                send_update_req
 .text.Protocol_CmdRemoteDownload
                0x00023030      0x11c .\CortexM0\ARM_GCC_541\Debug\CmdProtocol.o
 .text.Protocol_SendAckPacket
                0x0002314c       0xbc .\CortexM0\ARM_GCC_541\Debug\CmdProtocol.o
                0x0002314c                Protocol_SendAckPacket
 .text.Protocol_CmdReadUID
                0x00023208       0xe4 .\CortexM0\ARM_GCC_541\Debug\CmdProtocol.o
 .text.Protocol_CmdWriteUID
                0x000232ec       0xbc .\CortexM0\ARM_GCC_541\Debug\CmdProtocol.o
 .text.Protocol_CmdDelUID
                0x000233a8       0x9e .\CortexM0\ARM_GCC_541\Debug\CmdProtocol.o
 *fill*         0x00023446        0x2 
 .text.Protocol_CmdOpenDoor
                0x00023448      0x18c .\CortexM0\ARM_GCC_541\Debug\CmdProtocol.o
 .text.Protocol_CmdClearUID
                0x000235d4       0x4e .\CortexM0\ARM_GCC_541\Debug\CmdProtocol.o
 *fill*         0x00023622        0x2 
 .text.Protocol_CmdReadInfo
                0x00023624      0x1a4 .\CortexM0\ARM_GCC_541\Debug\CmdProtocol.o
 .text.Protocol_CmdRemoteUpdate
                0x000237c8      0x100 .\CortexM0\ARM_GCC_541\Debug\CmdProtocol.o
 .text.Protocol_CmdRemoteRestart
                0x000238c8       0x58 .\CortexM0\ARM_GCC_541\Debug\CmdProtocol.o
 .text.Protocol_CmdChangeIP
                0x00023920       0xb8 .\CortexM0\ARM_GCC_541\Debug\CmdProtocol.o
 .text.Protocol_CmdParse
                0x000239d8      0x170 .\CortexM0\ARM_GCC_541\Debug\CmdProtocol.o
                0x000239d8                Protocol_CmdParse
 .text.Protocol_CmdParse_BLE
                0x00023b48      0x1c8 .\CortexM0\ARM_GCC_541\Debug\CmdProtocol.o
                0x00023b48                Protocol_CmdParse_BLE
 .text.SetSysRTCTime
                0x00023d10       0x28 .\CortexM0\ARM_GCC_541\Debug\UserRTC.o
                0x00023d10                SetSysRTCTime
 .text.BeepPlay_WaitTime
                0x00023d38       0x14 .\CortexM0\ARM_GCC_541\Debug\voice.o
                0x00023d38                BeepPlay_WaitTime
 .text.BeepPlay_Delay
                0x00023d4c       0x1c .\CortexM0\ARM_GCC_541\Debug\voice.o
                0x00023d4c                BeepPlay_Delay
 .text.play_single
                0x00023d68       0x4a .\CortexM0\ARM_GCC_541\Debug\voice.o
                0x00023d68                play_single
 .text.System_ShortDI_Play
                0x00023db2        0xe .\CortexM0\ARM_GCC_541\Debug\voice.o
                0x00023db2                System_ShortDI_Play
 .text.Defendalarm_Play
                0x00023dc0       0x2c .\CortexM0\ARM_GCC_541\Debug\voice.o
                0x00023dc0                Defendalarm_Play
 .text.System_LongDI_Play
                0x00023dec       0x10 .\CortexM0\ARM_GCC_541\Debug\voice.o
                0x00023dec                System_LongDI_Play
 .text.System_PowerOn_Play
                0x00023dfc       0x64 .\CortexM0\ARM_GCC_541\Debug\voice.o
                0x00023dfc                System_PowerOn_Play
 .text.System_PowerOn_Play_TestSer
                0x00023e60       0x34 .\CortexM0\ARM_GCC_541\Debug\voice.o
                0x00023e60                System_PowerOn_Play_TestSer
 .text.Comm_Succes_play
                0x00023e94       0x10 .\CortexM0\ARM_GCC_541\Debug\voice.o
                0x00023e94                Comm_Succes_play
 .text.Timeout_play
                0x00023ea4       0x3a .\CortexM0\ARM_GCC_541\Debug\voice.o
                0x00023ea4                Timeout_play
 .text.System_PutCard_play
                0x00023ede        0xe .\CortexM0\ARM_GCC_541\Debug\voice.o
                0x00023ede                System_PutCard_play
 .text.System_ReadCard_play
                0x00023eec       0x1e .\CortexM0\ARM_GCC_541\Debug\voice.o
                0x00023eec                System_ReadCard_play
 .text.Beep_Play
                0x00023f0a       0x76 .\CortexM0\ARM_GCC_541\Debug\voice.o
                0x00023f0a                Beep_Play
 .text.VoicePlay
                0x00023f80        0x8 .\CortexM0\ARM_GCC_541\Debug\voice.o
                0x00023f80                VoicePlay
 .text.WDT_Start
                0x00023f88       0x48 .\CortexM0\ARM_GCC_541\Debug\UserWDT.o
                0x00023f88                WDT_Start
 .text.WDT_FeedDog
                0x00023fd0        0xa .\CortexM0\ARM_GCC_541\Debug\UserWDT.o
                0x00023fd0                WDT_FeedDog
 *fill*         0x00023fda        0x2 
 .text.AppCallback
                0x00023fdc       0x74 .\CortexM0\ARM_GCC_541\Debug\main.o
                0x00023fdc                AppCallback
 .text.ble_heartbeat
                0x00024050       0x1c .\CortexM0\ARM_GCC_541\Debug\main.o
                0x00024050                ble_heartbeat
 .text.delay_with_ble
                0x0002406c       0x20 .\CortexM0\ARM_GCC_541\Debug\main.o
                0x0002406c                delay_with_ble
 .text.Led_AllOff
                0x0002408c       0x16 .\CortexM0\ARM_GCC_541\Debug\main.o
                0x0002408c                Led_AllOff
 .text.Led_RedON
                0x000240a2        0xe .\CortexM0\ARM_GCC_541\Debug\main.o
                0x000240a2                Led_RedON
 .text.Led_GreenON
                0x000240b0        0xe .\CortexM0\ARM_GCC_541\Debug\main.o
                0x000240b0                Led_GreenON
 .text.Led_BlueON
                0x000240be        0xe .\CortexM0\ARM_GCC_541\Debug\main.o
                0x000240be                Led_BlueON
 .text.Led_SetState
                0x000240cc       0x2a .\CortexM0\ARM_GCC_541\Debug\main.o
                0x000240cc                Led_SetState
 .text.DoorOpen
                0x000240f6        0xa .\CortexM0\ARM_GCC_541\Debug\main.o
                0x000240f6                DoorOpen
 .text.DoorClose
                0x00024100        0xa .\CortexM0\ARM_GCC_541\Debug\main.o
                0x00024100                DoorClose
 .text.GetDoorState
                0x0002410a        0xe .\CortexM0\ARM_GCC_541\Debug\main.o
                0x0002410a                GetDoorState
 .text.GPRS_SetON
                0x00024118       0x3a .\CortexM0\ARM_GCC_541\Debug\main.o
                0x00024118                GPRS_SetON
 *fill*         0x00024152        0x2 
 .text.GPRSPowerOn_0321
                0x00024154       0x74 .\CortexM0\ARM_GCC_541\Debug\main.o
                0x00024154                GPRSPowerOn_0321
 .text.GPRSPowerDown
                0x000241c8       0x3c .\CortexM0\ARM_GCC_541\Debug\main.o
                0x000241c8                GPRSPowerDown
 .text.WaitTimeOut
                0x00024204       0x14 .\CortexM0\ARM_GCC_541\Debug\main.o
                0x00024204                WaitTimeOut
 .text.CardCheckTimeOut
                0x00024218       0x1c .\CortexM0\ARM_GCC_541\Debug\main.o
                0x00024218                CardCheckTimeOut
 .text.Defendalarm_TimeOut
                0x00024234       0x18 .\CortexM0\ARM_GCC_541\Debug\main.o
                0x00024234                Defendalarm_TimeOut
 .text.MgCheck_Count
                0x0002424c       0x18 .\CortexM0\ARM_GCC_541\Debug\main.o
                0x0002424c                MgCheck_Count
 .text.FireCheck_Count
                0x00024264       0x18 .\CortexM0\ARM_GCC_541\Debug\main.o
                0x00024264                FireCheck_Count
 .text.RecvTimeOut
                0x0002427c       0x14 .\CortexM0\ARM_GCC_541\Debug\main.o
                0x0002427c                RecvTimeOut
 .text.UpdateTimeOut
                0x00024290       0x14 .\CortexM0\ARM_GCC_541\Debug\main.o
                0x00024290                UpdateTimeOut
 .text.Reboot_Check
                0x000242a4       0x24 .\CortexM0\ARM_GCC_541\Debug\main.o
                0x000242a4                Reboot_Check
 .text.Updatealarm_check
                0x000242c8       0x78 .\CortexM0\ARM_GCC_541\Debug\main.o
                0x000242c8                Updatealarm_check
 .text.BLE_Tick
                0x00024340       0x28 .\CortexM0\ARM_GCC_541\Debug\main.o
                0x00024340                BLE_Tick
 .text.GPRS_Tick
                0x00024368      0x318 .\CortexM0\ARM_GCC_541\Debug\main.o
                0x00024368                GPRS_Tick
 .text.CARD_Tick
                0x00024680      0x150 .\CortexM0\ARM_GCC_541\Debug\main.o
                0x00024680                CARD_Tick
 .text.KeyOpen_Tick
                0x000247d0       0xc0 .\CortexM0\ARM_GCC_541\Debug\main.o
                0x000247d0                KeyOpen_Tick
 .text.FireAlarm_Tick
                0x00024890      0x108 .\CortexM0\ARM_GCC_541\Debug\main.o
                0x00024890                FireAlarm_Tick
 .text.DefendAlarm_Tick
                0x00024998       0x7c .\CortexM0\ARM_GCC_541\Debug\main.o
                0x00024998                DefendAlarm_Tick
 .text.Defend_Tick
                0x00024a14       0x40 .\CortexM0\ARM_GCC_541\Debug\main.o
                0x00024a14                Defend_Tick
 .text.sys_heartbeat
                0x00024a54       0x40 .\CortexM0\ARM_GCC_541\Debug\main.o
                0x00024a54                sys_heartbeat
 .text.MgCheck_Tick
                0x00024a94       0x58 .\CortexM0\ARM_GCC_541\Debug\main.o
                0x00024a94                MgCheck_Tick
 .text.PowerOnCheck_Tick
                0x00024aec       0x48 .\CortexM0\ARM_GCC_541\Debug\main.o
                0x00024aec                PowerOnCheck_Tick
 .text.Set_DeviceMacAndName
                0x00024b34       0x78 .\CortexM0\ARM_GCC_541\Debug\main.o
                0x00024b34                Set_DeviceMacAndName
 .text.mac_conver_name
                0x00024bac       0xb4 .\CortexM0\ARM_GCC_541\Debug\main.o
                0x00024bac                mac_conver_name
 .text.startup.main
                0x00024c60      0x138 .\CortexM0\ARM_GCC_541\Debug\main.o
                0x00024c60                main
 .text._write   0x00024d98       0x1c .\CortexM0\ARM_GCC_541\Debug\debug.o
                0x00024d98                _write
 .text.WDT_Interrupt
                0x00024db4       0x1c .\CortexM0\ARM_GCC_541\Debug\isr.o
                0x00024db4                WDT_Interrupt
 .text.Timer_InterruptHandler
                0x00024dd0       0x32 .\CortexM0\ARM_GCC_541\Debug\isr.o
                0x00024dd0                Timer_InterruptHandler
 *fill*         0x00024e02        0x2 
 .text.RX_IRQ_INTERRUPT
                0x00024e04       0x24 .\CortexM0\ARM_GCC_541\Debug\isr.o
                0x00024e04                RX_IRQ_INTERRUPT
 .text.Bootloader_Start_c
                0x00024e28       0x44 .\CortexM0\ARM_GCC_541\Debug\OTAMandatory.o
                0x00024e28                Bootloader_Start_c
 .text.InitializeBootloaderSRAM
                0x00024e6c        0x8 .\CortexM0\ARM_GCC_541\Debug\OTAMandatory.o
                0x00024e6c                InitializeBootloaderSRAM
 .text.IntDefaultHandler
                0x00024e74       0x10 .\CortexM0\ARM_GCC_541\Debug\Cm0Start.o
                0x00024e74                IntDefaultHandler
 .text._sbrk    0x00024e84       0x30 .\CortexM0\ARM_GCC_541\Debug\Cm0Start.o
                0x00024e84                _sbrk
 .text.Start_c  0x00024eb4       0x4c .\CortexM0\ARM_GCC_541\Debug\Cm0Start.o
                0x00024eb4                Start_c
 .text.startup.initialize_psoc
                0x00024f00       0x54 .\CortexM0\ARM_GCC_541\Debug\Cm0Start.o
                0x00024f00                initialize_psoc
 .text.CySysGetResetReason
                0x00024f54       0x14 .\CortexM0\ARM_GCC_541\Debug\EntranceGuard.a(CyLib.o)
                0x00024f54                CySysGetResetReason
 .text.CyHalt   0x00024f68        0x4 .\CortexM0\ARM_GCC_541\Debug\EntranceGuard.a(CyLib.o)
                0x00024f68                CyHalt
 .text.CySoftwareReset
                0x00024f6c       0x18 .\CortexM0\ARM_GCC_541\Debug\EntranceGuard.a(CyLib.o)
                0x00024f6c                CySoftwareReset
 .text.CyDelay  0x00024f84       0x2c .\CortexM0\ARM_GCC_541\Debug\EntranceGuard.a(CyLib.o)
                0x00024f84                CyDelay
 .text.CyDelayUs
                0x00024fb0       0x14 .\CortexM0\ARM_GCC_541\Debug\EntranceGuard.a(CyLib.o)
                0x00024fb0                CyDelayUs
 .text.CySysClkWriteImoFreq
                0x00024fc4      0x128 .\CortexM0\ARM_GCC_541\Debug\EntranceGuard.a(CyLib.o)
                0x00024fc4                CySysClkWriteImoFreq
 .text.CySysClkEcoStart
                0x000250ec       0x58 .\CortexM0\ARM_GCC_541\Debug\EntranceGuard.a(CyLib.o)
                0x000250ec                CySysClkEcoStart
 .text.CySysClkWcoSetHighPowerMode
                0x00025144       0x34 .\CortexM0\ARM_GCC_541\Debug\EntranceGuard.a(CyLFClk.o)
 .text.CySysClkWcoStart
                0x00025178       0x18 .\CortexM0\ARM_GCC_541\Debug\EntranceGuard.a(CyLFClk.o)
                0x00025178                CySysClkWcoStart
 .text.CySysClkWcoSetPowerMode
                0x00025190       0x54 .\CortexM0\ARM_GCC_541\Debug\EntranceGuard.a(CyLFClk.o)
                0x00025190                CySysClkWcoSetPowerMode
 .text.CySysWdtLock
                0x000251e4       0x1c .\CortexM0\ARM_GCC_541\Debug\EntranceGuard.a(CyLFClk.o)
                0x000251e4                CySysWdtLock
 .text.CySysWdtUnlock
                0x00025200       0x30 .\CortexM0\ARM_GCC_541\Debug\EntranceGuard.a(CyLFClk.o)
                0x00025200                CySysWdtUnlock
 .text.CySysWdtGetEnabledStatus
                0x00025230       0x24 .\CortexM0\ARM_GCC_541\Debug\EntranceGuard.a(CyLFClk.o)
                0x00025230                CySysWdtGetEnabledStatus
 .text.CySysWdtSetMode
                0x00025254       0x38 .\CortexM0\ARM_GCC_541\Debug\EntranceGuard.a(CyLFClk.o)
                0x00025254                CySysWdtSetMode
 .text.CySysWdtGetMode
                0x0002528c       0x14 .\CortexM0\ARM_GCC_541\Debug\EntranceGuard.a(CyLFClk.o)
                0x0002528c                CySysWdtGetMode
 .text.CySysWdtSetClearOnMatch
                0x000252a0       0x38 .\CortexM0\ARM_GCC_541\Debug\EntranceGuard.a(CyLFClk.o)
                0x000252a0                CySysWdtSetClearOnMatch
 .text.CySysWdtEnable
                0x000252d8       0x38 .\CortexM0\ARM_GCC_541\Debug\EntranceGuard.a(CyLFClk.o)
                0x000252d8                CySysWdtEnable
 .text.CySysWdtSetCascade
                0x00025310       0x34 .\CortexM0\ARM_GCC_541\Debug\EntranceGuard.a(CyLFClk.o)
                0x00025310                CySysWdtSetCascade
 .text.CySysWdtSetMatch
                0x00025344       0x50 .\CortexM0\ARM_GCC_541\Debug\EntranceGuard.a(CyLFClk.o)
                0x00025344                CySysWdtSetMatch
 .text.CySysWdtGetInterruptSource
                0x00025394       0x14 .\CortexM0\ARM_GCC_541\Debug\EntranceGuard.a(CyLFClk.o)
                0x00025394                CySysWdtGetInterruptSource
 .text.CySysWdtClearInterrupt
                0x000253a8       0x54 .\CortexM0\ARM_GCC_541\Debug\EntranceGuard.a(CyLFClk.o)
                0x000253a8                CySysWdtClearInterrupt
 .text.CySysWdtResetCounters
                0x000253fc       0x1c .\CortexM0\ARM_GCC_541\Debug\EntranceGuard.a(CyLFClk.o)
                0x000253fc                CySysWdtResetCounters
 .text.CySysWatchdogFeed
                0x00025418       0x4e .\CortexM0\ARM_GCC_541\Debug\EntranceGuard.a(CyLFClk.o)
                0x00025418                CySysWatchdogFeed
 *fill*         0x00025466        0x2 
 .text.UART_433_Enable
                0x00025468       0x18 .\CortexM0\ARM_GCC_541\Debug\EntranceGuard.a(UART_433.o)
                0x00025468                UART_433_Enable
 .text.UART_433_Start
                0x00025480       0x1c .\CortexM0\ARM_GCC_541\Debug\EntranceGuard.a(UART_433.o)
                0x00025480                UART_433_Start
 .text.UART_433_SpiUartGetRxBufferSize
                0x0002549c       0x10 .\CortexM0\ARM_GCC_541\Debug\EntranceGuard.a(UART_433_SPI_UART.o)
                0x0002549c                UART_433_SpiUartGetRxBufferSize
 .text.UART_433_SpiUartWriteTxData
                0x000254ac       0x1c .\CortexM0\ARM_GCC_541\Debug\EntranceGuard.a(UART_433_SPI_UART.o)
                0x000254ac                UART_433_SpiUartWriteTxData
 .text.UART_433_UartInit
                0x000254c8       0xa8 .\CortexM0\ARM_GCC_541\Debug\EntranceGuard.a(UART_433_UART.o)
                0x000254c8                UART_433_UartInit
 .text.UART_433_UartPostEnable
                0x00025570       0x2c .\CortexM0\ARM_GCC_541\Debug\EntranceGuard.a(UART_433_UART.o)
                0x00025570                UART_433_UartPostEnable
 .text.RTC_LeapYear
                0x0002559c       0x24 .\CortexM0\ARM_GCC_541\Debug\EntranceGuard.a(RTC.o)
 .text.RTC_GetYear
                0x000255c0       0x2c .\CortexM0\ARM_GCC_541\Debug\EntranceGuard.a(RTC.o)
 .text.RTC_ConstructDate
                0x000255ec       0x82 .\CortexM0\ARM_GCC_541\Debug\EntranceGuard.a(RTC.o)
 .text.RTC_GetDayOfWeek
                0x0002566e       0x4c .\CortexM0\ARM_GCC_541\Debug\EntranceGuard.a(RTC.o)
 *fill*         0x000256ba        0x2 
 .text.RTC_GetUnixTime
                0x000256bc        0xc .\CortexM0\ARM_GCC_541\Debug\EntranceGuard.a(RTC.o)
                0x000256bc                RTC_GetUnixTime
 .text.RTC_Update
                0x000256c8       0x34 .\CortexM0\ARM_GCC_541\Debug\EntranceGuard.a(RTC.o)
                0x000256c8                RTC_Update
 .text.RTC_DateTimeToUnix
                0x000256fc      0x130 .\CortexM0\ARM_GCC_541\Debug\EntranceGuard.a(RTC.o)
                0x000256fc                RTC_DateTimeToUnix
 .text.RTC_SetDateAndTime
                0x0002582c       0x58 .\CortexM0\ARM_GCC_541\Debug\EntranceGuard.a(RTC.o)
                0x0002582c                RTC_SetDateAndTime
 .text.RTC_Init
                0x00025884       0x40 .\CortexM0\ARM_GCC_541\Debug\EntranceGuard.a(RTC.o)
                0x00025884                RTC_Init
 .text.RTC_Start
                0x000258c4       0x14 .\CortexM0\ARM_GCC_541\Debug\EntranceGuard.a(RTC.o)
                0x000258c4                RTC_Start
 .text.RTC_DaysInMonth
                0x000258d8       0x20 .\CortexM0\ARM_GCC_541\Debug\EntranceGuard.a(RTC.o)
                0x000258d8                RTC_DaysInMonth
 .text.RTC_UnixToDateTime
                0x000258f8      0x194 .\CortexM0\ARM_GCC_541\Debug\EntranceGuard.a(RTC.o)
                0x000258f8                RTC_UnixToDateTime
 .text.RTC_SetUnixTime
                0x00025a8c       0x20 .\CortexM0\ARM_GCC_541\Debug\EntranceGuard.a(RTC.o)
                0x00025a8c                RTC_SetUnixTime
 .text.FM_NCS_Write
                0x00025aac       0x18 .\CortexM0\ARM_GCC_541\Debug\EntranceGuard.a(FM_NCS.o)
                0x00025aac                FM_NCS_Write
 .text.FM_SCK_Write
                0x00025ac4       0x18 .\CortexM0\ARM_GCC_541\Debug\EntranceGuard.a(FM_SCK.o)
                0x00025ac4                FM_SCK_Write
 .text.FM_MISO_Read
                0x00025adc       0x10 .\CortexM0\ARM_GCC_541\Debug\EntranceGuard.a(FM_MISO.o)
                0x00025adc                FM_MISO_Read
 .text.FM_MOSI_Write
                0x00025aec       0x18 .\CortexM0\ARM_GCC_541\Debug\EntranceGuard.a(FM_MOSI.o)
                0x00025aec                FM_MOSI_Write
 .text.FM_RST_Write
                0x00025b04       0x18 .\CortexM0\ARM_GCC_541\Debug\EntranceGuard.a(FM_RST.o)
                0x00025b04                FM_RST_Write
 .text.LED_RED_Write
                0x00025b1c       0x18 .\CortexM0\ARM_GCC_541\Debug\EntranceGuard.a(LED_RED.o)
                0x00025b1c                LED_RED_Write
 .text.LED_GREEN_Write
                0x00025b34       0x18 .\CortexM0\ARM_GCC_541\Debug\EntranceGuard.a(LED_GREEN.o)
                0x00025b34                LED_GREEN_Write
 .text.cmd433_INT_ISR_SetPriority
                0x00025b4c       0x24 .\CortexM0\ARM_GCC_541\Debug\EntranceGuard.a(cmd433_INT_ISR.o)
                0x00025b4c                cmd433_INT_ISR_SetPriority
 .text.cmd433_INT_ISR_StartEx
                0x00025b70       0x28 .\CortexM0\ARM_GCC_541\Debug\EntranceGuard.a(cmd433_INT_ISR.o)
                0x00025b70                cmd433_INT_ISR_StartEx
 .text.Timer_INT_ISR_SetPriority
                0x00025b98       0x24 .\CortexM0\ARM_GCC_541\Debug\EntranceGuard.a(Timer_INT_ISR.o)
                0x00025b98                Timer_INT_ISR_SetPriority
 .text.Timer_INT_ISR_StartEx
                0x00025bbc       0x28 .\CortexM0\ARM_GCC_541\Debug\EntranceGuard.a(Timer_INT_ISR.o)
                0x00025bbc                Timer_INT_ISR_StartEx
 .text.Timer_100ms_Init
                0x00025be4       0x40 .\CortexM0\ARM_GCC_541\Debug\EntranceGuard.a(Timer_100ms.o)
                0x00025be4                Timer_100ms_Init
 .text.Timer_100ms_WriteCounter
                0x00025c24        0xc .\CortexM0\ARM_GCC_541\Debug\EntranceGuard.a(Timer_100ms.o)
                0x00025c24                Timer_100ms_WriteCounter
 .text.Timer_100ms_TriggerCommand
                0x00025c30       0x1c .\CortexM0\ARM_GCC_541\Debug\EntranceGuard.a(Timer_100ms.o)
                0x00025c30                Timer_100ms_TriggerCommand
 .text.Timer_100ms_Enable
                0x00025c4c       0x24 .\CortexM0\ARM_GCC_541\Debug\EntranceGuard.a(Timer_100ms.o)
                0x00025c4c                Timer_100ms_Enable
 .text.Timer_100ms_Start
                0x00025c70       0x1c .\CortexM0\ARM_GCC_541\Debug\EntranceGuard.a(Timer_100ms.o)
                0x00025c70                Timer_100ms_Start
 .text.Timer_100ms_ClearInterrupt
                0x00025c8c        0xc .\CortexM0\ARM_GCC_541\Debug\EntranceGuard.a(Timer_100ms.o)
                0x00025c8c                Timer_100ms_ClearInterrupt
 .text.LED_BLUE_Write
                0x00025c98       0x18 .\CortexM0\ARM_GCC_541\Debug\EntranceGuard.a(LED_BLUE.o)
                0x00025c98                LED_BLUE_Write
 .text.GPRS_PWRKEY_Write
                0x00025cb0       0x18 .\CortexM0\ARM_GCC_541\Debug\EntranceGuard.a(GPRS_PWRKEY.o)
                0x00025cb0                GPRS_PWRKEY_Write
 .text.TIMER_Init
                0x00025cc8       0x58 .\CortexM0\ARM_GCC_541\Debug\EntranceGuard.a(TIMER.o)
                0x00025cc8                TIMER_Init
 .text.TIMER_Stop
                0x00025d20       0x1c .\CortexM0\ARM_GCC_541\Debug\EntranceGuard.a(TIMER.o)
                0x00025d20                TIMER_Stop
 .text.TIMER_WriteCounter
                0x00025d3c        0xc .\CortexM0\ARM_GCC_541\Debug\EntranceGuard.a(TIMER.o)
                0x00025d3c                TIMER_WriteCounter
 .text.TIMER_WritePeriod
                0x00025d48        0xc .\CortexM0\ARM_GCC_541\Debug\EntranceGuard.a(TIMER.o)
                0x00025d48                TIMER_WritePeriod
 .text.TIMER_WriteCompare
                0x00025d54        0xc .\CortexM0\ARM_GCC_541\Debug\EntranceGuard.a(TIMER.o)
                0x00025d54                TIMER_WriteCompare
 .text.TIMER_TriggerCommand
                0x00025d60       0x1c .\CortexM0\ARM_GCC_541\Debug\EntranceGuard.a(TIMER.o)
                0x00025d60                TIMER_TriggerCommand
 .text.TIMER_Enable
                0x00025d7c       0x24 .\CortexM0\ARM_GCC_541\Debug\EntranceGuard.a(TIMER.o)
                0x00025d7c                TIMER_Enable
 .text.TIMER_Start
                0x00025da0       0x1c .\CortexM0\ARM_GCC_541\Debug\EntranceGuard.a(TIMER.o)
                0x00025da0                TIMER_Start
 .text.DOOR_OPEN_Write
                0x00025dbc       0x18 .\CortexM0\ARM_GCC_541\Debug\EntranceGuard.a(DOOR_OPEN.o)
                0x00025dbc                DOOR_OPEN_Write
 .text.KEY_OPEN_Read
                0x00025dd4       0x10 .\CortexM0\ARM_GCC_541\Debug\EntranceGuard.a(KEY_OPEN.o)
                0x00025dd4                KEY_OPEN_Read
 .text.FIRE_OPEN_Read
                0x00025de4       0x10 .\CortexM0\ARM_GCC_541\Debug\EntranceGuard.a(FIRE_OPEN.o)
                0x00025de4                FIRE_OPEN_Read
 .text.DEFEND_ALARM_Read
                0x00025df4       0x10 .\CortexM0\ARM_GCC_541\Debug\EntranceGuard.a(DEFEND_ALARM.o)
                0x00025df4                DEFEND_ALARM_Read
 .text.GPRS_STATE_Read
                0x00025e04       0x10 .\CortexM0\ARM_GCC_541\Debug\EntranceGuard.a(GPRS_STATE.o)
                0x00025e04                GPRS_STATE_Read
 .text.FLASH_NCS_Write
                0x00025e14       0x18 .\CortexM0\ARM_GCC_541\Debug\EntranceGuard.a(FLASH_NCS.o)
                0x00025e14                FLASH_NCS_Write
 .text.FLASH_SCK_Write
                0x00025e2c       0x18 .\CortexM0\ARM_GCC_541\Debug\EntranceGuard.a(FLASH_SCK.o)
                0x00025e2c                FLASH_SCK_Write
 .text.FLASH_MISO_Read
                0x00025e44       0x10 .\CortexM0\ARM_GCC_541\Debug\EntranceGuard.a(FLASH_MISO.o)
                0x00025e44                FLASH_MISO_Read
 .text.FLASH_MOSI_Write
                0x00025e54       0x18 .\CortexM0\ARM_GCC_541\Debug\EntranceGuard.a(FLASH_MOSI.o)
                0x00025e54                FLASH_MOSI_Write
 .text.UART_433_tx_Write
                0x00025e6c       0x18 .\CortexM0\ARM_GCC_541\Debug\EntranceGuard.a(UART_433_tx.o)
                0x00025e6c                UART_433_tx_Write
 .text.WDT_ISR_SetPriority
                0x00025e84       0x20 .\CortexM0\ARM_GCC_541\Debug\EntranceGuard.a(WDT_ISR.o)
                0x00025e84                WDT_ISR_SetPriority
 .text.WDT_ISR_StartEx
                0x00025ea4       0x28 .\CortexM0\ARM_GCC_541\Debug\EntranceGuard.a(WDT_ISR.o)
                0x00025ea4                WDT_ISR_StartEx
 .text.WDT_ISR_ClearPending
                0x00025ecc       0x10 .\CortexM0\ARM_GCC_541\Debug\EntranceGuard.a(WDT_ISR.o)
                0x00025ecc                WDT_ISR_ClearPending
 .text.Bootloadable_Load
                0x00025edc       0x14 .\CortexM0\ARM_GCC_541\Debug\EntranceGuard.a(Bootloadable.o)
                0x00025edc                Bootloadable_Load
 .text.MG_STATE_Read
                0x00025ef0       0x10 .\CortexM0\ARM_GCC_541\Debug\EntranceGuard.a(MG_STATE.o)
                0x00025ef0                MG_STATE_Read
 .text          0x00025f00       0x20 .\CortexM0\ARM_GCC_541\Debug\EntranceGuard.a(CyBootAsmGnu.o)
                0x00025f00                CyDelayCycles
                0x00025f12                CyEnterCriticalSection
                0x00025f1a                CyExitCriticalSection
 .text          0x00025f20       0x14 c:/program files (x86)/cypress/psoc creator/4.1/psoc creator/import/gnu/arm/5.4.1/bin/../lib/gcc/arm-none-eabi/5.4.1/armv6-m\libgcc.a(_thumb1_case_uqi.o)
                0x00025f20                __gnu_thumb1_case_uqi
 .text          0x00025f34      0x114 c:/program files (x86)/cypress/psoc creator/4.1/psoc creator/import/gnu/arm/5.4.1/bin/../lib/gcc/arm-none-eabi/5.4.1/armv6-m\libgcc.a(_udivsi3.o)
                0x00025f34                __aeabi_uidiv
                0x00025f34                __udivsi3
                0x00026040                __aeabi_uidivmod
 .text          0x00026048        0x4 c:/program files (x86)/cypress/psoc creator/4.1/psoc creator/import/gnu/arm/5.4.1/bin/../lib/gcc/arm-none-eabi/5.4.1/armv6-m\libgcc.a(_dvmd_tls.o)
                0x00026048                __aeabi_idiv0
                0x00026048                __aeabi_ldiv0
 .text          0x0002604c       0x40 c:/program files (x86)/cypress/psoc creator/4.1/psoc creator/import/gnu/arm/5.4.1/bin/../lib/gcc/arm-none-eabi/5.4.1/armv6-m\libgcc.a(_aeabi_uldivmod.o)
                0x0002604c                __aeabi_uldivmod
 .text          0x0002608c       0x58 c:/program files (x86)/cypress/psoc creator/4.1/psoc creator/import/gnu/arm/5.4.1/bin/../lib/gcc/arm-none-eabi/5.4.1/armv6-m\libgcc.a(_muldi3.o)
                0x0002608c                __muldi3
                0x0002608c                __aeabi_lmul
 .text          0x000260e4      0x180 c:/program files (x86)/cypress/psoc creator/4.1/psoc creator/import/gnu/arm/5.4.1/bin/../lib/gcc/arm-none-eabi/5.4.1/armv6-m\libgcc.a(_udivmoddi4.o)
                0x000260e4                __udivmoddi4
 .text          0x00026264       0x3c c:/program files (x86)/cypress/psoc creator/4.1/psoc creator/import/gnu/arm/5.4.1/bin/../lib/gcc/arm-none-eabi/5.4.1/armv6-m\libgcc.a(_clzsi2.o)
                0x00026264                __clzsi2
 .text          0x000262a0       0x18 c:/program files (x86)/cypress/psoc creator/4.1/psoc creator/import/gnu/arm/5.4.1/bin/../lib/gcc/arm-none-eabi/5.4.1/armv6-m\libgcc.a(_clzdi2.o)
                0x000262a0                __clzdi2
 .text.__errno  0x000262b8        0xc c:/program files (x86)/cypress/psoc creator/4.1/psoc creator/import/gnu/arm/5.4.1/bin/../lib/gcc/arm-none-eabi/5.4.1/../../../../arm-none-eabi/lib/armv6-m\libg_nano.a(lib_a-errno.o)
                0x000262b8                __errno
 .text.__libc_init_array
                0x000262c4       0x4c c:/program files (x86)/cypress/psoc creator/4.1/psoc creator/import/gnu/arm/5.4.1/bin/../lib/gcc/arm-none-eabi/5.4.1/../../../../arm-none-eabi/lib/armv6-m\libg_nano.a(lib_a-init.o)
                0x000262c4                __libc_init_array
 .text.memcmp   0x00026310       0x1e c:/program files (x86)/cypress/psoc creator/4.1/psoc creator/import/gnu/arm/5.4.1/bin/../lib/gcc/arm-none-eabi/5.4.1/../../../../arm-none-eabi/lib/armv6-m\libg_nano.a(lib_a-memcmp.o)
                0x00026310                memcmp
 .text.memcpy   0x0002632e       0x12 c:/program files (x86)/cypress/psoc creator/4.1/psoc creator/import/gnu/arm/5.4.1/bin/../lib/gcc/arm-none-eabi/5.4.1/../../../../arm-none-eabi/lib/armv6-m\libg_nano.a(lib_a-memcpy-stub.o)
                0x0002632e                memcpy
 .text.memset   0x00026340       0x10 c:/program files (x86)/cypress/psoc creator/4.1/psoc creator/import/gnu/arm/5.4.1/bin/../lib/gcc/arm-none-eabi/5.4.1/../../../../arm-none-eabi/lib/armv6-m\libg_nano.a(lib_a-memset.o)
                0x00026340                memset
 .text.printf   0x00026350       0x34 c:/program files (x86)/cypress/psoc creator/4.1/psoc creator/import/gnu/arm/5.4.1/bin/../lib/gcc/arm-none-eabi/5.4.1/../../../../arm-none-eabi/lib/armv6-m\libg_nano.a(lib_a-printf.o)
                0x00026350                iprintf
                0x00026350                printf
 .text          0x00026384        0xe c:/program files (x86)/cypress/psoc creator/4.1/psoc creator/import/gnu/arm/5.4.1/bin/../lib/gcc/arm-none-eabi/5.4.1/../../../../arm-none-eabi/lib/armv6-m\libg_nano.a(lib_a-strlen.o)
                0x00026384                strlen
 .text.strstr   0x00026392       0x36 c:/program files (x86)/cypress/psoc creator/4.1/psoc creator/import/gnu/arm/5.4.1/bin/../lib/gcc/arm-none-eabi/5.4.1/../../../../arm-none-eabi/lib/armv6-m\libg_nano.a(lib_a-strstr.o)
                0x00026392                strstr
 .text._cleanup_r
                0x000263c8       0x10 c:/program files (x86)/cypress/psoc creator/4.1/psoc creator/import/gnu/arm/5.4.1/bin/../lib/gcc/arm-none-eabi/5.4.1/../../../../arm-none-eabi/lib/armv6-m\libg_nano.a(lib_a-findfp.o)
                0x000263c8                _cleanup_r
 .text.std.isra.0
                0x000263d8       0x48 c:/program files (x86)/cypress/psoc creator/4.1/psoc creator/import/gnu/arm/5.4.1/bin/../lib/gcc/arm-none-eabi/5.4.1/../../../../arm-none-eabi/lib/armv6-m\libg_nano.a(lib_a-findfp.o)
 .text.__sfmoreglue
                0x00026420       0x2c c:/program files (x86)/cypress/psoc creator/4.1/psoc creator/import/gnu/arm/5.4.1/bin/../lib/gcc/arm-none-eabi/5.4.1/../../../../arm-none-eabi/lib/armv6-m\libg_nano.a(lib_a-findfp.o)
                0x00026420                __sfmoreglue
 .text.__sinit  0x0002644c       0x68 c:/program files (x86)/cypress/psoc creator/4.1/psoc creator/import/gnu/arm/5.4.1/bin/../lib/gcc/arm-none-eabi/5.4.1/../../../../arm-none-eabi/lib/armv6-m\libg_nano.a(lib_a-findfp.o)
                0x0002644c                __sinit
 .text.__sfp    0x000264b4       0x7c c:/program files (x86)/cypress/psoc creator/4.1/psoc creator/import/gnu/arm/5.4.1/bin/../lib/gcc/arm-none-eabi/5.4.1/../../../../arm-none-eabi/lib/armv6-m\libg_nano.a(lib_a-findfp.o)
                0x000264b4                __sfp
 .text._fwalk_reent
                0x00026530       0x42 c:/program files (x86)/cypress/psoc creator/4.1/psoc creator/import/gnu/arm/5.4.1/bin/../lib/gcc/arm-none-eabi/5.4.1/../../../../arm-none-eabi/lib/armv6-m\libg_nano.a(lib_a-fwalk.o)
                0x00026530                _fwalk_reent
 *fill*         0x00026572        0x2 
 .text._malloc_r
                0x00026574       0xc0 c:/program files (x86)/cypress/psoc creator/4.1/psoc creator/import/gnu/arm/5.4.1/bin/../lib/gcc/arm-none-eabi/5.4.1/../../../../arm-none-eabi/lib/armv6-m\libg_nano.a(lib_a-nano-mallocr.o)
                0x00026574                _malloc_r
 .text.__sfputc_r
                0x00026634       0x2a c:/program files (x86)/cypress/psoc creator/4.1/psoc creator/import/gnu/arm/5.4.1/bin/../lib/gcc/arm-none-eabi/5.4.1/../../../../arm-none-eabi/lib/armv6-m\libg_nano.a(lib_a-nano-vfprintf.o)
 .text.__sfputs_r
                0x0002665e       0x24 c:/program files (x86)/cypress/psoc creator/4.1/psoc creator/import/gnu/arm/5.4.1/bin/../lib/gcc/arm-none-eabi/5.4.1/../../../../arm-none-eabi/lib/armv6-m\libg_nano.a(lib_a-nano-vfprintf.o)
                0x0002665e                __sfputs_r
 *fill*         0x00026682        0x2 
 .text._vfprintf_r
                0x00026684      0x238 c:/program files (x86)/cypress/psoc creator/4.1/psoc creator/import/gnu/arm/5.4.1/bin/../lib/gcc/arm-none-eabi/5.4.1/../../../../arm-none-eabi/lib/armv6-m\libg_nano.a(lib_a-nano-vfprintf.o)
                0x00026684                _vfprintf_r
                0x00026684                _vfiprintf_r
 .text._printf_common
                0x000268bc       0xdc c:/program files (x86)/cypress/psoc creator/4.1/psoc creator/import/gnu/arm/5.4.1/bin/../lib/gcc/arm-none-eabi/5.4.1/../../../../arm-none-eabi/lib/armv6-m\libg_nano.a(lib_a-nano-vfprintf_i.o)
                0x000268bc                _printf_common
 .text._printf_i
                0x00026998      0x244 c:/program files (x86)/cypress/psoc creator/4.1/psoc creator/import/gnu/arm/5.4.1/bin/../lib/gcc/arm-none-eabi/5.4.1/../../../../arm-none-eabi/lib/armv6-m\libg_nano.a(lib_a-nano-vfprintf_i.o)
                0x00026998                _printf_i
 .text._sbrk_r  0x00026bdc       0x24 c:/program files (x86)/cypress/psoc creator/4.1/psoc creator/import/gnu/arm/5.4.1/bin/../lib/gcc/arm-none-eabi/5.4.1/../../../../arm-none-eabi/lib/armv6-m\libg_nano.a(lib_a-sbrkr.o)
                0x00026bdc                _sbrk_r
 .text.__sread  0x00026c00       0x28 c:/program files (x86)/cypress/psoc creator/4.1/psoc creator/import/gnu/arm/5.4.1/bin/../lib/gcc/arm-none-eabi/5.4.1/../../../../arm-none-eabi/lib/armv6-m\libg_nano.a(lib_a-stdio.o)
                0x00026c00                __sread
 .text.__swrite
                0x00026c28       0x38 c:/program files (x86)/cypress/psoc creator/4.1/psoc creator/import/gnu/arm/5.4.1/bin/../lib/gcc/arm-none-eabi/5.4.1/../../../../arm-none-eabi/lib/armv6-m\libg_nano.a(lib_a-stdio.o)
                0x00026c28                __swrite
 .text.__sseek  0x00026c60       0x2c c:/program files (x86)/cypress/psoc creator/4.1/psoc creator/import/gnu/arm/5.4.1/bin/../lib/gcc/arm-none-eabi/5.4.1/../../../../arm-none-eabi/lib/armv6-m\libg_nano.a(lib_a-stdio.o)
                0x00026c60                __sseek
 .text.__sclose
                0x00026c8c        0xc c:/program files (x86)/cypress/psoc creator/4.1/psoc creator/import/gnu/arm/5.4.1/bin/../lib/gcc/arm-none-eabi/5.4.1/../../../../arm-none-eabi/lib/armv6-m\libg_nano.a(lib_a-stdio.o)
                0x00026c8c                __sclose
 .text.__swbuf_r
                0x00026c98       0xb0 c:/program files (x86)/cypress/psoc creator/4.1/psoc creator/import/gnu/arm/5.4.1/bin/../lib/gcc/arm-none-eabi/5.4.1/../../../../arm-none-eabi/lib/armv6-m\libg_nano.a(lib_a-wbuf.o)
                0x00026c98                __swbuf_r
 .text._write_r
                0x00026d48       0x28 c:/program files (x86)/cypress/psoc creator/4.1/psoc creator/import/gnu/arm/5.4.1/bin/../lib/gcc/arm-none-eabi/5.4.1/../../../../arm-none-eabi/lib/armv6-m\libg_nano.a(lib_a-writer.o)
                0x00026d48                _write_r
 .text.__swsetup_r
                0x00026d70       0xec c:/program files (x86)/cypress/psoc creator/4.1/psoc creator/import/gnu/arm/5.4.1/bin/../lib/gcc/arm-none-eabi/5.4.1/../../../../arm-none-eabi/lib/armv6-m\libg_nano.a(lib_a-wsetup.o)
                0x00026d70                __swsetup_r
 .text._close_r
                0x00026e5c       0x24 c:/program files (x86)/cypress/psoc creator/4.1/psoc creator/import/gnu/arm/5.4.1/bin/../lib/gcc/arm-none-eabi/5.4.1/../../../../arm-none-eabi/lib/armv6-m\libg_nano.a(lib_a-closer.o)
                0x00026e5c                _close_r
 .text.__sflush_r
                0x00026e80      0x10c c:/program files (x86)/cypress/psoc creator/4.1/psoc creator/import/gnu/arm/5.4.1/bin/../lib/gcc/arm-none-eabi/5.4.1/../../../../arm-none-eabi/lib/armv6-m\libg_nano.a(lib_a-fflush.o)
                0x00026e80                __sflush_r
 .text._fflush_r
                0x00026f8c       0x58 c:/program files (x86)/cypress/psoc creator/4.1/psoc creator/import/gnu/arm/5.4.1/bin/../lib/gcc/arm-none-eabi/5.4.1/../../../../arm-none-eabi/lib/armv6-m\libg_nano.a(lib_a-fflush.o)
                0x00026f8c                _fflush_r
 .text._lseek_r
                0x00026fe4       0x28 c:/program files (x86)/cypress/psoc creator/4.1/psoc creator/import/gnu/arm/5.4.1/bin/../lib/gcc/arm-none-eabi/5.4.1/../../../../arm-none-eabi/lib/armv6-m\libg_nano.a(lib_a-lseekr.o)
                0x00026fe4                _lseek_r
 .text.__swhatbuf_r
                0x0002700c       0x4c c:/program files (x86)/cypress/psoc creator/4.1/psoc creator/import/gnu/arm/5.4.1/bin/../lib/gcc/arm-none-eabi/5.4.1/../../../../arm-none-eabi/lib/armv6-m\libg_nano.a(lib_a-makebuf.o)
                0x0002700c                __swhatbuf_r
 .text.__smakebuf_r
                0x00027058       0x7c c:/program files (x86)/cypress/psoc creator/4.1/psoc creator/import/gnu/arm/5.4.1/bin/../lib/gcc/arm-none-eabi/5.4.1/../../../../arm-none-eabi/lib/armv6-m\libg_nano.a(lib_a-makebuf.o)
                0x00027058                __smakebuf_r
 .text.memchr   0x000270d4       0x16 c:/program files (x86)/cypress/psoc creator/4.1/psoc creator/import/gnu/arm/5.4.1/bin/../lib/gcc/arm-none-eabi/5.4.1/../../../../arm-none-eabi/lib/armv6-m\libg_nano.a(lib_a-memchr-stub.o)
                0x000270d4                memchr
 .text.__malloc_lock
                0x000270ea        0x2 c:/program files (x86)/cypress/psoc creator/4.1/psoc creator/import/gnu/arm/5.4.1/bin/../lib/gcc/arm-none-eabi/5.4.1/../../../../arm-none-eabi/lib/armv6-m\libg_nano.a(lib_a-mlock.o)
                0x000270ea                __malloc_lock
 .text.__malloc_unlock
                0x000270ec        0x2 c:/program files (x86)/cypress/psoc creator/4.1/psoc creator/import/gnu/arm/5.4.1/bin/../lib/gcc/arm-none-eabi/5.4.1/../../../../arm-none-eabi/lib/armv6-m\libg_nano.a(lib_a-mlock.o)
                0x000270ec                __malloc_unlock
 *fill*         0x000270ee        0x2 
 .text._free_r  0x000270f0       0x98 c:/program files (x86)/cypress/psoc creator/4.1/psoc creator/import/gnu/arm/5.4.1/bin/../lib/gcc/arm-none-eabi/5.4.1/../../../../arm-none-eabi/lib/armv6-m\libg_nano.a(lib_a-nano-freer.o)
                0x000270f0                _free_r
 .text._read_r  0x00027188       0x28 c:/program files (x86)/cypress/psoc creator/4.1/psoc creator/import/gnu/arm/5.4.1/bin/../lib/gcc/arm-none-eabi/5.4.1/../../../../arm-none-eabi/lib/armv6-m\libg_nano.a(lib_a-readr.o)
                0x00027188                _read_r
 .text._fstat_r
                0x000271b0       0x24 c:/program files (x86)/cypress/psoc creator/4.1/psoc creator/import/gnu/arm/5.4.1/bin/../lib/gcc/arm-none-eabi/5.4.1/../../../../arm-none-eabi/lib/armv6-m\libg_nano.a(lib_a-fstatr.o)
                0x000271b0                _fstat_r
 .text._isatty_r
                0x000271d4       0x24 c:/program files (x86)/cypress/psoc creator/4.1/psoc creator/import/gnu/arm/5.4.1/bin/../lib/gcc/arm-none-eabi/5.4.1/../../../../arm-none-eabi/lib/armv6-m\libg_nano.a(lib_a-isattyr.o)
                0x000271d4                _isatty_r
 .text._close   0x000271f8       0x10 c:/program files (x86)/cypress/psoc creator/4.1/psoc creator/import/gnu/arm/5.4.1/bin/../lib/gcc/arm-none-eabi/5.4.1/../../../../arm-none-eabi/lib/armv6-m\libnosys.a(close.o)
                0x000271f8                _close
 .text._fstat   0x00027208       0x10 c:/program files (x86)/cypress/psoc creator/4.1/psoc creator/import/gnu/arm/5.4.1/bin/../lib/gcc/arm-none-eabi/5.4.1/../../../../arm-none-eabi/lib/armv6-m\libnosys.a(fstat.o)
                0x00027208                _fstat
 .text._isatty  0x00027218       0x10 c:/program files (x86)/cypress/psoc creator/4.1/psoc creator/import/gnu/arm/5.4.1/bin/../lib/gcc/arm-none-eabi/5.4.1/../../../../arm-none-eabi/lib/armv6-m\libnosys.a(isatty.o)
                0x00027218                _isatty
 .text._lseek   0x00027228       0x10 c:/program files (x86)/cypress/psoc creator/4.1/psoc creator/import/gnu/arm/5.4.1/bin/../lib/gcc/arm-none-eabi/5.4.1/../../../../arm-none-eabi/lib/armv6-m\libnosys.a(lseek.o)
                0x00027228                _lseek
 .text._read    0x00027238       0x10 c:/program files (x86)/cypress/psoc creator/4.1/psoc creator/import/gnu/arm/5.4.1/bin/../lib/gcc/arm-none-eabi/5.4.1/../../../../arm-none-eabi/lib/armv6-m\libnosys.a(read.o)
                0x00027238                _read
 *(.plt)
 *(.gnu.warning)
 *(.glue_7t)
 .glue_7t       0x00027248        0x0 linker stubs
 *(.glue_7)
 .glue_7        0x00027248        0x0 linker stubs
 *(.vfp11_veneer)
 .vfp11_veneer  0x00027248        0x0 linker stubs
 *(.bootloader)
 *(.ARM.extab* .gnu.linkonce.armextab.*)
 *(.gcc_except_table)

.v4_bx          0x00027248        0x0
 .v4_bx         0x00027248        0x0 linker stubs

.iplt           0x00027248        0x0
 .iplt          0x00027248        0x0 c:/program files (x86)/cypress/psoc creator/4.1/psoc creator/import/gnu/arm/5.4.1/bin/../lib/gcc/arm-none-eabi/5.4.1/armv6-m/crtbegin.o

.eh_frame_hdr
 *(.eh_frame_hdr)

.eh_frame       0x00027248        0x4
 *(.eh_frame)
 .eh_frame      0x00027248        0x0 c:/program files (x86)/cypress/psoc creator/4.1/psoc creator/import/gnu/arm/5.4.1/bin/../lib/gcc/arm-none-eabi/5.4.1/armv6-m/crtbegin.o
 .eh_frame      0x00027248        0x4 c:/program files (x86)/cypress/psoc creator/4.1/psoc creator/import/gnu/arm/5.4.1/bin/../lib/gcc/arm-none-eabi/5.4.1/armv6-m/crtend.o
                [!provide]                PROVIDE (__exidx_start, .)

.ARM.exidx      0x0002724c        0x8
 *(.ARM.exidx* .gnu.linkonce.armexidx.*)
 .ARM.exidx     0x0002724c        0x8 c:/program files (x86)/cypress/psoc creator/4.1/psoc creator/import/gnu/arm/5.4.1/bin/../lib/gcc/arm-none-eabi/5.4.1/armv6-m\libgcc.a(_udivmoddi4.o)
                0x00027254                __exidx_end = .
